Archive member included to satisfy reference by file (symbol)

D:/APP/ST/STM32CubeIDE_1.16.0/STM32CubeIDE/plugins/com.st.stm32cube.ide.mcu.externaltools.gnu-tools-for-stm32.12.3.rel1.win32_1.0.200.202406191623/tools/bin/../lib/gcc/arm-none-eabi/12.3.1/../../../../arm-none-eabi/lib/thumb/v7-m/nofp\libc_nano.a(libc_a-exit.o)
                              D:/APP/ST/STM32CubeIDE_1.16.0/STM32CubeIDE/plugins/com.st.stm32cube.ide.mcu.externaltools.gnu-tools-for-stm32.12.3.rel1.win32_1.0.200.202406191623/tools/bin/../lib/gcc/arm-none-eabi/12.3.1/../../../../arm-none-eabi/lib/thumb/v7-m/nofp/crt0.o (exit)
D:/APP/ST/STM32CubeIDE_1.16.0/STM32CubeIDE/plugins/com.st.stm32cube.ide.mcu.externaltools.gnu-tools-for-stm32.12.3.rel1.win32_1.0.200.202406191623/tools/bin/../lib/gcc/arm-none-eabi/12.3.1/../../../../arm-none-eabi/lib/thumb/v7-m/nofp\libc_nano.a(libc_a-findfp.o)
                              D:/APP/ST/STM32CubeIDE_1.16.0/STM32CubeIDE/plugins/com.st.stm32cube.ide.mcu.externaltools.gnu-tools-for-stm32.12.3.rel1.win32_1.0.200.202406191623/tools/bin/../lib/gcc/arm-none-eabi/12.3.1/../../../../arm-none-eabi/lib/thumb/v7-m/nofp\libc_nano.a(libc_a-exit.o) (__stdio_exit_handler)
D:/APP/ST/STM32CubeIDE_1.16.0/STM32CubeIDE/plugins/com.st.stm32cube.ide.mcu.externaltools.gnu-tools-for-stm32.12.3.rel1.win32_1.0.200.202406191623/tools/bin/../lib/gcc/arm-none-eabi/12.3.1/../../../../arm-none-eabi/lib/thumb/v7-m/nofp\libc_nano.a(libc_a-fwalk.o)
                              D:/APP/ST/STM32CubeIDE_1.16.0/STM32CubeIDE/plugins/com.st.stm32cube.ide.mcu.externaltools.gnu-tools-for-stm32.12.3.rel1.win32_1.0.200.202406191623/tools/bin/../lib/gcc/arm-none-eabi/12.3.1/../../../../arm-none-eabi/lib/thumb/v7-m/nofp\libc_nano.a(libc_a-findfp.o) (_fwalk_sglue)
D:/APP/ST/STM32CubeIDE_1.16.0/STM32CubeIDE/plugins/com.st.stm32cube.ide.mcu.externaltools.gnu-tools-for-stm32.12.3.rel1.win32_1.0.200.202406191623/tools/bin/../lib/gcc/arm-none-eabi/12.3.1/../../../../arm-none-eabi/lib/thumb/v7-m/nofp\libc_nano.a(libc_a-stdio.o)
                              D:/APP/ST/STM32CubeIDE_1.16.0/STM32CubeIDE/plugins/com.st.stm32cube.ide.mcu.externaltools.gnu-tools-for-stm32.12.3.rel1.win32_1.0.200.202406191623/tools/bin/../lib/gcc/arm-none-eabi/12.3.1/../../../../arm-none-eabi/lib/thumb/v7-m/nofp\libc_nano.a(libc_a-findfp.o) (__sread)
D:/APP/ST/STM32CubeIDE_1.16.0/STM32CubeIDE/plugins/com.st.stm32cube.ide.mcu.externaltools.gnu-tools-for-stm32.12.3.rel1.win32_1.0.200.202406191623/tools/bin/../lib/gcc/arm-none-eabi/12.3.1/../../../../arm-none-eabi/lib/thumb/v7-m/nofp\libc_nano.a(libc_a-memset.o)
                              D:/APP/ST/STM32CubeIDE_1.16.0/STM32CubeIDE/plugins/com.st.stm32cube.ide.mcu.externaltools.gnu-tools-for-stm32.12.3.rel1.win32_1.0.200.202406191623/tools/bin/../lib/gcc/arm-none-eabi/12.3.1/../../../../arm-none-eabi/lib/thumb/v7-m/nofp/crt0.o (memset)
D:/APP/ST/STM32CubeIDE_1.16.0/STM32CubeIDE/plugins/com.st.stm32cube.ide.mcu.externaltools.gnu-tools-for-stm32.12.3.rel1.win32_1.0.200.202406191623/tools/bin/../lib/gcc/arm-none-eabi/12.3.1/../../../../arm-none-eabi/lib/thumb/v7-m/nofp\libc_nano.a(libc_a-closer.o)
                              D:/APP/ST/STM32CubeIDE_1.16.0/STM32CubeIDE/plugins/com.st.stm32cube.ide.mcu.externaltools.gnu-tools-for-stm32.12.3.rel1.win32_1.0.200.202406191623/tools/bin/../lib/gcc/arm-none-eabi/12.3.1/../../../../arm-none-eabi/lib/thumb/v7-m/nofp\libc_nano.a(libc_a-stdio.o) (_close_r)
D:/APP/ST/STM32CubeIDE_1.16.0/STM32CubeIDE/plugins/com.st.stm32cube.ide.mcu.externaltools.gnu-tools-for-stm32.12.3.rel1.win32_1.0.200.202406191623/tools/bin/../lib/gcc/arm-none-eabi/12.3.1/../../../../arm-none-eabi/lib/thumb/v7-m/nofp\libc_nano.a(libc_a-reent.o)
                              D:/APP/ST/STM32CubeIDE_1.16.0/STM32CubeIDE/plugins/com.st.stm32cube.ide.mcu.externaltools.gnu-tools-for-stm32.12.3.rel1.win32_1.0.200.202406191623/tools/bin/../lib/gcc/arm-none-eabi/12.3.1/../../../../arm-none-eabi/lib/thumb/v7-m/nofp\libc_nano.a(libc_a-closer.o) (errno)
D:/APP/ST/STM32CubeIDE_1.16.0/STM32CubeIDE/plugins/com.st.stm32cube.ide.mcu.externaltools.gnu-tools-for-stm32.12.3.rel1.win32_1.0.200.202406191623/tools/bin/../lib/gcc/arm-none-eabi/12.3.1/../../../../arm-none-eabi/lib/thumb/v7-m/nofp\libc_nano.a(libc_a-impure.o)
                              D:/APP/ST/STM32CubeIDE_1.16.0/STM32CubeIDE/plugins/com.st.stm32cube.ide.mcu.externaltools.gnu-tools-for-stm32.12.3.rel1.win32_1.0.200.202406191623/tools/bin/../lib/gcc/arm-none-eabi/12.3.1/../../../../arm-none-eabi/lib/thumb/v7-m/nofp\libc_nano.a(libc_a-reent.o) (_impure_ptr)
D:/APP/ST/STM32CubeIDE_1.16.0/STM32CubeIDE/plugins/com.st.stm32cube.ide.mcu.externaltools.gnu-tools-for-stm32.12.3.rel1.win32_1.0.200.202406191623/tools/bin/../lib/gcc/arm-none-eabi/12.3.1/../../../../arm-none-eabi/lib/thumb/v7-m/nofp\libc_nano.a(libc_a-lseekr.o)
[...]
Memory Configuration

Name             Origin             Length             Attributes
RAM              0x20000000         0x00005000         xrw
FLASH            0x08000000         0x00010000         xr
*default*        0x00000000         0xffffffff

Linker script and memory map

LOAD D:/APP/ST/STM32CubeIDE_1.16.0/STM32CubeIDE/plugins/com.st.stm32cube.ide.mcu.externaltools.gnu-tools-for-stm32.12.3.rel1.win32_1.0.200.202406191623/tools/bin/../lib/gcc/arm-none-eabi/12.3.1/thumb/v7-m/nofp/crti.o
LOAD D:/APP/ST/STM32CubeIDE_1.16.0/STM32CubeIDE/plugins/com.st.stm32cube.ide.mcu.externaltools.gnu-tools-for-stm32.12.3.rel1.win32_1.0.200.202406191623/tools/bin/../lib/gcc/arm-none-eabi/12.3.1/thumb/v7-m/nofp/crtbegin.o
LOAD D:/APP/ST/STM32CubeIDE_1.16.0/STM32CubeIDE/plugins/com.st.stm32cube.ide.mcu.externaltools.gnu-tools-for-stm32.12.3.rel1.win32_1.0.200.202406191623/tools/bin/../lib/gcc/arm-none-eabi/12.3.1/../../../../arm-none-eabi/lib/thumb/v7-m/nofp/crt0.o
LOAD ./Core/Src/drive_time.o
LOAD ./Core/Src/drv_adc.o
LOAD ./Core/Src/drv_gpio.o
LOAD ./Core/Src/main.o
LOAD ./Core/Src/mgr.o
LOAD ./Core/Src/stm32f1xx_hal_msp.o
LOAD ./Core/Src/stm32f1xx_it.o
LOAD ./Core/Src/syscalls.o
LOAD ./Core/Src/sysmem.o
LOAD ./Core/Src/system_stm32f1xx.o
LOAD ./Core/Src/uart_drv.o
LOAD ./Core/Startup/startup_stm32f103c8tx.o
LOAD ./Drivers/STM32F1xx_HAL_Driver/Src/stm32f1xx_hal.o
LOAD ./Drivers/STM32F1xx_HAL_Driver/Src/stm32f1xx_hal_adc.o
LOAD ./Drivers/STM32F1xx_HAL_Driver/Src/stm32f1xx_hal_adc_ex.o
LOAD ./Drivers/STM32F1xx_HAL_Driver/Src/stm32f1xx_hal_cortex.o
LOAD ./Drivers/STM32F1xx_HAL_Driver/Src/stm32f1xx_hal_dma.o
LOAD ./Drivers/STM32F1xx_HAL_Driver/Src/stm32f1xx_hal_exti.o
LOAD ./Drivers/STM32F1xx_HAL_Driver/Src/stm32f1xx_hal_flash.o
LOAD ./Drivers/STM32F1xx_HAL_Driver/Src/stm32f1xx_hal_flash_ex.o
LOAD ./Drivers/STM32F1xx_HAL_Driver/Src/stm32f1xx_hal_gpio.o
LOAD ./Drivers/STM32F1xx_HAL_Driver/Src/stm32f1xx_hal_gpio_ex.o
LOAD ./Drivers/STM32F1xx_HAL_Driver/Src/stm32f1xx_hal_i2c.o
LOAD ./Drivers/STM32F1xx_HAL_Driver/Src/stm32f1xx_hal_pwr.o
LOAD ./Drivers/STM32F1xx_HAL_Driver/Src/stm32f1xx_hal_rcc.o
LOAD ./Drivers/STM32F1xx_HAL_Driver/Src/stm32f1xx_hal_rcc_ex.o
LOAD ./Drivers/STM32F1xx_HAL_Driver/Src/stm32f1xx_hal_tim.o
LOAD ./Drivers/STM32F1xx_HAL_Driver/Src/stm32f1xx_hal_tim_ex.o
LOAD ./Drivers/STM32F1xx_HAL_Driver/Src/stm32f1xx_hal_uart.o
START GROUP
LOAD D:/APP/ST/STM32CubeIDE_1.16.0/STM32CubeIDE/plugins/com.st.stm32cube.ide.mcu.externaltools.gnu-tools-for-stm32.12.3.rel1.win32_1.0.200.202406191623/tools/bin/../lib/gcc/arm-none-eabi/12.3.1/../../../../arm-none-eabi/lib/thumb/v7-m/nofp\libc_nano.a
LOAD D:/APP/ST/STM32CubeIDE_1.16.0/STM32CubeIDE/plugins/com.st.stm32cube.ide.mcu.externaltools.gnu-tools-for-stm32.12.3.rel1.win32_1.0.200.202406191623/tools/bin/../lib/gcc/arm-none-eabi/12.3.1/../../../../arm-none-eabi/lib/thumb/v7-m/nofp\libm.a
END GROUP
START GROUP
LOAD D:/APP/ST/STM32CubeIDE_1.16.0/STM32CubeIDE/plugins/com.st.stm32cube.ide.mcu.externaltools.gnu-tools-for-stm32.12.3.rel1.win32_1.0.200.202406191623/tools/bin/../lib/gcc/arm-none-eabi/12.3.1/thumb/v7-m/nofp\libgcc.a
LOAD D:/APP/ST/STM32CubeIDE_1.16.0/STM32CubeIDE/plugins/com.st.stm32cube.ide.mcu.externaltools.gnu-tools-for-stm32.12.3.rel1.win32_1.0.200.202406191623/tools/bin/../lib/gcc/arm-none-eabi/12.3.1/../../../../arm-none-eabi/lib/thumb/v7-m/nofp\libc_nano.a
END GROUP
START GROUP
LOAD D:/APP/ST/STM32CubeIDE_1.16.0/STM32CubeIDE/plugins/com.st.stm32cube.ide.mcu.externaltools.gnu-tools-for-stm32.12.3.rel1.win32_1.0.200.202406191623/tools/bin/../lib/gcc/arm-none-eabi/12.3.1/thumb/v7-m/nofp\libgcc.a
LOAD D:/APP/ST/STM32CubeIDE_1.16.0/STM32CubeIDE/plugins/com.st.stm32cube.ide.mcu.externaltools.gnu-tools-for-stm32.12.3.rel1.win32_1.0.200.202406191623/tools/bin/../lib/gcc/arm-none-eabi/12.3.1/../../../../arm-none-eabi/lib/thumb/v7-m/nofp\libc_nano.a
LOAD D:/APP/ST/STM32CubeIDE_1.16.0/STM32CubeIDE/plugins/com.st.stm32cube.ide.mcu.externaltools.gnu-tools-for-stm32.12.3.rel1.win32_1.0.200.202406191623/tools/bin/../lib/gcc/arm-none-eabi/12.3.1/../../../../arm-none-eabi/lib/thumb/v7-m/nofp\libnosys.a
END GROUP
START GROUP
LOAD D:/APP/ST/STM32CubeIDE_1.16.0/STM32CubeIDE/plugins/com.st.stm32cube.ide.mcu.externaltools.gnu-tools-for-stm32.12.3.rel1.win32_1.0.200.202406191623/tools/bin/../lib/gcc/arm-none-eabi/12.3.1/thumb/v7-m/nofp\libgcc.a
LOAD D:/APP/ST/STM32CubeIDE_1.16.0/STM32CubeIDE/plugins/com.st.stm32cube.ide.mcu.externaltools.gnu-tools-for-stm32.12.3.rel1.win32_1.0.200.202406191623/tools/bin/../lib/gcc/arm-none-eabi/12.3.1/../../../../arm-none-eabi/lib/thumb/v7-m/nofp\libc_nano.a
LOAD D:/APP/ST/STM32CubeIDE_1.16.0/STM32CubeIDE/plugins/com.st.stm32cube.ide.mcu.externaltools.gnu-tools-for-stm32.12.3.rel1.win32_1.0.200.202406191623/tools/bin/../lib/gcc/arm-none-eabi/12.3.1/../../../../arm-none-eabi/lib/thumb/v7-m/nofp\libnosys.a
END GROUP
LOAD D:/APP/ST/STM32CubeIDE_1.16.0/STM32CubeIDE/plugins/com.st.stm32cube.ide.mcu.externaltools.gnu-tools-for-stm32.12.3.rel1.win32_1.0.200.202406191623/tools/bin/../lib/gcc/arm-none-eabi/12.3.1/thumb/v7-m/nofp/crtend.o
LOAD D:/APP/ST/STM32CubeIDE_1.16.0/STM32CubeIDE/plugins/com.st.stm32cube.ide.mcu.externaltools.gnu-tools-for-stm32.12.3.rel1.win32_1.0.200.202406191623/tools/bin/../lib/gcc/arm-none-eabi/12.3.1/thumb/v7-m/nofp/crtn.o
                0x20005000                        _estack = (ORIGIN (RAM) + LENGTH (RAM))
                0x00000200                        _Min_Heap_Size = 0x200
                0x00000400                        _Min_Stack_Size = 0x400

.isr_vector     0x08000000      0x10c
                0x08000000                        . = ALIGN (0x4)
 *(.isr_vector)
 .isr_vector    0x08000000      0x10c ./Core/Startup/startup_stm32f103c8tx.o
                0x08000000                g_pfnVectors
                0x0800010c                        . = ALIGN (0x4)

.text           0x0800010c     0x3c0c
                0x0800010c                        . = ALIGN (0x4)
 *(.text)
 .text          0x0800010c       0x40 D:/APP/ST/STM32CubeIDE_1.16.0/STM32CubeIDE/plugins/com.st.stm32cube.ide.mcu.externaltools.gnu-tools-for-stm32.12.3.rel1.win32_1.0.200.202406191623/tools/bin/../lib/gcc/arm-none-eabi/12.3.1/thumb/v7-m/nofp/crtbegin.o
 *(.text*)
 .text.__NVIC_EnableIRQ
                0x0800014c       0x38 ./Core/Src/drive_time.o
 .text.Timer2_Init
                0x08000184       0x58 ./Core/Src/drive_time.o
                0x08000184                Timer2_Init
 .text.TIM2_IRQHandler
                0x080001dc       0xb0 ./Core/Src/drive_time.o
                0x080001dc                TIM2_IRQHandler
 .text.reset_timer
                0x0800028c       0x68 ./Core/Src/drive_time.o
                0x0800028c                reset_timer
 .text.Delay_SetTimer
                0x080002f4       0x6c ./Core/Src/drive_time.o
                0x080002f4                Delay_SetTimer
 .text.Delay_GetTimer
                0x08000360       0x70 ./Core/Src/drive_time.o
                0x08000360                Delay_GetTimer
 .text.ADC_Init_main
                0x080003d0       0x1c ./Core/Src/drv_adc.o
                0x080003d0                ADC_Init_main
 .text.ADC_run  0x080003ec       0xb4 ./Core/Src/drv_adc.o
                0x080003ec                ADC_run
 .text.Adc_getvalue
                0x080004a0       0x20 ./Core/Src/drv_adc.o
                0x080004a0                Adc_getvalue
 .text.ADC1_Calibration
                0x080004c0       0x54 ./Core/Src/drv_adc.o
                0x080004c0                ADC1_Calibration
 .text.Gpio_read_input
                0x08000514       0x7c ./Core/Src/drv_gpio.o
                0x08000514                Gpio_read_input
 .text.Task_Gpio_input
                0x08000590       0xac ./Core/Src/drv_gpio.o
                0x08000590                Task_Gpio_input
 .text.Get_State_Sensor
                0x0800063c       0x20 ./Core/Src/drv_gpio.o
                0x0800063c                Get_State_Sensor
 .text.main     0x0800065c       0x70 ./Core/Src/main.o
                0x0800065c                main
 .text.SystemClock_Config
                0x080006cc       0xb4 ./Core/Src/main.o
                0x080006cc                SystemClock_Config
 .text.MX_ADC1_Init
                0x08000780       0xd4 ./Core/Src/main.o
 .text.MX_I2C1_Init
                0x08000854       0x5c ./Core/Src/main.o
 .text.MX_USART1_UART_Init
                0x080008b0       0x54 ./Core/Src/main.o
 .text.MX_USART3_UART_Init
                0x08000904       0x54 ./Core/Src/main.o
 .text.MX_DMA_Init
                0x08000958       0x3c ./Core/Src/main.o
 .text.MX_GPIO_Init
                0x08000994      0x110 ./Core/Src/main.o
 .text.Error_Handler
                0x08000aa4        0xc ./Core/Src/main.o
                0x08000aa4                Error_Handler
 .text.Task_Ir_Run
                0x08000ab0       0xa4 ./Core/Src/mgr.o
                0x08000ab0                Task_Ir_Run
 .text.HAL_MspInit
                0x08000b54       0x64 ./Core/Src/stm32f1xx_hal_msp.o
                0x08000b54                HAL_MspInit
 .text.HAL_ADC_MspInit
                0x08000bb8       0xd0 ./Core/Src/stm32f1xx_hal_msp.o
                0x08000bb8                HAL_ADC_MspInit
 .text.HAL_I2C_MspInit
                0x08000c88       0x7c ./Core/Src/stm32f1xx_hal_msp.o
                0x08000c88                HAL_I2C_MspInit
 .text.HAL_UART_MspInit
                0x08000d04      0x120 ./Core/Src/stm32f1xx_hal_msp.o
                0x08000d04                HAL_UART_MspInit
 .text.NMI_Handler
                0x08000e24        0x8 ./Core/Src/stm32f1xx_it.o
                0x08000e24                NMI_Handler
 .text.HardFault_Handler
                0x08000e2c        0x8 ./Core/Src/stm32f1xx_it.o
                0x08000e2c                HardFault_Handler
 .text.MemManage_Handler
                0x08000e34        0x8 ./Core/Src/stm32f1xx_it.o
                0x08000e34                MemManage_Handler
 .text.BusFault_Handler
                0x08000e3c        0x8 ./Core/Src/stm32f1xx_it.o
                0x08000e3c                BusFault_Handler
 .text.UsageFault_Handler
                0x08000e44        0x8 ./Core/Src/stm32f1xx_it.o
                0x08000e44                UsageFault_Handler
 .text.SVC_Handler
                0x08000e4c        0xc ./Core/Src/stm32f1xx_it.o
                0x08000e4c                SVC_Handler
 .text.DebugMon_Handler
                0x08000e58        0xc ./Core/Src/stm32f1xx_it.o
                0x08000e58                DebugMon_Handler
 .text.PendSV_Handler
                0x08000e64        0xc ./Core/Src/stm32f1xx_it.o
                0x08000e64                PendSV_Handler
 .text.SysTick_Handler
                0x08000e70        0xc ./Core/Src/stm32f1xx_it.o
                0x08000e70                SysTick_Handler
 .text.DMA1_Channel1_IRQHandler
                0x08000e7c       0x18 ./Core/Src/stm32f1xx_it.o
                0x08000e7c                DMA1_Channel1_IRQHandler
 .text.USART3_IRQHandler
                0x08000e94       0x14 ./Core/Src/stm32f1xx_it.o
                0x08000e94                USART3_IRQHandler
 .text.SystemInit
                0x08000ea8        0xc ./Core/Src/system_stm32f1xx.o
                0x08000ea8                SystemInit
 .text.itoacode
                0x08000eb4       0xfe ./Core/Src/uart_drv.o
                0x08000eb4                itoacode
 .text.reset_buffer
                0x08000fb2       0x36 ./Core/Src/uart_drv.o
                0x08000fb2                reset_buffer
 .text.Task_uart
                0x08000fe8      0x110 ./Core/Src/uart_drv.o
                0x08000fe8                Task_uart
 .text.Reset_Handler
                0x080010f8       0x48 ./Core/Startup/startup_stm32f103c8tx.o
                0x080010f8                Reset_Handler
 .text.Default_Handler
                0x08001140        0x2 ./Core/Startup/startup_stm32f103c8tx.o
                0x08001140                RTC_Alarm_IRQHandler
                0x08001140                EXTI2_IRQHandler
                0x08001140                TIM1_CC_IRQHandler
                0x08001140                PVD_IRQHandler
                0x08001140                EXTI3_IRQHandler
                0x08001140                EXTI0_IRQHandler
                0x08001140                I2C2_EV_IRQHandler
                0x08001140                ADC1_2_IRQHandler
                0x08001140                SPI1_IRQHandler
                0x08001140                TAMPER_IRQHandler
                0x08001140                DMA1_Channel4_IRQHandler
                0x08001140                RTC_IRQHandler
                0x08001140                DMA1_Channel7_IRQHandler
                0x08001140                CAN1_RX1_IRQHandler
                0x08001140                TIM4_IRQHandler
                0x08001140                I2C1_EV_IRQHandler
                0x08001140                DMA1_Channel6_IRQHandler
                0x08001140                TIM3_IRQHandler
                0x08001140                RCC_IRQHandler
                0x08001140                TIM1_TRG_COM_IRQHandler
                0x08001140                Default_Handler
                0x08001140                EXTI15_10_IRQHandler
                0x08001140                EXTI9_5_IRQHandler
                0x08001140                SPI2_IRQHandler
                0x08001140                DMA1_Channel5_IRQHandler
                0x08001140                EXTI4_IRQHandler
                0x08001140                USB_LP_CAN1_RX0_IRQHandler
                0x08001140                USB_HP_CAN1_TX_IRQHandler
                0x08001140                DMA1_Channel3_IRQHandler
                0x08001140                TIM1_UP_IRQHandler
                0x08001140                WWDG_IRQHandler
                0x08001140                TIM1_BRK_IRQHandler
                0x08001140                EXTI1_IRQHandler
                0x08001140                USART2_IRQHandler
                0x08001140                I2C2_ER_IRQHandler
                0x08001140                DMA1_Channel2_IRQHandler
                0x08001140                CAN1_SCE_IRQHandler
                0x08001140                FLASH_IRQHandler
                0x08001140                USART1_IRQHandler
                0x08001140                I2C1_ER_IRQHandler
                0x08001140                USBWakeUp_IRQHandler
 *fill*         0x08001142        0x2 
 .text.HAL_Init
                0x08001144       0x2c ./Drivers/STM32F1xx_HAL_Driver/Src/stm32f1xx_hal.o
                0x08001144                HAL_Init
 .text.HAL_InitTick
                0x08001170       0x60 ./Drivers/STM32F1xx_HAL_Driver/Src/stm32f1xx_hal.o
                0x08001170                HAL_InitTick
 .text.HAL_IncTick
                0x080011d0       0x24 ./Drivers/STM32F1xx_HAL_Driver/Src/stm32f1xx_hal.o
                0x080011d0                HAL_IncTick
 .text.HAL_GetTick
                0x080011f4       0x14 ./Drivers/STM32F1xx_HAL_Driver/Src/stm32f1xx_hal.o
                0x080011f4                HAL_GetTick
 .text.HAL_ADC_Init
                0x08001208      0x1b0 ./Drivers/STM32F1xx_HAL_Driver/Src/stm32f1xx_hal_adc.o
                0x08001208                HAL_ADC_Init
 .text.HAL_ADC_Start_DMA
                0x080013b8      0x1bc ./Drivers/STM32F1xx_HAL_Driver/Src/stm32f1xx_hal_adc.o
                0x080013b8                HAL_ADC_Start_DMA
 .text.HAL_ADC_ConvCpltCallback
                0x08001574       0x12 ./Drivers/STM32F1xx_HAL_Driver/Src/stm32f1xx_hal_adc.o
                0x08001574                HAL_ADC_ConvCpltCallback
 .text.HAL_ADC_ConvHalfCpltCallback
                0x08001586       0x12 ./Drivers/STM32F1xx_HAL_Driver/Src/stm32f1xx_hal_adc.o
                0x08001586                HAL_ADC_ConvHalfCpltCallback
 .text.HAL_ADC_ErrorCallback
                0x08001598       0x12 ./Drivers/STM32F1xx_HAL_Driver/Src/stm32f1xx_hal_adc.o
                0x08001598                HAL_ADC_ErrorCallback
 *fill*         0x080015aa        0x2 
 .text.HAL_ADC_ConfigChannel
                0x080015ac      0x1f0 ./Drivers/STM32F1xx_HAL_Driver/Src/stm32f1xx_hal_adc.o
                0x080015ac                HAL_ADC_ConfigChannel
 .text.ADC_Enable
                0x0800179c       0xb4 ./Drivers/STM32F1xx_HAL_Driver/Src/stm32f1xx_hal_adc.o
                0x0800179c                ADC_Enable
 .text.ADC_ConversionStop_Disable
                0x08001850       0x82 ./Drivers/STM32F1xx_HAL_Driver/Src/stm32f1xx_hal_adc.o
                0x08001850                ADC_ConversionStop_Disable
 .text.ADC_DMAConvCplt
                0x080018d2       0x7c ./Drivers/STM32F1xx_HAL_Driver/Src/stm32f1xx_hal_adc.o
                0x080018d2                ADC_DMAConvCplt
 .text.ADC_DMAHalfConvCplt
                0x0800194e       0x1c ./Drivers/STM32F1xx_HAL_Driver/Src/stm32f1xx_hal_adc.o
                0x0800194e                ADC_DMAHalfConvCplt
 .text.ADC_DMAError
                0x0800196a       0x34 ./Drivers/STM32F1xx_HAL_Driver/Src/stm32f1xx_hal_adc.o
                0x0800196a                ADC_DMAError
 *fill*         0x0800199e        0x2 
 .text.__NVIC_SetPriorityGrouping
                0x080019a0       0x48 ./Drivers/STM32F1xx_HAL_Driver/Src/stm32f1xx_hal_cortex.o
 .text.__NVIC_GetPriorityGrouping
                0x080019e8       0x1c ./Drivers/STM32F1xx_HAL_Driver/Src/stm32f1xx_hal_cortex.o
 .text.__NVIC_EnableIRQ
                0x08001a04       0x38 ./Drivers/STM32F1xx_HAL_Driver/Src/stm32f1xx_hal_cortex.o
 .text.__NVIC_SetPriority
                0x08001a3c       0x54 ./Drivers/STM32F1xx_HAL_Driver/Src/stm32f1xx_hal_cortex.o
 .text.NVIC_EncodePriority
                0x08001a90       0x64 ./Drivers/STM32F1xx_HAL_Driver/Src/stm32f1xx_hal_cortex.o
 .text.SysTick_Config
                0x08001af4       0x44 ./Drivers/STM32F1xx_HAL_Driver/Src/stm32f1xx_hal_cortex.o
 .text.HAL_NVIC_SetPriorityGrouping
                0x08001b38       0x16 ./Drivers/STM32F1xx_HAL_Driver/Src/stm32f1xx_hal_cortex.o
                0x08001b38                HAL_NVIC_SetPriorityGrouping
 .text.HAL_NVIC_SetPriority
                0x08001b4e       0x38 ./Drivers/STM32F1xx_HAL_Driver/Src/stm32f1xx_hal_cortex.o
                0x08001b4e                HAL_NVIC_SetPriority
 .text.HAL_NVIC_EnableIRQ
                0x08001b86       0x1c ./Drivers/STM32F1xx_HAL_Driver/Src/stm32f1xx_hal_cortex.o
                0x08001b86                HAL_NVIC_EnableIRQ
 .text.HAL_SYSTICK_Config
                0x08001ba2       0x18 ./Drivers/STM32F1xx_HAL_Driver/Src/stm32f1xx_hal_cortex.o
                0x08001ba2                HAL_SYSTICK_Config
 *fill*         0x08001bba        0x2 
 .text.HAL_DMA_Init
                0x08001bbc       0xb4 ./Drivers/STM32F1xx_HAL_Driver/Src/stm32f1xx_hal_dma.o
                0x08001bbc                HAL_DMA_Init
 .text.HAL_DMA_Start_IT
                0x08001c70       0xc0 ./Drivers/STM32F1xx_HAL_Driver/Src/stm32f1xx_hal_dma.o
                0x08001c70                HAL_DMA_Start_IT
 .text.HAL_DMA_Abort
                0x08001d30       0x76 ./Drivers/STM32F1xx_HAL_Driver/Src/stm32f1xx_hal_dma.o
                0x08001d30                HAL_DMA_Abort
 *fill*         0x08001da6        0x2 
 .text.HAL_DMA_Abort_IT
                0x08001da8       0xf0 ./Drivers/STM32F1xx_HAL_Driver/Src/stm32f1xx_hal_dma.o
                0x08001da8                HAL_DMA_Abort_IT
 .text.HAL_DMA_IRQHandler
                0x08001e98      0x20c ./Drivers/STM32F1xx_HAL_Driver/Src/stm32f1xx_hal_dma.o
                0x08001e98                HAL_DMA_IRQHandler
 .text.DMA_SetConfig
                0x080020a4       0x5a ./Drivers/STM32F1xx_HAL_Driver/Src/stm32f1xx_hal_dma.o
 *fill*         0x080020fe        0x2 
 .text.HAL_GPIO_Init
                0x08002100      0x308 ./Drivers/STM32F1xx_HAL_Driver/Src/stm32f1xx_hal_gpio.o
                0x08002100                HAL_GPIO_Init
 .text.HAL_GPIO_ReadPin
                0x08002408       0x2e ./Drivers/STM32F1xx_HAL_Driver/Src/stm32f1xx_hal_gpio.o
                0x08002408                HAL_GPIO_ReadPin
 .text.HAL_GPIO_WritePin
                0x08002436       0x30 ./Drivers/STM32F1xx_HAL_Driver/Src/stm32f1xx_hal_gpio.o
                0x08002436                HAL_GPIO_WritePin
 *fill*         0x08002466        0x2 
 .text.HAL_I2C_Init
                0x08002468      0x288 ./Drivers/STM32F1xx_HAL_Driver/Src/stm32f1xx_hal_i2c.o
                0x08002468                HAL_I2C_Init
 .text.HAL_RCC_OscConfig
                0x080026f0      0x504 ./Drivers/STM32F1xx_HAL_Driver/Src/stm32f1xx_hal_rcc.o
                0x080026f0                HAL_RCC_OscConfig
 .text.HAL_RCC_ClockConfig
                0x08002bf4      0x1d4 ./Drivers/STM32F1xx_HAL_Driver/Src/stm32f1xx_hal_rcc.o
                0x08002bf4                HAL_RCC_ClockConfig
 .text.HAL_RCC_GetSysClockFreq
                0x08002dc8       0xa8 ./Drivers/STM32F1xx_HAL_Driver/Src/stm32f1xx_hal_rcc.o
                0x08002dc8                HAL_RCC_GetSysClockFreq
 .text.HAL_RCC_GetHCLKFreq
                0x08002e70       0x14 ./Drivers/STM32F1xx_HAL_Driver/Src/stm32f1xx_hal_rcc.o
                0x08002e70                HAL_RCC_GetHCLKFreq
 .text.HAL_RCC_GetPCLK1Freq
                0x08002e84       0x28 ./Drivers/STM32F1xx_HAL_Driver/Src/stm32f1xx_hal_rcc.o
                0x08002e84                HAL_RCC_GetPCLK1Freq
 .text.HAL_RCC_GetPCLK2Freq
                0x08002eac       0x28 ./Drivers/STM32F1xx_HAL_Driver/Src/stm32f1xx_hal_rcc.o
                0x08002eac                HAL_RCC_GetPCLK2Freq
 .text.RCC_Delay
                0x08002ed4       0x3c ./Drivers/STM32F1xx_HAL_Driver/Src/stm32f1xx_hal_rcc.o
 .text.HAL_RCCEx_PeriphCLKConfig
                0x08002f10      0x16c ./Drivers/STM32F1xx_HAL_Driver/Src/stm32f1xx_hal_rcc_ex.o
                0x08002f10                HAL_RCCEx_PeriphCLKConfig
 .text.HAL_UART_Init
                0x0800307c       0xa0 ./Drivers/STM32F1xx_HAL_Driver/Src/stm32f1xx_hal_uart.o
                0x0800307c                HAL_UART_Init
 .text.HAL_UART_Transmit
                0x0800311c      0x116 ./Drivers/STM32F1xx_HAL_Driver/Src/stm32f1xx_hal_uart.o
                0x0800311c                HAL_UART_Transmit
 *fill*         0x08003232        0x2 
 .text.HAL_UART_IRQHandler
                0x08003234      0x524 ./Drivers/STM32F1xx_HAL_Driver/Src/stm32f1xx_hal_uart.o
                0x08003234                HAL_UART_IRQHandler
 .text.HAL_UART_TxCpltCallback
                0x08003758       0x12 ./Drivers/STM32F1xx_HAL_Driver/Src/stm32f1xx_hal_uart.o
                0x08003758                HAL_UART_TxCpltCallback
 .text.HAL_UART_RxCpltCallback
                0x0800376a       0x12 ./Drivers/STM32F1xx_HAL_Driver/Src/stm32f1xx_hal_uart.o
                0x0800376a                HAL_UART_RxCpltCallback
 .text.HAL_UART_ErrorCallback
                0x0800377c       0x12 ./Drivers/STM32F1xx_HAL_Driver/Src/stm32f1xx_hal_uart.o
                0x0800377c                HAL_UART_ErrorCallback
 .text.HAL_UARTEx_RxEventCallback
                0x0800378e       0x16 ./Drivers/STM32F1xx_HAL_Driver/Src/stm32f1xx_hal_uart.o
                0x0800378e                HAL_UARTEx_RxEventCallback
 .text.UART_WaitOnFlagUntilTimeout
                0x080037a4       0xb2 ./Drivers/STM32F1xx_HAL_Driver/Src/stm32f1xx_hal_uart.o
 .text.UART_EndRxTransfer
                0x08003856       0xc4 ./Drivers/STM32F1xx_HAL_Driver/Src/stm32f1xx_hal_uart.o
 .text.UART_DMAAbortOnError
                0x0800391a       0x28 ./Drivers/STM32F1xx_HAL_Driver/Src/stm32f1xx_hal_uart.o
 .text.UART_Transmit_IT
                0x08003942       0x9e ./Drivers/STM32F1xx_HAL_Driver/Src/stm32f1xx_hal_uart.o
 .text.UART_EndTransmit_IT
                0x080039e0       0x30 ./Drivers/STM32F1xx_HAL_Driver/Src/stm32f1xx_hal_uart.o
 .text.UART_Receive_IT
                0x08003a10      0x17c ./Drivers/STM32F1xx_HAL_Driver/Src/stm32f1xx_hal_uart.o
 .text.UART_SetConfig
                0x08003b8c      0x11c ./Drivers/STM32F1xx_HAL_Driver/Src/stm32f1xx_hal_uart.o
 .text.memset   0x08003ca8       0x10 D:/APP/ST/STM32CubeIDE_1.16.0/STM32CubeIDE/plugins/com.st.stm32cube.ide.mcu.externaltools.gnu-tools-for-stm32.12.3.rel1.win32_1.0.200.202406191623/tools/bin/../lib/gcc/arm-none-eabi/12.3.1/../../../../arm-none-eabi/lib/thumb/v7-m/nofp\libc_nano.a(libc_a-memset.o)
                0x08003ca8                memset
 .text.__libc_init_array
                0x08003cb8       0x48 D:/APP/ST/STM32CubeIDE_1.16.0/STM32CubeIDE/plugins/com.st.stm32cube.ide.mcu.externaltools.gnu-tools-for-stm32.12.3.rel1.win32_1.0.200.202406191623/tools/bin/../lib/gcc/arm-none-eabi/12.3.1/../../../../arm-none-eabi/lib/thumb/v7-m/nofp\libc_nano.a(libc_a-init.o)
                0x08003cb8                __libc_init_array
 *(.glue_7)
 .glue_7        0x08003d00        0x0 linker stubs
 *(.glue_7t)
 .glue_7t       0x08003d00        0x0 linker stubs
 *(.eh_frame)
 .eh_frame      0x08003d00        0x0 D:/APP/ST/STM32CubeIDE_1.16.0/STM32CubeIDE/plugins/com.st.stm32cube.ide.mcu.externaltools.gnu-tools-for-stm32.12.3.rel1.win32_1.0.200.202406191623/tools/bin/../lib/gcc/arm-none-eabi/12.3.1/thumb/v7-m/nofp/crtbegin.o
 *(.init)
 .init          0x08003d00        0x4 D:/APP/ST/STM32CubeIDE_1.16.0/STM32CubeIDE/plugins/com.st.stm32cube.ide.mcu.externaltools.gnu-tools-for-stm32.12.3.rel1.win32_1.0.200.202406191623/tools/bin/../lib/gcc/arm-none-eabi/12.3.1/thumb/v7-m/nofp/crti.o
                0x08003d00                _init
 .init          0x08003d04        0x8 D:/APP/ST/STM32CubeIDE_1.16.0/STM32CubeIDE/plugins/com.st.stm32cube.ide.mcu.externaltools.gnu-tools-for-stm32.12.3.rel1.win32_1.0.200.202406191623/tools/bin/../lib/gcc/arm-none-eabi/12.3.1/thumb/v7-m/nofp/crtn.o
 *(.fini)
 .fini          0x08003d0c        0x4 D:/APP/ST/STM32CubeIDE_1.16.0/STM32CubeIDE/plugins/com.st.stm32cube.ide.mcu.externaltools.gnu-tools-for-stm32.12.3.rel1.win32_1.0.200.202406191623/tools/bin/../lib/gcc/arm-none-eabi/12.3.1/thumb/v7-m/nofp/crti.o
                0x08003d0c                _fini
 .fini          0x08003d10        0x8 D:/APP/ST/STM32CubeIDE_1.16.0/STM32CubeIDE/plugins/com.st.stm32cube.ide.mcu.externaltools.gnu-tools-for-stm32.12.3.rel1.win32_1.0.200.202406191623/tools/bin/../lib/gcc/arm-none-eabi/12.3.1/thumb/v7-m/nofp/crtn.o
                0x08003d18                        . = ALIGN (0x4)
                0x08003d18                        _etext = .

.vfp11_veneer   0x08003d18        0x0
 .vfp11_veneer  0x08003d18        0x0 linker stubs

.v4_bx          0x08003d18        0x0
 .v4_bx         0x08003d18        0x0 linker stubs

.iplt           0x08003d18        0x0
 .iplt          0x08003d18        0x0 D:/APP/ST/STM32CubeIDE_1.16.0/STM32CubeIDE/plugins/com.st.stm32cube.ide.mcu.externaltools.gnu-tools-for-stm32.12.3.rel1.win32_1.0.200.202406191623/tools/bin/../lib/gcc/arm-none-eabi/12.3.1/thumb/v7-m/nofp/crtbegin.o

.rodata         0x08003d18       0x30
                0x08003d18                        . = ALIGN (0x4)
 *(.rodata)
 .rodata        0x08003d18        0x3 ./Core/Src/uart_drv.o
 *(.rodata*)
 *fill*         0x08003d1b        0x1 
 .rodata.AHBPrescTable
                0x08003d1c       0x10 ./Core/Src/system_stm32f1xx.o
                0x08003d1c                AHBPrescTable
 .rodata.APBPrescTable
                0x08003d2c        0x8 ./Core/Src/system_stm32f1xx.o
                0x08003d2c                APBPrescTable
 .rodata.aPLLMULFactorTable.1
                0x08003d34       0x10 ./Drivers/STM32F1xx_HAL_Driver/Src/stm32f1xx_hal_rcc.o
 .rodata.aPredivFactorTable.0
                0x08003d44        0x2 ./Drivers/STM32F1xx_HAL_Driver/Src/stm32f1xx_hal_rcc.o
                0x08003d48                        . = ALIGN (0x4)
 *fill*         0x08003d46        0x2 

.ARM.extab      0x08003d48        0x0
                0x08003d48                        . = ALIGN (0x4)
 *(.ARM.extab* .gnu.linkonce.armextab.*)
                0x08003d48                        . = ALIGN (0x4)

.ARM            0x08003d48        0x0
                0x08003d48                        . = ALIGN (0x4)
                0x08003d48                        __exidx_start = .
 *(.ARM.exidx*)
                0x08003d48                        __exidx_end = .
                0x08003d48                        . = ALIGN (0x4)

.preinit_array  0x08003d48        0x0
                0x08003d48                        . = ALIGN (0x4)
                0x08003d48                        PROVIDE (__preinit_array_start = .)
 *(.preinit_array*)
                0x08003d48                        PROVIDE (__preinit_array_end = .)
                0x08003d48                        . = ALIGN (0x4)

.init_array     0x08003d48        0x4
                0x08003d48                        . = ALIGN (0x4)
                0x08003d48                        PROVIDE (__init_array_start = .)
 *(SORT_BY_NAME(.init_array.*))
 *(.init_array*)
 .init_array    0x08003d48        0x4 D:/APP/ST/STM32CubeIDE_1.16.0/STM32CubeIDE/plugins/com.st.stm32cube.ide.mcu.externaltools.gnu-tools-for-stm32.12.3.rel1.win32_1.0.200.202406191623/tools/bin/../lib/gcc/arm-none-eabi/12.3.1/thumb/v7-m/nofp/crtbegin.o
                0x08003d4c                        PROVIDE (__init_array_end = .)
                0x08003d4c                        . = ALIGN (0x4)

.fini_array     0x08003d4c        0x4
                0x08003d4c                        . = ALIGN (0x4)
                [!provide]                        PROVIDE (__fini_array_start = .)
 *(SORT_BY_NAME(.fini_array.*))
 *(.fini_array*)
 .fini_array    0x08003d4c        0x4 D:/APP/ST/STM32CubeIDE_1.16.0/STM32CubeIDE/plugins/com.st.stm32cube.ide.mcu.externaltools.gnu-tools-for-stm32.12.3.rel1.win32_1.0.200.202406191623/tools/bin/../lib/gcc/arm-none-eabi/12.3.1/thumb/v7-m/nofp/crtbegin.o
                [!provide]                        PROVIDE (__fini_array_end = .)
                0x08003d50                        . = ALIGN (0x4)
                0x08003d50                        _sidata = LOADADDR (.data)

.rel.dyn        0x08003d50        0x0
 .rel.iplt      0x08003d50        0x0 D:/APP/ST/STM32CubeIDE_1.16.0/STM32CubeIDE/plugins/com.st.stm32cube.ide.mcu.externaltools.gnu-tools-for-stm32.12.3.rel1.win32_1.0.200.202406191623/tools/bin/../lib/gcc/arm-none-eabi/12.3.1/thumb/v7-m/nofp/crtbegin.o

.data           0x20000000       0x20 load address 0x08003d50
                0x20000000                        . = ALIGN (0x4)
                0x20000000                        _sdata = .
 *(.data)
 *(.data*)
 .data.SystemCoreClock
                0x20000000        0x4 ./Core/Src/system_stm32f1xx.o
                0x20000000                SystemCoreClock
 .data.datatx   0x20000004       0x11 ./Core/Src/uart_drv.o
                0x20000004                datatx
 *fill*         0x20000015        0x3 
 .data.uwTickPrio
                0x20000018        0x4 ./Drivers/STM32F1xx_HAL_Driver/Src/stm32f1xx_hal.o
                0x20000018                uwTickPrio
 .data.uwTickFreq
                0x2000001c        0x1 ./Drivers/STM32F1xx_HAL_Driver/Src/stm32f1xx_hal.o
                0x2000001c                uwTickFreq
 *(.RamFunc)
 *(.RamFunc*)
                0x20000020                        . = ALIGN (0x4)
 *fill*         0x2000001d        0x3 
                0x20000020                        _edata = .

.igot.plt       0x20000020        0x0 load address 0x08003d70
 .igot.plt      0x20000020        0x0 D:/APP/ST/STM32CubeIDE_1.16.0/STM32CubeIDE/plugins/com.st.stm32cube.ide.mcu.externaltools.gnu-tools-for-stm32.12.3.rel1.win32_1.0.200.202406191623/tools/bin/../lib/gcc/arm-none-eabi/12.3.1/thumb/v7-m/nofp/crtbegin.o
                0x20000020                        . = ALIGN (0x4)

.bss            0x20000020      0x208 load address 0x08003d70
                0x20000020                        _sbss = .
                0x20000020                        __bss_start__ = _sbss
 *(.bss)
 .bss           0x20000020       0x1c D:/APP/ST/STM32CubeIDE_1.16.0/STM32CubeIDE/plugins/com.st.stm32cube.ide.mcu.externaltools.gnu-tools-for-stm32.12.3.rel1.win32_1.0.200.202406191623/tools/bin/../lib/gcc/arm-none-eabi/12.3.1/thumb/v7-m/nofp/crtbegin.o
 *(.bss*)
 .bss.TID_Timer
                0x2000003c       0x40 ./Core/Src/drive_time.o
                0x2000003c                TID_Timer
 .bss._tGloabal_milis
                0x2000007c        0x4 ./Core/Src/drive_time.o
 .bss.a         0x20000080        0x8 ./Core/Src/drv_adc.o
 .bss.adc_avg   0x20000088       0x10 ./Core/Src/drv_adc.o
 .bss.sum_of_sampling.1
                0x20000098       0x10 ./Core/Src/drv_adc.o
 .bss.count.0   0x200000a8        0x1 ./Core/Src/drv_adc.o
 *fill*         0x200000a9        0x3 
 .bss.sensor    0x200000ac        0xc ./Core/Src/drv_gpio.o
 .bss.hadc1     0x200000b8       0x30 ./Core/Src/main.o
                0x200000b8                hadc1
 .bss.hdma_adc1
                0x200000e8       0x44 ./Core/Src/main.o
                0x200000e8                hdma_adc1
 .bss.hi2c1     0x2000012c       0x54 ./Core/Src/main.o
                0x2000012c                hi2c1
 .bss.huart1    0x20000180       0x48 ./Core/Src/main.o
                0x20000180                huart1
 .bss.huart3    0x200001c8       0x48 ./Core/Src/main.o
                0x200001c8                huart3
 .bss.ADC_good  0x20000210        0x4 ./Core/Src/mgr.o
                0x20000210                ADC_good
 .bss.ADC_Ngood
                0x20000214        0x4 ./Core/Src/mgr.o
                0x20000214                ADC_Ngood
 .bss.ADC_TB    0x20000218        0x4 ./Core/Src/mgr.o
                0x20000218                ADC_TB
 .bss.data      0x2000021c        0x6 ./Core/Src/uart_drv.o
                0x2000021c                data
 *fill*         0x20000222        0x2 
 .bss.uwTick    0x20000224        0x4 ./Drivers/STM32F1xx_HAL_Driver/Src/stm32f1xx_hal.o
                0x20000224                uwTick
 *(COMMON)
                0x20000228                        . = ALIGN (0x4)
                0x20000228                        _ebss = .
                0x20000228                        __bss_end__ = _ebss

._user_heap_stack
                0x20000228      0x600 load address 0x08003d70
                0x20000228                        . = ALIGN (0x8)
                [!provide]                        PROVIDE (end = .)
                0x20000228                        PROVIDE (_end = .)
                0x20000428                        . = (. + _Min_Heap_Size)
 *fill*         0x20000228      0x200 
                0x20000828                        . = (. + _Min_Stack_Size)
 *fill*         0x20000428      0x400 
                0x20000828                        . = ALIGN (0x8)

/DISCARD/
 libc.a(*)
 libm.a(*)
 libgcc.a(*)

.ARM.attributes
                0x00000000       0x29
 *(.ARM.attributes)
 .ARM.attributes
                0x00000000       0x1d D:/APP/ST/STM32CubeIDE_1.16.0/STM32CubeIDE/plugins/com.st.stm32cube.ide.mcu.externaltools.gnu-tools-for-stm32.12.3.rel1.win32_1.0.200.202406191623/tools/bin/../lib/gcc/arm-none-eabi/12.3.1/thumb/v7-m/nofp/crti.o
 .ARM.attributes
                0x0000001d       0x2d D:/APP/ST/STM32CubeIDE_1.16.0/STM32CubeIDE/plugins/com.st.stm32cube.ide.mcu.externaltools.gnu-tools-for-stm32.12.3.rel1.win32_1.0.200.202406191623/tools/bin/../lib/gcc/arm-none-eabi/12.3.1/thumb/v7-m/nofp/crtbegin.o
 .ARM.attributes
                0x0000004a       0x2d ./Core/Src/drive_time.o
 .ARM.attributes
                0x00000077       0x2d ./Core/Src/drv_adc.o
 .ARM.attributes
                0x000000a4       0x2d ./Core/Src/drv_gpio.o
 .ARM.attributes
                0x000000d1       0x2d ./Core/Src/main.o
 .ARM.attributes
                0x000000fe       0x2d ./Core/Src/mgr.o
 .ARM.attributes
                0x0000012b       0x2d ./Core/Src/stm32f1xx_hal_msp.o
 .ARM.attributes
                0x00000158       0x2d ./Core/Src/stm32f1xx_it.o
 .ARM.attributes
                0x00000185       0x2d ./Core/Src/system_stm32f1xx.o
 .ARM.attributes
                0x000001b2       0x2d ./Core/Src/uart_drv.o
 .ARM.attributes
                0x000001df       0x21 ./Core/Startup/startup_stm32f103c8tx.o
 .ARM.attributes
                0x00000200       0x2d ./Drivers/STM32F1xx_HAL_Driver/Src/stm32f1xx_hal.o
 .ARM.attributes
                0x0000022d       0x2d ./Drivers/STM32F1xx_HAL_Driver/Src/stm32f1xx_hal_adc.o
 .ARM.attributes
                0x0000025a       0x2d ./Drivers/STM32F1xx_HAL_Driver/Src/stm32f1xx_hal_cortex.o
 .ARM.attributes
                0x00000287       0x2d ./Drivers/STM32F1xx_HAL_Driver/Src/stm32f1xx_hal_dma.o
 .ARM.attributes
                0x000002b4       0x2d ./Drivers/STM32F1xx_HAL_Driver/Src/stm32f1xx_hal_gpio.o
 .ARM.attributes
                0x000002e1       0x2d ./Drivers/STM32F1xx_HAL_Driver/Src/stm32f1xx_hal_i2c.o
 .ARM.attributes
                0x0000030e       0x2d ./Drivers/STM32F1xx_HAL_Driver/Src/stm32f1xx_hal_rcc.o
 .ARM.attributes
                0x0000033b       0x2d ./Drivers/STM32F1xx_HAL_Driver/Src/stm32f1xx_hal_rcc_ex.o
 .ARM.attributes
                0x00000368       0x2d ./Drivers/STM32F1xx_HAL_Driver/Src/stm32f1xx_hal_uart.o
 .ARM.attributes
                0x00000395       0x2d D:/APP/ST/STM32CubeIDE_1.16.0/STM32CubeIDE/plugins/com.st.stm32cube.ide.mcu.externaltools.gnu-tools-for-stm32.12.3.rel1.win32_1.0.200.202406191623/tools/bin/../lib/gcc/arm-none-eabi/12.3.1/../../../../arm-none-eabi/lib/thumb/v7-m/nofp\libc_nano.a(libc_a-memset.o)
 .ARM.attributes
                0x000003c2       0x2d D:/APP/ST/STM32CubeIDE_1.16.0/STM32CubeIDE/plugins/com.st.stm32cube.ide.mcu.externaltools.gnu-tools-for-stm32.12.3.rel1.win32_1.0.200.202406191623/tools/bin/../lib/gcc/arm-none-eabi/12.3.1/../../../../arm-none-eabi/lib/thumb/v7-m/nofp\libc_nano.a(libc_a-init.o)
 .ARM.attributes
                0x000003ef       0x1d D:/APP/ST/STM32CubeIDE_1.16.0/STM32CubeIDE/plugins/com.st.stm32cube.ide.mcu.externaltools.gnu-tools-for-stm32.12.3.rel1.win32_1.0.200.202406191623/tools/bin/../lib/gcc/arm-none-eabi/12.3.1/thumb/v7-m/nofp/crtn.o
OUTPUT(stm32f103c8t6_ir_sence.elf elf32-littlearm)
LOAD linker stubs
LOAD D:/APP/ST/STM32CubeIDE_1.16.0/STM32CubeIDE/plugins/com.st.stm32cube.ide.mcu.externaltools.gnu-tools-for-stm32.12.3.rel1.win32_1.0.200.202406191623/tools/bin/../lib/gcc/arm-none-eabi/12.3.1/../../../../arm-none-eabi/lib/thumb/v7-m/nofp\libc.a
LOAD D:/APP/ST/STM32CubeIDE_1.16.0/STM32CubeIDE/plugins/com.st.stm32cube.ide.mcu.externaltools.gnu-tools-for-stm32.12.3.rel1.win32_1.0.200.202406191623/tools/bin/../lib/gcc/arm-none-eabi/12.3.1/../../../../arm-none-eabi/lib/thumb/v7-m/nofp\libm.a
LOAD D:/APP/ST/STM32CubeIDE_1.16.0/STM32CubeIDE/plugins/com.st.stm32cube.ide.mcu.externaltools.gnu-tools-for-stm32.12.3.rel1.win32_1.0.200.202406191623/tools/bin/../lib/gcc/arm-none-eabi/12.3.1/thumb/v7-m/nofp\libgcc.a

.debug_info     0x00000000     0xcc8c
 .debug_info    0x00000000      0x708 ./Core/Src/drive_time.o
 .debug_info    0x00000708      0x64d ./Core/Src/drv_adc.o
 .debug_info    0x00000d55      0x28a ./Core/Src/drv_gpio.o
 .debug_info    0x00000fdf     0x121a ./Core/Src/main.o
 .debug_info    0x000021f9      0x116 ./Core/Src/mgr.o
 .debug_info    0x0000230f      0xff3 ./Core/Src/stm32f1xx_hal_msp.o
 .debug_info    0x00003302      0x61e ./Core/Src/stm32f1xx_it.o
 .debug_info    0x00003920      0x222 ./Core/Src/system_stm32f1xx.o
 .debug_info    0x00003b42      0x71c ./Core/Src/uart_drv.o
 .debug_info    0x0000425e       0x30 ./Core/Startup/startup_stm32f103c8tx.o
 .debug_info    0x0000428e      0x704 ./Drivers/STM32F1xx_HAL_Driver/Src/stm32f1xx_hal.o
 .debug_info    0x00004992      0xc50 ./Drivers/STM32F1xx_HAL_Driver/Src/stm32f1xx_hal_adc.o
 .debug_info    0x000055e2      0xa87 ./Drivers/STM32F1xx_HAL_Driver/Src/stm32f1xx_hal_cortex.o
 .debug_info    0x00006069      0x6d2 ./Drivers/STM32F1xx_HAL_Driver/Src/stm32f1xx_hal_dma.o
 .debug_info    0x0000673b      0x5ab ./Drivers/STM32F1xx_HAL_Driver/Src/stm32f1xx_hal_gpio.o
 .debug_info    0x00006ce6     0x2524 ./Drivers/STM32F1xx_HAL_Driver/Src/stm32f1xx_hal_i2c.o
 .debug_info    0x0000920a      0x7d5 ./Drivers/STM32F1xx_HAL_Driver/Src/stm32f1xx_hal_rcc.o
 .debug_info    0x000099df      0x3c0 ./Drivers/STM32F1xx_HAL_Driver/Src/stm32f1xx_hal_rcc_ex.o
 .debug_info    0x00009d9f     0x2eed ./Drivers/STM32F1xx_HAL_Driver/Src/stm32f1xx_hal_uart.o

.debug_abbrev   0x00000000     0x255b
 .debug_abbrev  0x00000000      0x26a ./Core/Src/drive_time.o
 .debug_abbrev  0x0000026a      0x201 ./Core/Src/drv_adc.o
 .debug_abbrev  0x0000046b      0x18b ./Core/Src/drv_gpio.o
 .debug_abbrev  0x000005f6      0x2e3 ./Core/Src/main.o
 .debug_abbrev  0x000008d9       0x85 ./Core/Src/mgr.o
 .debug_abbrev  0x0000095e      0x248 ./Core/Src/stm32f1xx_hal_msp.o
 .debug_abbrev  0x00000ba6      0x18b ./Core/Src/stm32f1xx_it.o
 .debug_abbrev  0x00000d31      0x13f ./Core/Src/system_stm32f1xx.o
 .debug_abbrev  0x00000e70      0x1fe ./Core/Src/uart_drv.o
 .debug_abbrev  0x0000106e       0x24 ./Core/Startup/startup_stm32f103c8tx.o
 .debug_abbrev  0x00001092      0x201 ./Drivers/STM32F1xx_HAL_Driver/Src/stm32f1xx_hal.o
 .debug_abbrev  0x00001293      0x225 ./Drivers/STM32F1xx_HAL_Driver/Src/stm32f1xx_hal_adc.o
 .debug_abbrev  0x000014b8      0x2f8 ./Drivers/STM32F1xx_HAL_Driver/Src/stm32f1xx_hal_cortex.o
 .debug_abbrev  0x000017b0      0x20b ./Drivers/STM32F1xx_HAL_Driver/Src/stm32f1xx_hal_dma.o
 .debug_abbrev  0x000019bb      0x1ca ./Drivers/STM32F1xx_HAL_Driver/Src/stm32f1xx_hal_gpio.o
 .debug_abbrev  0x00001b85      0x2a3 ./Drivers/STM32F1xx_HAL_Driver/Src/stm32f1xx_hal_i2c.o
 .debug_abbrev  0x00001e28      0x2b3 ./Drivers/STM32F1xx_HAL_Driver/Src/stm32f1xx_hal_rcc.o
 .debug_abbrev  0x000020db      0x188 ./Drivers/STM32F1xx_HAL_Driver/Src/stm32f1xx_hal_rcc_ex.o
 .debug_abbrev  0x00002263      0x2f8 ./Drivers/STM32F1xx_HAL_Driver/Src/stm32f1xx_hal_uart.o

.debug_aranges  0x00000000      0xb98
 .debug_aranges
                0x00000000       0x58 ./Core/Src/drive_time.o
 .debug_aranges
                0x00000058       0x38 ./Core/Src/drv_adc.o
 .debug_aranges
                0x00000090       0x30 ./Core/Src/drv_gpio.o
 .debug_aranges
                0x000000c0       0x60 ./Core/Src/main.o
 .debug_aranges
                0x00000120       0x20 ./Core/Src/mgr.o
 .debug_aranges
                0x00000140       0x50 ./Core/Src/stm32f1xx_hal_msp.o
 .debug_aranges
                0x00000190       0x70 ./Core/Src/stm32f1xx_it.o
 .debug_aranges
                0x00000200       0x28 ./Core/Src/system_stm32f1xx.o
 .debug_aranges
                0x00000228       0x30 ./Core/Src/uart_drv.o
 .debug_aranges
                0x00000258       0x28 ./Core/Startup/startup_stm32f103c8tx.o
 .debug_aranges
                0x00000280       0xe0 ./Drivers/STM32F1xx_HAL_Driver/Src/stm32f1xx_hal.o
 .debug_aranges
                0x00000360       0xf0 ./Drivers/STM32F1xx_HAL_Driver/Src/stm32f1xx_hal_adc.o
 .debug_aranges
                0x00000450      0x100 ./Drivers/STM32F1xx_HAL_Driver/Src/stm32f1xx_hal_cortex.o
 .debug_aranges
                0x00000550       0x80 ./Drivers/STM32F1xx_HAL_Driver/Src/stm32f1xx_hal_dma.o
 .debug_aranges
                0x000005d0       0x58 ./Drivers/STM32F1xx_HAL_Driver/Src/stm32f1xx_hal_gpio.o
 .debug_aranges
                0x00000628      0x2a8 ./Drivers/STM32F1xx_HAL_Driver/Src/stm32f1xx_hal_i2c.o
 .debug_aranges
                0x000008d0       0x90 ./Drivers/STM32F1xx_HAL_Driver/Src/stm32f1xx_hal_rcc.o
 .debug_aranges
                0x00000960       0x30 ./Drivers/STM32F1xx_HAL_Driver/Src/stm32f1xx_hal_rcc_ex.o
 .debug_aranges
                0x00000990      0x208 ./Drivers/STM32F1xx_HAL_Driver/Src/stm32f1xx_hal_uart.o

.debug_rnglists
                0x00000000      0x8fc
 .debug_rnglists
                0x00000000       0x3e ./Core/Src/drive_time.o
 .debug_rnglists
                0x0000003e       0x26 ./Core/Src/drv_adc.o
 .debug_rnglists
                0x00000064       0x20 ./Core/Src/drv_gpio.o
 .debug_rnglists
                0x00000084       0x46 ./Core/Src/main.o
 .debug_rnglists
                0x000000ca       0x14 ./Core/Src/mgr.o
 .debug_rnglists
                0x000000de       0x39 ./Core/Src/stm32f1xx_hal_msp.o
 .debug_rnglists
                0x00000117       0x4f ./Core/Src/stm32f1xx_it.o
 .debug_rnglists
                0x00000166       0x1a ./Core/Src/system_stm32f1xx.o
 .debug_rnglists
                0x00000180       0x21 ./Core/Src/uart_drv.o
 .debug_rnglists
                0x000001a1       0x19 ./Core/Startup/startup_stm32f103c8tx.o
 .debug_rnglists
                0x000001ba       0xa3 ./Drivers/STM32F1xx_HAL_Driver/Src/stm32f1xx_hal.o
 .debug_rnglists
                0x0000025d       0xbc ./Drivers/STM32F1xx_HAL_Driver/Src/stm32f1xx_hal_adc.o
 .debug_rnglists
                0x00000319       0xbb ./Drivers/STM32F1xx_HAL_Driver/Src/stm32f1xx_hal_cortex.o
 .debug_rnglists
                0x000003d4       0x64 ./Drivers/STM32F1xx_HAL_Driver/Src/stm32f1xx_hal_dma.o
 .debug_rnglists
                0x00000438       0x3f ./Drivers/STM32F1xx_HAL_Driver/Src/stm32f1xx_hal_gpio.o
 .debug_rnglists
                0x00000477      0x23c ./Drivers/STM32F1xx_HAL_Driver/Src/stm32f1xx_hal_i2c.o
 .debug_rnglists
                0x000006b3       0x6c ./Drivers/STM32F1xx_HAL_Driver/Src/stm32f1xx_hal_rcc.o
 .debug_rnglists
                0x0000071f       0x21 ./Drivers/STM32F1xx_HAL_Driver/Src/stm32f1xx_hal_rcc_ex.o
 .debug_rnglists
                0x00000740      0x1bc ./Drivers/STM32F1xx_HAL_Driver/Src/stm32f1xx_hal_uart.o

.debug_macro    0x00000000    0x1792d
 .debug_macro   0x00000000      0x1ce ./Core/Src/drive_time.o
 .debug_macro   0x000001ce      0xaa8 ./Core/Src/drive_time.o
 .debug_macro   0x00000c76      0x227 ./Core/Src/drive_time.o
 .debug_macro   0x00000e9d       0x2e ./Core/Src/drive_time.o
 .debug_macro   0x00000ecb       0x22 ./Core/Src/drive_time.o
 .debug_macro   0x00000eed       0x22 ./Core/Src/drive_time.o
 .debug_macro   0x00000f0f       0x8e ./Core/Src/drive_time.o
 .debug_macro   0x00000f9d       0x51 ./Core/Src/drive_time.o
 .debug_macro   0x00000fee      0x103 ./Core/Src/drive_time.o
 .debug_macro   0x000010f1       0x6a ./Core/Src/drive_time.o
 .debug_macro   0x0000115b      0x1df ./Core/Src/drive_time.o
 .debug_macro   0x0000133a       0x1c ./Core/Src/drive_time.o
 .debug_macro   0x00001356       0x22 ./Core/Src/drive_time.o
 .debug_macro   0x00001378       0xbd ./Core/Src/drive_time.o
 .debug_macro   0x00001435      0xd23 ./Core/Src/drive_time.o
 .debug_macro   0x00002158     0xe09e ./Core/Src/drive_time.o
 .debug_macro   0x000101f6       0x6d ./Core/Src/drive_time.o
 .debug_macro   0x00010263     0x34a2 ./Core/Src/drive_time.o
 .debug_macro   0x00013705      0x189 ./Core/Src/drive_time.o
 .debug_macro   0x0001388e       0x5c ./Core/Src/drive_time.o
 .debug_macro   0x000138ea      0x5bc ./Core/Src/drive_time.o
 .debug_macro   0x00013ea6      0x289 ./Core/Src/drive_time.o
 .debug_macro   0x0001412f      0x1cb ./Core/Src/drive_time.o
 .debug_macro   0x000142fa      0x114 ./Core/Src/drive_time.o
 .debug_macro   0x0001440e      0x1b2 ./Core/Src/drive_time.o
 .debug_macro   0x000145c0       0x27 ./Core/Src/drive_time.o
 .debug_macro   0x000145e7      0x136 ./Core/Src/drive_time.o
 .debug_macro   0x0001471d      0x1bc ./Core/Src/drive_time.o
 .debug_macro   0x000148d9       0x34 ./Core/Src/drive_time.o
 .debug_macro   0x0001490d       0x3c ./Core/Src/drive_time.o
 .debug_macro   0x00014949       0x57 ./Core/Src/drive_time.o
 .debug_macro   0x000149a0      0x46a ./Core/Src/drive_time.o
 .debug_macro   0x00014e0a      0x1b5 ./Core/Src/drive_time.o
 .debug_macro   0x00014fbf       0x87 ./Core/Src/drive_time.o
 .debug_macro   0x00015046      0x240 ./Core/Src/drive_time.o
 .debug_macro   0x00015286      0x287 ./Core/Src/drive_time.o
 .debug_macro   0x0001550d      0x140 ./Core/Src/drive_time.o
 .debug_macro   0x0001564d      0x28e ./Core/Src/drive_time.o
 .debug_macro   0x000158db       0x83 ./Core/Src/drive_time.o
 .debug_macro   0x0001595e       0xa0 ./Core/Src/drive_time.o
 .debug_macro   0x000159fe       0x16 ./Core/Src/drive_time.o
 .debug_macro   0x00015a14      0x1bf ./Core/Src/drv_adc.o
 .debug_macro   0x00015bd3       0x16 ./Core/Src/drv_adc.o
 .debug_macro   0x00015be9      0x1c5 ./Core/Src/drv_gpio.o
 .debug_macro   0x00015dae       0x10 ./Core/Src/drv_gpio.o
 .debug_macro   0x00015dbe      0x1e0 ./Core/Src/main.o
 .debug_macro   0x00015f9e       0xa6 ./Core/Src/main.o
 .debug_macro   0x00016044      0x1d8 ./Core/Src/mgr.o
 .debug_macro   0x0001621c      0x1b6 ./Core/Src/stm32f1xx_hal_msp.o
 .debug_macro   0x000163d2      0x1cd ./Core/Src/stm32f1xx_it.o
 .debug_macro   0x0001659f      0x1ac ./Core/Src/system_stm32f1xx.o
 .debug_macro   0x0001674b      0x1c9 ./Core/Src/uart_drv.o
 .debug_macro   0x00016914      0x1d0 ./Drivers/STM32F1xx_HAL_Driver/Src/stm32f1xx_hal.o
 .debug_macro   0x00016ae4      0x1c9 ./Drivers/STM32F1xx_HAL_Driver/Src/stm32f1xx_hal_adc.o
 .debug_macro   0x00016cad      0x1ac ./Drivers/STM32F1xx_HAL_Driver/Src/stm32f1xx_hal_cortex.o
 .debug_macro   0x00016e59      0x1ac ./Drivers/STM32F1xx_HAL_Driver/Src/stm32f1xx_hal_dma.o
 .debug_macro   0x00017005      0x217 ./Drivers/STM32F1xx_HAL_Driver/Src/stm32f1xx_hal_gpio.o
 .debug_macro   0x0001721c      0x1fa ./Drivers/STM32F1xx_HAL_Driver/Src/stm32f1xx_hal_i2c.o
 .debug_macro   0x00017416      0x1be ./Drivers/STM32F1xx_HAL_Driver/Src/stm32f1xx_hal_rcc.o
 .debug_macro   0x000175d4      0x1ac ./Drivers/STM32F1xx_HAL_Driver/Src/stm32f1xx_hal_rcc_ex.o
 .debug_macro   0x00017780      0x1ad ./Drivers/STM32F1xx_HAL_Driver/Src/stm32f1xx_hal_uart.o

.debug_line     0x00000000    0x105f1
 .debug_line    0x00000000      0x8e5 ./Core/Src/drive_time.o
 .debug_line    0x000008e5      0x824 ./Core/Src/drv_adc.o
 .debug_line    0x00001109      0x7d5 ./Core/Src/drv_gpio.o
 .debug_line    0x000018de      0x986 ./Core/Src/main.o
 .debug_line    0x00002264      0x78f ./Core/Src/mgr.o
 .debug_line    0x000029f3      0x86e ./Core/Src/stm32f1xx_hal_msp.o
 .debug_line    0x00003261      0x82e ./Core/Src/stm32f1xx_it.o
 .debug_line    0x00003a8f      0x7aa ./Core/Src/system_stm32f1xx.o
 .debug_line    0x00004239      0x887 ./Core/Src/uart_drv.o
 .debug_line    0x00004ac0       0x78 ./Core/Startup/startup_stm32f103c8tx.o
 .debug_line    0x00004b38      0x9d7 ./Drivers/STM32F1xx_HAL_Driver/Src/stm32f1xx_hal.o
 .debug_line    0x0000550f     0x1054 ./Drivers/STM32F1xx_HAL_Driver/Src/stm32f1xx_hal_adc.o
 .debug_line    0x00006563      0xbc3 ./Drivers/STM32F1xx_HAL_Driver/Src/stm32f1xx_hal_cortex.o
 .debug_line    0x00007126      0xe30 ./Drivers/STM32F1xx_HAL_Driver/Src/stm32f1xx_hal_dma.o
 .debug_line    0x00007f56      0xa70 ./Drivers/STM32F1xx_HAL_Driver/Src/stm32f1xx_hal_gpio.o
 .debug_line    0x000089c6     0x3c74 ./Drivers/STM32F1xx_HAL_Driver/Src/stm32f1xx_hal_i2c.o
 .debug_line    0x0000c63a      0xde0 ./Drivers/STM32F1xx_HAL_Driver/Src/stm32f1xx_hal_rcc.o
 .debug_line    0x0000d41a      0x921 ./Drivers/STM32F1xx_HAL_Driver/Src/stm32f1xx_hal_rcc_ex.o
 .debug_line    0x0000dd3b     0x28b6 ./Drivers/STM32F1xx_HAL_Driver/Src/stm32f1xx_hal_uart.o

.debug_str      0x00000000    0x861e9
 .debug_str     0x00000000    0x83037 ./Core/Src/drive_time.o
                              0x8342b (size before relaxing)
 .debug_str     0x00083037      0x39e ./Core/Src/drv_adc.o
                              0x8300d (size before relaxing)
 .debug_str     0x000833d5       0xf3 ./Core/Src/drv_gpio.o
                              0x82d58 (size before relaxing)
 .debug_str     0x000834c8      0x7a1 ./Core/Src/main.o
                              0x83e55 (size before relaxing)
 .debug_str     0x00083c69       0x2c ./Core/Src/mgr.o
                              0x82cd6 (size before relaxing)
 .debug_str     0x00083c95      0x108 ./Core/Src/stm32f1xx_hal_msp.o
                              0x8387b (size before relaxing)
 .debug_str     0x00083d9d      0x11b ./Core/Src/stm32f1xx_it.o
                              0x83152 (size before relaxing)
 .debug_str     0x00083eb8       0x7e ./Core/Src/system_stm32f1xx.o
                              0x82cae (size before relaxing)
 .debug_str     0x00083f36       0x6c ./Core/Src/uart_drv.o
                              0x83108 (size before relaxing)
 .debug_str     0x00083fa2       0x44 ./Core/Startup/startup_stm32f103c8tx.o
                                 0x75 (size before relaxing)
 .debug_str     0x00083fe6      0x38e ./Drivers/STM32F1xx_HAL_Driver/Src/stm32f1xx_hal.o
                              0x833e1 (size before relaxing)
 .debug_str     0x00084374      0x381 ./Drivers/STM32F1xx_HAL_Driver/Src/stm32f1xx_hal_adc.o
                              0x83392 (size before relaxing)
 .debug_str     0x000846f5      0x231 ./Drivers/STM32F1xx_HAL_Driver/Src/stm32f1xx_hal_cortex.o
                              0x8332d (size before relaxing)
 .debug_str     0x00084926      0x1e2 ./Drivers/STM32F1xx_HAL_Driver/Src/stm32f1xx_hal_dma.o
                              0x83057 (size before relaxing)
 .debug_str     0x00084b08      0x2d0 ./Drivers/STM32F1xx_HAL_Driver/Src/stm32f1xx_hal_gpio.o
                              0x83034 (size before relaxing)
 .debug_str     0x00084dd8      0xb9c ./Drivers/STM32F1xx_HAL_Driver/Src/stm32f1xx_hal_i2c.o
                              0x83d75 (size before relaxing)
 .debug_str     0x00085974      0x209 ./Drivers/STM32F1xx_HAL_Driver/Src/stm32f1xx_hal_rcc.o
                              0x830dd (size before relaxing)
 .debug_str     0x00085b7d       0x84 ./Drivers/STM32F1xx_HAL_Driver/Src/stm32f1xx_hal_rcc_ex.o
                              0x82e2d (size before relaxing)
 .debug_str     0x00085c01      0x5e8 ./Drivers/STM32F1xx_HAL_Driver/Src/stm32f1xx_hal_uart.o
                              0x8374e (size before relaxing)

.comment        0x00000000       0x43
 .comment       0x00000000       0x43 ./Core/Src/drive_time.o
                                 0x44 (size before relaxing)
 .comment       0x00000043       0x44 ./Core/Src/drv_adc.o
 .comment       0x00000043       0x44 ./Core/Src/drv_gpio.o
 .comment       0x00000043       0x44 ./Core/Src/main.o
 .comment       0x00000043       0x44 ./Core/Src/mgr.o
 .comment       0x00000043       0x44 ./Core/Src/stm32f1xx_hal_msp.o
 .comment       0x00000043       0x44 ./Core/Src/stm32f1xx_it.o
 .comment       0x00000043       0x44 ./Core/Src/system_stm32f1xx.o
 .comment       0x00000043       0x44 ./Core/Src/uart_drv.o
 .comment       0x00000043       0x44 ./Drivers/STM32F1xx_HAL_Driver/Src/stm32f1xx_hal.o
 .comment       0x00000043       0x44 ./Drivers/STM32F1xx_HAL_Driver/Src/stm32f1xx_hal_adc.o
 .comment       0x00000043       0x44 ./Drivers/STM32F1xx_HAL_Driver/Src/stm32f1xx_hal_cortex.o
 .comment       0x00000043       0x44 ./Drivers/STM32F1xx_HAL_Driver/Src/stm32f1xx_hal_dma.o
 .comment       0x00000043       0x44 ./Drivers/STM32F1xx_HAL_Driver/Src/stm32f1xx_hal_gpio.o
 .comment       0x00000043       0x44 ./Drivers/STM32F1xx_HAL_Driver/Src/stm32f1xx_hal_i2c.o
 .comment       0x00000043       0x44 ./Drivers/STM32F1xx_HAL_Driver/Src/stm32f1xx_hal_rcc.o
 .comment       0x00000043       0x44 ./Drivers/STM32F1xx_HAL_Driver/Src/stm32f1xx_hal_rcc_ex.o
 .comment       0x00000043       0x44 ./Drivers/STM32F1xx_HAL_Driver/Src/stm32f1xx_hal_uart.o

.debug_frame    0x00000000     0x2e38
 .debug_frame   0x00000000      0x134 ./Core/Src/drive_time.o
 .debug_frame   0x00000134       0x9c ./Core/Src/drv_adc.o
 .debug_frame   0x000001d0       0x80 ./Core/Src/drv_gpio.o
 .debug_frame   0x00000250      0x128 ./Core/Src/main.o
 .debug_frame   0x00000378       0x30 ./Core/Src/mgr.o
 .debug_frame   0x000003a8      0x110 ./Core/Src/stm32f1xx_hal_msp.o
 .debug_frame   0x000004b8      0x13c ./Core/Src/stm32f1xx_it.o
 .debug_frame   0x000005f4       0x58 ./Core/Src/system_stm32f1xx.o
 .debug_frame   0x0000064c       0x84 ./Core/Src/uart_drv.o
 .debug_frame   0x000006d0      0x334 ./Drivers/STM32F1xx_HAL_Driver/Src/stm32f1xx_hal.o
 .debug_frame   0x00000a04      0x40c ./Drivers/STM32F1xx_HAL_Driver/Src/stm32f1xx_hal_adc.o
 .debug_frame   0x00000e10      0x428 ./Drivers/STM32F1xx_HAL_Driver/Src/stm32f1xx_hal_cortex.o
 .debug_frame   0x00001238      0x208 ./Drivers/STM32F1xx_HAL_Driver/Src/stm32f1xx_hal_dma.o
 .debug_frame   0x00001440      0x14c ./Drivers/STM32F1xx_HAL_Driver/Src/stm32f1xx_hal_gpio.o
 .debug_frame   0x0000158c      0xc84 ./Drivers/STM32F1xx_HAL_Driver/Src/stm32f1xx_hal_i2c.o
 .debug_frame   0x00002210      0x218 ./Drivers/STM32F1xx_HAL_Driver/Src/stm32f1xx_hal_rcc.o
 .debug_frame   0x00002428       0x80 ./Drivers/STM32F1xx_HAL_Driver/Src/stm32f1xx_hal_rcc_ex.o
 .debug_frame   0x000024a8      0x944 ./Drivers/STM32F1xx_HAL_Driver/Src/stm32f1xx_hal_uart.o
 .debug_frame   0x00002dec       0x20 D:/APP/ST/STM32CubeIDE_1.16.0/STM32CubeIDE/plugins/com.st.stm32cube.ide.mcu.externaltools.gnu-tools-for-stm32.12.3.rel1.win32_1.0.200.202406191623/tools/bin/../lib/gcc/arm-none-eabi/12.3.1/../../../../arm-none-eabi/lib/thumb/v7-m/nofp\libc_nano.a(libc_a-memset.o)
 .debug_frame   0x00002e0c       0x2c D:/APP/ST/STM32CubeIDE_1.16.0/STM32CubeIDE/plugins/com.st.stm32cube.ide.mcu.externaltools.gnu-tools-for-stm32.12.3.rel1.win32_1.0.200.202406191623/tools/bin/../lib/gcc/arm-none-eabi/12.3.1/../../../../arm-none-eabi/lib/thumb/v7-m/nofp\libc_nano.a(libc_a-init.o)

.debug_line_str
                0x00000000       0x59
 .debug_line_str
                0x00000000       0x59 ./Core/Startup/startup_stm32f103c8tx.o
