Archive member included to satisfy reference by file (symbol)

D:/APP/ST/STM32CubeIDE_1.16.0/STM32CubeIDE/plugins/com.st.stm32cube.ide.mcu.externaltools.gnu-tools-for-stm32.12.3.rel1.win32_1.0.200.202406191623/tools/bin/../lib/gcc/arm-none-eabi/12.3.1/../../../../arm-none-eabi/lib/thumb/v7-m/nofp\libc_nano.a(libc_a-exit.o)
                              D:/APP/ST/STM32CubeIDE_1.16.0/STM32CubeIDE/plugins/com.st.stm32cube.ide.mcu.externaltools.gnu-tools-for-stm32.12.3.rel1.win32_1.0.200.202406191623/tools/bin/../lib/gcc/arm-none-eabi/12.3.1/../../../../arm-none-eabi/lib/thumb/v7-m/nofp/crt0.o (exit)
D:/APP/ST/STM32CubeIDE_1.16.0/STM32CubeIDE/plugins/com.st.stm32cube.ide.mcu.externaltools.gnu-tools-for-stm32.12.3.rel1.win32_1.0.200.202406191623/tools/bin/../lib/gcc/arm-none-eabi/12.3.1/../../../../arm-none-eabi/lib/thumb/v7-m/nofp\libc_nano.a(libc_a-findfp.o)
                              D:/APP/ST/STM32CubeIDE_1.16.0/STM32CubeIDE/plugins/com.st.stm32cube.ide.mcu.externaltools.gnu-tools-for-stm32.12.3.rel1.win32_1.0.200.202406191623/tools/bin/../lib/gcc/arm-none-eabi/12.3.1/../../../../arm-none-eabi/lib/thumb/v7-m/nofp\libc_nano.a(libc_a-exit.o) (__stdio_exit_handler)
D:/APP/ST/STM32CubeIDE_1.16.0/STM32CubeIDE/plugins/com.st.stm32cube.ide.mcu.externaltools.gnu-tools-for-stm32.12.3.rel1.win32_1.0.200.202406191623/tools/bin/../lib/gcc/arm-none-eabi/12.3.1/../../../../arm-none-eabi/lib/thumb/v7-m/nofp\libc_nano.a(libc_a-fwalk.o)
                              D:/APP/ST/STM32CubeIDE_1.16.0/STM32CubeIDE/plugins/com.st.stm32cube.ide.mcu.externaltools.gnu-tools-for-stm32.12.3.rel1.win32_1.0.200.202406191623/tools/bin/../lib/gcc/arm-none-eabi/12.3.1/../../../../arm-none-eabi/lib/thumb/v7-m/nofp\libc_nano.a(libc_a-findfp.o) (_fwalk_sglue)
D:/APP/ST/STM32CubeIDE_1.16.0/STM32CubeIDE/plugins/com.st.stm32cube.ide.mcu.externaltools.gnu-tools-for-stm32.12.3.rel1.win32_1.0.200.202406191623/tools/bin/../lib/gcc/arm-none-eabi/12.3.1/../../../../arm-none-eabi/lib/thumb/v7-m/nofp\libc_nano.a(libc_a-stdio.o)
                              D:/APP/ST/STM32CubeIDE_1.16.0/STM32CubeIDE/plugins/com.st.stm32cube.ide.mcu.externaltools.gnu-tools-for-stm32.12.3.rel1.win32_1.0.200.202406191623/tools/bin/../lib/gcc/arm-none-eabi/12.3.1/../../../../arm-none-eabi/lib/thumb/v7-m/nofp\libc_nano.a(libc_a-findfp.o) (__sread)
D:/APP/ST/STM32CubeIDE_1.16.0/STM32CubeIDE/plugins/com.st.stm32cube.ide.mcu.externaltools.gnu-tools-for-stm32.12.3.rel1.win32_1.0.200.202406191623/tools/bin/../lib/gcc/arm-none-eabi/12.3.1/../../../../arm-none-eabi/lib/thumb/v7-m/nofp\libc_nano.a(libc_a-memset.o)
                              D:/APP/ST/STM32CubeIDE_1.16.0/STM32CubeIDE/plugins/com.st.stm32cube.ide.mcu.externaltools.gnu-tools-for-stm32.12.3.rel1.win32_1.0.200.202406191623/tools/bin/../lib/gcc/arm-none-eabi/12.3.1/../../../../arm-none-eabi/lib/thumb/v7-m/nofp/crt0.o (memset)
D:/APP/ST/STM32CubeIDE_1.16.0/STM32CubeIDE/plugins/com.st.stm32cube.ide.mcu.externaltools.gnu-tools-for-stm32.12.3.rel1.win32_1.0.200.202406191623/tools/bin/../lib/gcc/arm-none-eabi/12.3.1/../../../../arm-none-eabi/lib/thumb/v7-m/nofp\libc_nano.a(libc_a-closer.o)
                              D:/APP/ST/STM32CubeIDE_1.16.0/STM32CubeIDE/plugins/com.st.stm32cube.ide.mcu.externaltools.gnu-tools-for-stm32.12.3.rel1.win32_1.0.200.202406191623/tools/bin/../lib/gcc/arm-none-eabi/12.3.1/../../../../arm-none-eabi/lib/thumb/v7-m/nofp\libc_nano.a(libc_a-stdio.o) (_close_r)
D:/APP/ST/STM32CubeIDE_1.16.0/STM32CubeIDE/plugins/com.st.stm32cube.ide.mcu.externaltools.gnu-tools-for-stm32.12.3.rel1.win32_1.0.200.202406191623/tools/bin/../lib/gcc/arm-none-eabi/12.3.1/../../../../arm-none-eabi/lib/thumb/v7-m/nofp\libc_nano.a(libc_a-reent.o)
                              D:/APP/ST/STM32CubeIDE_1.16.0/STM32CubeIDE/plugins/com.st.stm32cube.ide.mcu.externaltools.gnu-tools-for-stm32.12.3.rel1.win32_1.0.200.202406191623/tools/bin/../lib/gcc/arm-none-eabi/12.3.1/../../../../arm-none-eabi/lib/thumb/v7-m/nofp\libc_nano.a(libc_a-closer.o) (errno)
D:/APP/ST/STM32CubeIDE_1.16.0/STM32CubeIDE/plugins/com.st.stm32cube.ide.mcu.externaltools.gnu-tools-for-stm32.12.3.rel1.win32_1.0.200.202406191623/tools/bin/../lib/gcc/arm-none-eabi/12.3.1/../../../../arm-none-eabi/lib/thumb/v7-m/nofp\libc_nano.a(libc_a-impure.o)
                              D:/APP/ST/STM32CubeIDE_1.16.0/STM32CubeIDE/plugins/com.st.stm32cube.ide.mcu.externaltools.gnu-tools-for-stm32.12.3.rel1.win32_1.0.200.202406191623/tools/bin/../lib/gcc/arm-none-eabi/12.3.1/../../../../arm-none-eabi/lib/thumb/v7-m/nofp\libc_nano.a(libc_a-reent.o) (_impure_ptr)
D:/APP/ST/STM32CubeIDE_1.16.0/STM32CubeIDE/plugins/com.st.stm32cube.ide.mcu.externaltools.gnu-tools-for-stm32.12.3.rel1.win32_1.0.200.202406191623/tools/bin/../lib/gcc/arm-none-eabi/12.3.1/../../../../arm-none-eabi/lib/thumb/v7-m/nofp\libc_nano.a(libc_a-lseekr.o)
[...]
Memory Configuration

Name             Origin             Length             Attributes
RAM              0x20000000         0x00005000         xrw
FLASH            0x08000000         0x00010000         xr
*default*        0x00000000         0xffffffff

Linker script and memory map

LOAD D:/APP/ST/STM32CubeIDE_1.16.0/STM32CubeIDE/plugins/com.st.stm32cube.ide.mcu.externaltools.gnu-tools-for-stm32.12.3.rel1.win32_1.0.200.202406191623/tools/bin/../lib/gcc/arm-none-eabi/12.3.1/thumb/v7-m/nofp/crti.o
LOAD D:/APP/ST/STM32CubeIDE_1.16.0/STM32CubeIDE/plugins/com.st.stm32cube.ide.mcu.externaltools.gnu-tools-for-stm32.12.3.rel1.win32_1.0.200.202406191623/tools/bin/../lib/gcc/arm-none-eabi/12.3.1/thumb/v7-m/nofp/crtbegin.o
LOAD D:/APP/ST/STM32CubeIDE_1.16.0/STM32CubeIDE/plugins/com.st.stm32cube.ide.mcu.externaltools.gnu-tools-for-stm32.12.3.rel1.win32_1.0.200.202406191623/tools/bin/../lib/gcc/arm-none-eabi/12.3.1/../../../../arm-none-eabi/lib/thumb/v7-m/nofp/crt0.o
LOAD ./Core/Src/freertos.o
LOAD ./Core/Src/handler_adc.o
LOAD ./Core/Src/handler_button.o
LOAD ./Core/Src/handler_delay.o
LOAD ./Core/Src/handler_flash.o
LOAD ./Core/Src/main.o
LOAD ./Core/Src/stm32f1xx_hal_msp.o
LOAD ./Core/Src/stm32f1xx_it.o
LOAD ./Core/Src/syscalls.o
LOAD ./Core/Src/sysmem.o
LOAD ./Core/Src/system_stm32f1xx.o
LOAD ./Core/Startup/startup_stm32f103c8tx.o
LOAD ./Drivers/STM32F1xx_HAL_Driver/Src/stm32f1xx_hal.o
LOAD ./Drivers/STM32F1xx_HAL_Driver/Src/stm32f1xx_hal_adc.o
LOAD ./Drivers/STM32F1xx_HAL_Driver/Src/stm32f1xx_hal_adc_ex.o
LOAD ./Drivers/STM32F1xx_HAL_Driver/Src/stm32f1xx_hal_can.o
LOAD ./Drivers/STM32F1xx_HAL_Driver/Src/stm32f1xx_hal_cortex.o
LOAD ./Drivers/STM32F1xx_HAL_Driver/Src/stm32f1xx_hal_dma.o
LOAD ./Drivers/STM32F1xx_HAL_Driver/Src/stm32f1xx_hal_exti.o
LOAD ./Drivers/STM32F1xx_HAL_Driver/Src/stm32f1xx_hal_flash.o
LOAD ./Drivers/STM32F1xx_HAL_Driver/Src/stm32f1xx_hal_flash_ex.o
LOAD ./Drivers/STM32F1xx_HAL_Driver/Src/stm32f1xx_hal_gpio.o
LOAD ./Drivers/STM32F1xx_HAL_Driver/Src/stm32f1xx_hal_gpio_ex.o
LOAD ./Drivers/STM32F1xx_HAL_Driver/Src/stm32f1xx_hal_i2c.o
LOAD ./Drivers/STM32F1xx_HAL_Driver/Src/stm32f1xx_hal_pwr.o
LOAD ./Drivers/STM32F1xx_HAL_Driver/Src/stm32f1xx_hal_rcc.o
LOAD ./Drivers/STM32F1xx_HAL_Driver/Src/stm32f1xx_hal_rcc_ex.o
LOAD ./Drivers/STM32F1xx_HAL_Driver/Src/stm32f1xx_hal_spi.o
LOAD ./Drivers/STM32F1xx_HAL_Driver/Src/stm32f1xx_hal_tim.o
LOAD ./Drivers/STM32F1xx_HAL_Driver/Src/stm32f1xx_hal_tim_ex.o
LOAD ./Drivers/STM32F1xx_HAL_Driver/Src/stm32f1xx_hal_uart.o
LOAD ./Middlewares/Third_Party/FreeRTOS/Source/CMSIS_RTOS/cmsis_os.o
LOAD ./Middlewares/Third_Party/FreeRTOS/Source/croutine.o
LOAD ./Middlewares/Third_Party/FreeRTOS/Source/event_groups.o
LOAD ./Middlewares/Third_Party/FreeRTOS/Source/list.o
LOAD ./Middlewares/Third_Party/FreeRTOS/Source/queue.o
LOAD ./Middlewares/Third_Party/FreeRTOS/Source/stream_buffer.o
LOAD ./Middlewares/Third_Party/FreeRTOS/Source/tasks.o
LOAD ./Middlewares/Third_Party/FreeRTOS/Source/timers.o
LOAD ./Middlewares/Third_Party/FreeRTOS/Source/portable/GCC/ARM_CM3/port.o
LOAD ./Middlewares/Third_Party/FreeRTOS/Source/portable/MemMang/heap_4.o
START GROUP
LOAD D:/APP/ST/STM32CubeIDE_1.16.0/STM32CubeIDE/plugins/com.st.stm32cube.ide.mcu.externaltools.gnu-tools-for-stm32.12.3.rel1.win32_1.0.200.202406191623/tools/bin/../lib/gcc/arm-none-eabi/12.3.1/../../../../arm-none-eabi/lib/thumb/v7-m/nofp\libc_nano.a
LOAD D:/APP/ST/STM32CubeIDE_1.16.0/STM32CubeIDE/plugins/com.st.stm32cube.ide.mcu.externaltools.gnu-tools-for-stm32.12.3.rel1.win32_1.0.200.202406191623/tools/bin/../lib/gcc/arm-none-eabi/12.3.1/../../../../arm-none-eabi/lib/thumb/v7-m/nofp\libm.a
END GROUP
START GROUP
LOAD D:/APP/ST/STM32CubeIDE_1.16.0/STM32CubeIDE/plugins/com.st.stm32cube.ide.mcu.externaltools.gnu-tools-for-stm32.12.3.rel1.win32_1.0.200.202406191623/tools/bin/../lib/gcc/arm-none-eabi/12.3.1/thumb/v7-m/nofp\libgcc.a
LOAD D:/APP/ST/STM32CubeIDE_1.16.0/STM32CubeIDE/plugins/com.st.stm32cube.ide.mcu.externaltools.gnu-tools-for-stm32.12.3.rel1.win32_1.0.200.202406191623/tools/bin/../lib/gcc/arm-none-eabi/12.3.1/../../../../arm-none-eabi/lib/thumb/v7-m/nofp\libc_nano.a
END GROUP
START GROUP
LOAD D:/APP/ST/STM32CubeIDE_1.16.0/STM32CubeIDE/plugins/com.st.stm32cube.ide.mcu.externaltools.gnu-tools-for-stm32.12.3.rel1.win32_1.0.200.202406191623/tools/bin/../lib/gcc/arm-none-eabi/12.3.1/thumb/v7-m/nofp\libgcc.a
LOAD D:/APP/ST/STM32CubeIDE_1.16.0/STM32CubeIDE/plugins/com.st.stm32cube.ide.mcu.externaltools.gnu-tools-for-stm32.12.3.rel1.win32_1.0.200.202406191623/tools/bin/../lib/gcc/arm-none-eabi/12.3.1/../../../../arm-none-eabi/lib/thumb/v7-m/nofp\libc_nano.a
LOAD D:/APP/ST/STM32CubeIDE_1.16.0/STM32CubeIDE/plugins/com.st.stm32cube.ide.mcu.externaltools.gnu-tools-for-stm32.12.3.rel1.win32_1.0.200.202406191623/tools/bin/../lib/gcc/arm-none-eabi/12.3.1/../../../../arm-none-eabi/lib/thumb/v7-m/nofp\libnosys.a
END GROUP
START GROUP
LOAD D:/APP/ST/STM32CubeIDE_1.16.0/STM32CubeIDE/plugins/com.st.stm32cube.ide.mcu.externaltools.gnu-tools-for-stm32.12.3.rel1.win32_1.0.200.202406191623/tools/bin/../lib/gcc/arm-none-eabi/12.3.1/thumb/v7-m/nofp\libgcc.a
LOAD D:/APP/ST/STM32CubeIDE_1.16.0/STM32CubeIDE/plugins/com.st.stm32cube.ide.mcu.externaltools.gnu-tools-for-stm32.12.3.rel1.win32_1.0.200.202406191623/tools/bin/../lib/gcc/arm-none-eabi/12.3.1/../../../../arm-none-eabi/lib/thumb/v7-m/nofp\libc_nano.a
LOAD D:/APP/ST/STM32CubeIDE_1.16.0/STM32CubeIDE/plugins/com.st.stm32cube.ide.mcu.externaltools.gnu-tools-for-stm32.12.3.rel1.win32_1.0.200.202406191623/tools/bin/../lib/gcc/arm-none-eabi/12.3.1/../../../../arm-none-eabi/lib/thumb/v7-m/nofp\libnosys.a
END GROUP
LOAD D:/APP/ST/STM32CubeIDE_1.16.0/STM32CubeIDE/plugins/com.st.stm32cube.ide.mcu.externaltools.gnu-tools-for-stm32.12.3.rel1.win32_1.0.200.202406191623/tools/bin/../lib/gcc/arm-none-eabi/12.3.1/thumb/v7-m/nofp/crtend.o
LOAD D:/APP/ST/STM32CubeIDE_1.16.0/STM32CubeIDE/plugins/com.st.stm32cube.ide.mcu.externaltools.gnu-tools-for-stm32.12.3.rel1.win32_1.0.200.202406191623/tools/bin/../lib/gcc/arm-none-eabi/12.3.1/thumb/v7-m/nofp/crtn.o
                0x20005000                        _estack = (ORIGIN (RAM) + LENGTH (RAM))
                0x00000200                        _Min_Heap_Size = 0x200
                0x00000400                        _Min_Stack_Size = 0x400

.isr_vector     0x08000000      0x10c
                0x08000000                        . = ALIGN (0x4)
 *(.isr_vector)
 .isr_vector    0x08000000      0x10c ./Core/Startup/startup_stm32f103c8tx.o
                0x08000000                g_pfnVectors
                0x0800010c                        . = ALIGN (0x4)

.text           0x08000110     0x7424
                0x08000110                        . = ALIGN (0x4)
 *(.text)
 .text          0x08000110       0x40 D:/APP/ST/STM32CubeIDE_1.16.0/STM32CubeIDE/plugins/com.st.stm32cube.ide.mcu.externaltools.gnu-tools-for-stm32.12.3.rel1.win32_1.0.200.202406191623/tools/bin/../lib/gcc/arm-none-eabi/12.3.1/thumb/v7-m/nofp/crtbegin.o
 *(.text*)
 .text.vApplicationGetIdleTaskMemory
                0x08000150       0x30 ./Core/Src/freertos.o
                0x08000150                vApplicationGetIdleTaskMemory
 .text.swap_uint16
                0x08000180       0x28 ./Core/Src/handler_adc.o
 .text.partition_uint16
                0x080001a8       0x82 ./Core/Src/handler_adc.o
 .text.quickSort_uint16
                0x0800022a       0x44 ./Core/Src/handler_adc.o
 .text.quickSortArray_uint16
                0x0800026e       0x20 ./Core/Src/handler_adc.o
                0x0800026e                quickSortArray_uint16
 .text.Average_Caculate
                0x0800028e       0x7e ./Core/Src/handler_adc.o
                0x0800028e                Average_Caculate
 .text.Button_Init
                0x0800030c       0x26 ./Core/Src/handler_button.o
                0x0800030c                Button_Init
 .text.Button_Read_Pin
                0x08000332       0x22 ./Core/Src/handler_button.o
                0x08000332                Button_Read_Pin
 .text.BUTTON_Read
                0x08000354       0xe4 ./Core/Src/handler_button.o
                0x08000354                BUTTON_Read
 .text.Delay_ms
                0x08000438       0x50 ./Core/Src/handler_delay.o
                0x08000438                Delay_ms
 .text.Flash_Write_Array_U16
                0x08000488       0x76 ./Core/Src/handler_flash.o
                0x08000488                Flash_Write_Array_U16
 .text.Flash_Read_U16
                0x080004fe       0x18 ./Core/Src/handler_flash.o
                0x080004fe                Flash_Read_U16
 *fill*         0x08000516        0x2 
 .text.main     0x08000518      0x1c4 ./Core/Src/main.o
                0x08000518                main
 .text.SystemClock_Config
                0x080006dc       0xb6 ./Core/Src/main.o
                0x080006dc                SystemClock_Config
 *fill*         0x08000792        0x2 
 .text.MX_ADC1_Init
                0x08000794       0xd4 ./Core/Src/main.o
 .text.MX_CAN_Init
                0x08000868       0x68 ./Core/Src/main.o
 .text.MX_I2C1_Init
                0x080008d0       0x5c ./Core/Src/main.o
 .text.MX_SPI1_Init
                0x0800092c       0x6c ./Core/Src/main.o
 .text.MX_TIM1_Init
                0x08000998       0xa0 ./Core/Src/main.o
 .text.MX_TIM2_Init
                0x08000a38       0x98 ./Core/Src/main.o
 .text.MX_USART1_UART_Init
                0x08000ad0       0x54 ./Core/Src/main.o
 .text.MX_USART3_UART_Init
                0x08000b24       0x54 ./Core/Src/main.o
 .text.MX_DMA_Init
                0x08000b78       0x3c ./Core/Src/main.o
 .text.MX_GPIO_Init
                0x08000bb4      0x158 ./Core/Src/main.o
 .text.HAL_TIM_PeriodElapsedCallback
                0x08000d0c       0x30 ./Core/Src/main.o
                0x08000d0c                HAL_TIM_PeriodElapsedCallback
 .text.HAL_ADC_ConvCpltCallback
                0x08000d3c       0x54 ./Core/Src/main.o
                0x08000d3c                HAL_ADC_ConvCpltCallback
 .text.StartDefaultTask
                0x08000d90       0x10 ./Core/Src/main.o
                0x08000d90                StartDefaultTask
 .text.StartTask_Button
                0x08000da0      0x1c0 ./Core/Src/main.o
                0x08000da0                StartTask_Button
 .text.StartTask_Test_IR
                0x08000f60      0x180 ./Core/Src/main.o
                0x08000f60                StartTask_Test_IR
 .text.StartTask_ADC
                0x080010e0      0x1f0 ./Core/Src/main.o
                0x080010e0                StartTask_ADC
 .text.Error_Handler
                0x080012d0        0xc ./Core/Src/main.o
                0x080012d0                Error_Handler
 .text.HAL_MspInit
                0x080012dc       0x70 ./Core/Src/stm32f1xx_hal_msp.o
                0x080012dc                HAL_MspInit
 .text.HAL_ADC_MspInit
                0x0800134c       0xe0 ./Core/Src/stm32f1xx_hal_msp.o
                0x0800134c                HAL_ADC_MspInit
 .text.HAL_CAN_MspInit
                0x0800142c       0x98 ./Core/Src/stm32f1xx_hal_msp.o
                0x0800142c                HAL_CAN_MspInit
 .text.HAL_I2C_MspInit
                0x080014c4       0x7c ./Core/Src/stm32f1xx_hal_msp.o
                0x080014c4                HAL_I2C_MspInit
 .text.HAL_SPI_MspInit
                0x08001540       0x94 ./Core/Src/stm32f1xx_hal_msp.o
                0x08001540                HAL_SPI_MspInit
 .text.HAL_TIM_Base_MspInit
                0x080015d4       0x90 ./Core/Src/stm32f1xx_hal_msp.o
                0x080015d4                HAL_TIM_Base_MspInit
 .text.HAL_UART_MspInit
                0x08001664      0x110 ./Core/Src/stm32f1xx_hal_msp.o
                0x08001664                HAL_UART_MspInit
 .text.NMI_Handler
                0x08001774        0x8 ./Core/Src/stm32f1xx_it.o
                0x08001774                NMI_Handler
 .text.HardFault_Handler
                0x0800177c        0x8 ./Core/Src/stm32f1xx_it.o
                0x0800177c                HardFault_Handler
 .text.MemManage_Handler
                0x08001784        0x8 ./Core/Src/stm32f1xx_it.o
                0x08001784                MemManage_Handler
 .text.BusFault_Handler
                0x0800178c        0x8 ./Core/Src/stm32f1xx_it.o
                0x0800178c                BusFault_Handler
 .text.UsageFault_Handler
                0x08001794        0x8 ./Core/Src/stm32f1xx_it.o
                0x08001794                UsageFault_Handler
 .text.DebugMon_Handler
                0x0800179c        0xc ./Core/Src/stm32f1xx_it.o
                0x0800179c                DebugMon_Handler
 .text.SysTick_Handler
                0x080017a8       0x1a ./Core/Src/stm32f1xx_it.o
                0x080017a8                SysTick_Handler
 *fill*         0x080017c2        0x2 
 .text.DMA1_Channel1_IRQHandler
                0x080017c4       0x14 ./Core/Src/stm32f1xx_it.o
                0x080017c4                DMA1_Channel1_IRQHandler
 .text.ADC1_2_IRQHandler
                0x080017d8       0x14 ./Core/Src/stm32f1xx_it.o
                0x080017d8                ADC1_2_IRQHandler
 .text.TIM1_BRK_IRQHandler
                0x080017ec       0x14 ./Core/Src/stm32f1xx_it.o
                0x080017ec                TIM1_BRK_IRQHandler
 .text.TIM1_UP_IRQHandler
                0x08001800       0x14 ./Core/Src/stm32f1xx_it.o
                0x08001800                TIM1_UP_IRQHandler
 .text.TIM2_IRQHandler
                0x08001814       0x14 ./Core/Src/stm32f1xx_it.o
                0x08001814                TIM2_IRQHandler
 .text.SystemInit
                0x08001828        0xc ./Core/Src/system_stm32f1xx.o
                0x08001828                SystemInit
 .text.Reset_Handler
                0x08001834       0x48 ./Core/Startup/startup_stm32f103c8tx.o
                0x08001834                Reset_Handler
 .text.Default_Handler
                0x0800187c        0x2 ./Core/Startup/startup_stm32f103c8tx.o
                0x0800187c                RTC_Alarm_IRQHandler
                0x0800187c                EXTI2_IRQHandler
                0x0800187c                TIM1_CC_IRQHandler
                0x0800187c                PVD_IRQHandler
                0x0800187c                EXTI3_IRQHandler
                0x0800187c                EXTI0_IRQHandler
                0x0800187c                I2C2_EV_IRQHandler
                0x0800187c                SPI1_IRQHandler
                0x0800187c                TAMPER_IRQHandler
                0x0800187c                DMA1_Channel4_IRQHandler
                0x0800187c                USART3_IRQHandler
                0x0800187c                RTC_IRQHandler
                0x0800187c                DMA1_Channel7_IRQHandler
                0x0800187c                CAN1_RX1_IRQHandler
                0x0800187c                TIM4_IRQHandler
                0x0800187c                I2C1_EV_IRQHandler
                0x0800187c                DMA1_Channel6_IRQHandler
                0x0800187c                TIM3_IRQHandler
                0x0800187c                RCC_IRQHandler
                0x0800187c                TIM1_TRG_COM_IRQHandler
                0x0800187c                Default_Handler
                0x0800187c                EXTI15_10_IRQHandler
                0x0800187c                EXTI9_5_IRQHandler
                0x0800187c                SPI2_IRQHandler
                0x0800187c                DMA1_Channel5_IRQHandler
                0x0800187c                EXTI4_IRQHandler
                0x0800187c                USB_LP_CAN1_RX0_IRQHandler
                0x0800187c                USB_HP_CAN1_TX_IRQHandler
                0x0800187c                DMA1_Channel3_IRQHandler
                0x0800187c                WWDG_IRQHandler
                0x0800187c                EXTI1_IRQHandler
                0x0800187c                USART2_IRQHandler
                0x0800187c                I2C2_ER_IRQHandler
                0x0800187c                DMA1_Channel2_IRQHandler
                0x0800187c                CAN1_SCE_IRQHandler
                0x0800187c                FLASH_IRQHandler
                0x0800187c                USART1_IRQHandler
                0x0800187c                I2C1_ER_IRQHandler
                0x0800187c                USBWakeUp_IRQHandler
 *fill*         0x0800187e        0x2 
 .text.HAL_Init
                0x08001880       0x2c ./Drivers/STM32F1xx_HAL_Driver/Src/stm32f1xx_hal.o
                0x08001880                HAL_Init
 .text.HAL_InitTick
                0x080018ac       0x60 ./Drivers/STM32F1xx_HAL_Driver/Src/stm32f1xx_hal.o
                0x080018ac                HAL_InitTick
 .text.HAL_IncTick
                0x0800190c       0x24 ./Drivers/STM32F1xx_HAL_Driver/Src/stm32f1xx_hal.o
                0x0800190c                HAL_IncTick
 .text.HAL_GetTick
                0x08001930       0x14 ./Drivers/STM32F1xx_HAL_Driver/Src/stm32f1xx_hal.o
                0x08001930                HAL_GetTick
 .text.HAL_ADC_Init
                0x08001944      0x1b0 ./Drivers/STM32F1xx_HAL_Driver/Src/stm32f1xx_hal_adc.o
                0x08001944                HAL_ADC_Init
 .text.HAL_ADC_Start_DMA
                0x08001af4      0x1bc ./Drivers/STM32F1xx_HAL_Driver/Src/stm32f1xx_hal_adc.o
                0x08001af4                HAL_ADC_Start_DMA
 .text.HAL_ADC_Stop_DMA
                0x08001cb0       0x98 ./Drivers/STM32F1xx_HAL_Driver/Src/stm32f1xx_hal_adc.o
                0x08001cb0                HAL_ADC_Stop_DMA
 .text.HAL_ADC_IRQHandler
                0x08001d48      0x17e ./Drivers/STM32F1xx_HAL_Driver/Src/stm32f1xx_hal_adc.o
                0x08001d48                HAL_ADC_IRQHandler
 .text.HAL_ADC_ConvHalfCpltCallback
                0x08001ec6       0x12 ./Drivers/STM32F1xx_HAL_Driver/Src/stm32f1xx_hal_adc.o
                0x08001ec6                HAL_ADC_ConvHalfCpltCallback
 .text.HAL_ADC_LevelOutOfWindowCallback
                0x08001ed8       0x12 ./Drivers/STM32F1xx_HAL_Driver/Src/stm32f1xx_hal_adc.o
                0x08001ed8                HAL_ADC_LevelOutOfWindowCallback
 .text.HAL_ADC_ErrorCallback
                0x08001eea       0x12 ./Drivers/STM32F1xx_HAL_Driver/Src/stm32f1xx_hal_adc.o
                0x08001eea                HAL_ADC_ErrorCallback
 .text.HAL_ADC_ConfigChannel
                0x08001efc      0x1f0 ./Drivers/STM32F1xx_HAL_Driver/Src/stm32f1xx_hal_adc.o
                0x08001efc                HAL_ADC_ConfigChannel
 .text.ADC_Enable
                0x080020ec       0xb4 ./Drivers/STM32F1xx_HAL_Driver/Src/stm32f1xx_hal_adc.o
                0x080020ec                ADC_Enable
 .text.ADC_ConversionStop_Disable
                0x080021a0       0x82 ./Drivers/STM32F1xx_HAL_Driver/Src/stm32f1xx_hal_adc.o
                0x080021a0                ADC_ConversionStop_Disable
 .text.ADC_DMAConvCplt
                0x08002222       0x7c ./Drivers/STM32F1xx_HAL_Driver/Src/stm32f1xx_hal_adc.o
                0x08002222                ADC_DMAConvCplt
 .text.ADC_DMAHalfConvCplt
                0x0800229e       0x1c ./Drivers/STM32F1xx_HAL_Driver/Src/stm32f1xx_hal_adc.o
                0x0800229e                ADC_DMAHalfConvCplt
 .text.ADC_DMAError
                0x080022ba       0x34 ./Drivers/STM32F1xx_HAL_Driver/Src/stm32f1xx_hal_adc.o
                0x080022ba                ADC_DMAError
 .text.HAL_ADCEx_InjectedConvCpltCallback
                0x080022ee       0x12 ./Drivers/STM32F1xx_HAL_Driver/Src/stm32f1xx_hal_adc_ex.o
                0x080022ee                HAL_ADCEx_InjectedConvCpltCallback
 .text.HAL_CAN_Init
                0x08002300      0x1f6 ./Drivers/STM32F1xx_HAL_Driver/Src/stm32f1xx_hal_can.o
                0x08002300                HAL_CAN_Init
 *fill*         0x080024f6        0x2 
 .text.__NVIC_SetPriorityGrouping
                0x080024f8       0x48 ./Drivers/STM32F1xx_HAL_Driver/Src/stm32f1xx_hal_cortex.o
 .text.__NVIC_GetPriorityGrouping
                0x08002540       0x1c ./Drivers/STM32F1xx_HAL_Driver/Src/stm32f1xx_hal_cortex.o
 .text.__NVIC_EnableIRQ
                0x0800255c       0x38 ./Drivers/STM32F1xx_HAL_Driver/Src/stm32f1xx_hal_cortex.o
 .text.__NVIC_SetPriority
                0x08002594       0x54 ./Drivers/STM32F1xx_HAL_Driver/Src/stm32f1xx_hal_cortex.o
 .text.NVIC_EncodePriority
                0x080025e8       0x64 ./Drivers/STM32F1xx_HAL_Driver/Src/stm32f1xx_hal_cortex.o
 .text.SysTick_Config
                0x0800264c       0x44 ./Drivers/STM32F1xx_HAL_Driver/Src/stm32f1xx_hal_cortex.o
 .text.HAL_NVIC_SetPriorityGrouping
                0x08002690       0x16 ./Drivers/STM32F1xx_HAL_Driver/Src/stm32f1xx_hal_cortex.o
                0x08002690                HAL_NVIC_SetPriorityGrouping
 .text.HAL_NVIC_SetPriority
                0x080026a6       0x38 ./Drivers/STM32F1xx_HAL_Driver/Src/stm32f1xx_hal_cortex.o
                0x080026a6                HAL_NVIC_SetPriority
 .text.HAL_NVIC_EnableIRQ
                0x080026de       0x1c ./Drivers/STM32F1xx_HAL_Driver/Src/stm32f1xx_hal_cortex.o
                0x080026de                HAL_NVIC_EnableIRQ
 .text.HAL_SYSTICK_Config
                0x080026fa       0x18 ./Drivers/STM32F1xx_HAL_Driver/Src/stm32f1xx_hal_cortex.o
                0x080026fa                HAL_SYSTICK_Config
 *fill*         0x08002712        0x2 
 .text.HAL_DMA_Init
                0x08002714       0xb4 ./Drivers/STM32F1xx_HAL_Driver/Src/stm32f1xx_hal_dma.o
                0x08002714                HAL_DMA_Init
 .text.HAL_DMA_Start_IT
                0x080027c8       0xc0 ./Drivers/STM32F1xx_HAL_Driver/Src/stm32f1xx_hal_dma.o
                0x080027c8                HAL_DMA_Start_IT
 .text.HAL_DMA_Abort
                0x08002888       0x76 ./Drivers/STM32F1xx_HAL_Driver/Src/stm32f1xx_hal_dma.o
                0x08002888                HAL_DMA_Abort
 *fill*         0x080028fe        0x2 
 .text.HAL_DMA_IRQHandler
                0x08002900      0x20c ./Drivers/STM32F1xx_HAL_Driver/Src/stm32f1xx_hal_dma.o
                0x08002900                HAL_DMA_IRQHandler
 .text.DMA_SetConfig
                0x08002b0c       0x5a ./Drivers/STM32F1xx_HAL_Driver/Src/stm32f1xx_hal_dma.o
 *fill*         0x08002b66        0x2 
 .text.HAL_FLASH_Program
                0x08002b68       0xe0 ./Drivers/STM32F1xx_HAL_Driver/Src/stm32f1xx_hal_flash.o
                0x08002b68                HAL_FLASH_Program
 .text.HAL_FLASH_Unlock
                0x08002c48       0x4c ./Drivers/STM32F1xx_HAL_Driver/Src/stm32f1xx_hal_flash.o
                0x08002c48                HAL_FLASH_Unlock
 .text.HAL_FLASH_Lock
                0x08002c94       0x20 ./Drivers/STM32F1xx_HAL_Driver/Src/stm32f1xx_hal_flash.o
                0x08002c94                HAL_FLASH_Lock
 .text.FLASH_Program_HalfWord
                0x08002cb4       0x38 ./Drivers/STM32F1xx_HAL_Driver/Src/stm32f1xx_hal_flash.o
 .text.FLASH_WaitForLastOperation
                0x08002cec       0x8c ./Drivers/STM32F1xx_HAL_Driver/Src/stm32f1xx_hal_flash.o
                0x08002cec                FLASH_WaitForLastOperation
 .text.FLASH_SetErrorCode
                0x08002d78       0xa0 ./Drivers/STM32F1xx_HAL_Driver/Src/stm32f1xx_hal_flash.o
 .text.HAL_FLASHEx_Erase
                0x08002e18       0xd8 ./Drivers/STM32F1xx_HAL_Driver/Src/stm32f1xx_hal_flash_ex.o
                0x08002e18                HAL_FLASHEx_Erase
 .text.FLASH_MassErase
                0x08002ef0       0x38 ./Drivers/STM32F1xx_HAL_Driver/Src/stm32f1xx_hal_flash_ex.o
 .text.FLASH_PageErase
                0x08002f28       0x40 ./Drivers/STM32F1xx_HAL_Driver/Src/stm32f1xx_hal_flash_ex.o
                0x08002f28                FLASH_PageErase
 .text.HAL_GPIO_Init
                0x08002f68      0x308 ./Drivers/STM32F1xx_HAL_Driver/Src/stm32f1xx_hal_gpio.o
                0x08002f68                HAL_GPIO_Init
 .text.HAL_GPIO_ReadPin
                0x08003270       0x2e ./Drivers/STM32F1xx_HAL_Driver/Src/stm32f1xx_hal_gpio.o
                0x08003270                HAL_GPIO_ReadPin
 .text.HAL_GPIO_WritePin
                0x0800329e       0x30 ./Drivers/STM32F1xx_HAL_Driver/Src/stm32f1xx_hal_gpio.o
                0x0800329e                HAL_GPIO_WritePin
 .text.HAL_GPIO_TogglePin
                0x080032ce       0x32 ./Drivers/STM32F1xx_HAL_Driver/Src/stm32f1xx_hal_gpio.o
                0x080032ce                HAL_GPIO_TogglePin
 .text.HAL_I2C_Init
                0x08003300      0x288 ./Drivers/STM32F1xx_HAL_Driver/Src/stm32f1xx_hal_i2c.o
                0x08003300                HAL_I2C_Init
 .text.HAL_RCC_OscConfig
                0x08003588      0x504 ./Drivers/STM32F1xx_HAL_Driver/Src/stm32f1xx_hal_rcc.o
                0x08003588                HAL_RCC_OscConfig
 .text.HAL_RCC_ClockConfig
                0x08003a8c      0x1d4 ./Drivers/STM32F1xx_HAL_Driver/Src/stm32f1xx_hal_rcc.o
                0x08003a8c                HAL_RCC_ClockConfig
 .text.HAL_RCC_GetSysClockFreq
                0x08003c60       0xa8 ./Drivers/STM32F1xx_HAL_Driver/Src/stm32f1xx_hal_rcc.o
                0x08003c60                HAL_RCC_GetSysClockFreq
 .text.HAL_RCC_GetHCLKFreq
                0x08003d08       0x14 ./Drivers/STM32F1xx_HAL_Driver/Src/stm32f1xx_hal_rcc.o
                0x08003d08                HAL_RCC_GetHCLKFreq
 .text.HAL_RCC_GetPCLK1Freq
                0x08003d1c       0x28 ./Drivers/STM32F1xx_HAL_Driver/Src/stm32f1xx_hal_rcc.o
                0x08003d1c                HAL_RCC_GetPCLK1Freq
 .text.HAL_RCC_GetPCLK2Freq
                0x08003d44       0x28 ./Drivers/STM32F1xx_HAL_Driver/Src/stm32f1xx_hal_rcc.o
                0x08003d44                HAL_RCC_GetPCLK2Freq
 .text.RCC_Delay
                0x08003d6c       0x3c ./Drivers/STM32F1xx_HAL_Driver/Src/stm32f1xx_hal_rcc.o
 .text.HAL_RCCEx_PeriphCLKConfig
                0x08003da8      0x16c ./Drivers/STM32F1xx_HAL_Driver/Src/stm32f1xx_hal_rcc_ex.o
                0x08003da8                HAL_RCCEx_PeriphCLKConfig
 .text.HAL_SPI_Init
                0x08003f14      0x108 ./Drivers/STM32F1xx_HAL_Driver/Src/stm32f1xx_hal_spi.o
                0x08003f14                HAL_SPI_Init
 .text.HAL_TIM_Base_Init
                0x0800401c       0x9e ./Drivers/STM32F1xx_HAL_Driver/Src/stm32f1xx_hal_tim.o
                0x0800401c                HAL_TIM_Base_Init
 *fill*         0x080040ba        0x2 
 .text.HAL_TIM_Base_Start_IT
                0x080040bc       0xa4 ./Drivers/STM32F1xx_HAL_Driver/Src/stm32f1xx_hal_tim.o
                0x080040bc                HAL_TIM_Base_Start_IT
 .text.HAL_TIM_IRQHandler
                0x08004160      0x1e0 ./Drivers/STM32F1xx_HAL_Driver/Src/stm32f1xx_hal_tim.o
                0x08004160                HAL_TIM_IRQHandler
 .text.HAL_TIM_ConfigClockSource
                0x08004340      0x18e ./Drivers/STM32F1xx_HAL_Driver/Src/stm32f1xx_hal_tim.o
                0x08004340                HAL_TIM_ConfigClockSource
 .text.HAL_TIM_OC_DelayElapsedCallback
                0x080044ce       0x12 ./Drivers/STM32F1xx_HAL_Driver/Src/stm32f1xx_hal_tim.o
                0x080044ce                HAL_TIM_OC_DelayElapsedCallback
 .text.HAL_TIM_IC_CaptureCallback
                0x080044e0       0x12 ./Drivers/STM32F1xx_HAL_Driver/Src/stm32f1xx_hal_tim.o
                0x080044e0                HAL_TIM_IC_CaptureCallback
 .text.HAL_TIM_PWM_PulseFinishedCallback
                0x080044f2       0x12 ./Drivers/STM32F1xx_HAL_Driver/Src/stm32f1xx_hal_tim.o
                0x080044f2                HAL_TIM_PWM_PulseFinishedCallback
 .text.HAL_TIM_TriggerCallback
                0x08004504       0x12 ./Drivers/STM32F1xx_HAL_Driver/Src/stm32f1xx_hal_tim.o
                0x08004504                HAL_TIM_TriggerCallback
 *fill*         0x08004516        0x2 
 .text.TIM_Base_SetConfig
                0x08004518       0xdc ./Drivers/STM32F1xx_HAL_Driver/Src/stm32f1xx_hal_tim.o
                0x08004518                TIM_Base_SetConfig
 .text.TIM_TI1_ConfigInputStage
                0x080045f4       0x5c ./Drivers/STM32F1xx_HAL_Driver/Src/stm32f1xx_hal_tim.o
 .text.TIM_TI2_ConfigInputStage
                0x08004650       0x5e ./Drivers/STM32F1xx_HAL_Driver/Src/stm32f1xx_hal_tim.o
 .text.TIM_ITRx_SetConfig
                0x080046ae       0x34 ./Drivers/STM32F1xx_HAL_Driver/Src/stm32f1xx_hal_tim.o
 .text.TIM_ETR_SetConfig
                0x080046e2       0x3e ./Drivers/STM32F1xx_HAL_Driver/Src/stm32f1xx_hal_tim.o
                0x080046e2                TIM_ETR_SetConfig
 .text.HAL_TIMEx_MasterConfigSynchronization
                0x08004720       0xbc ./Drivers/STM32F1xx_HAL_Driver/Src/stm32f1xx_hal_tim_ex.o
                0x08004720                HAL_TIMEx_MasterConfigSynchronization
 .text.HAL_TIMEx_CommutCallback
                0x080047dc       0x12 ./Drivers/STM32F1xx_HAL_Driver/Src/stm32f1xx_hal_tim_ex.o
                0x080047dc                HAL_TIMEx_CommutCallback
 .text.HAL_TIMEx_BreakCallback
                0x080047ee       0x12 ./Drivers/STM32F1xx_HAL_Driver/Src/stm32f1xx_hal_tim_ex.o
                0x080047ee                HAL_TIMEx_BreakCallback
 .text.HAL_UART_Init
                0x08004800       0xa0 ./Drivers/STM32F1xx_HAL_Driver/Src/stm32f1xx_hal_uart.o
                0x08004800                HAL_UART_Init
 .text.UART_SetConfig
                0x080048a0      0x11c ./Drivers/STM32F1xx_HAL_Driver/Src/stm32f1xx_hal_uart.o
 .text.makeFreeRtosPriority
                0x080049bc       0x2e ./Middlewares/Third_Party/FreeRTOS/Source/CMSIS_RTOS/cmsis_os.o
 .text.inHandlerMode
                0x080049ea       0x22 ./Middlewares/Third_Party/FreeRTOS/Source/CMSIS_RTOS/cmsis_os.o
 .text.osKernelStart
                0x08004a0c        0xe ./Middlewares/Third_Party/FreeRTOS/Source/CMSIS_RTOS/cmsis_os.o
                0x08004a0c                osKernelStart
 .text.osThreadCreate
                0x08004a1a       0x98 ./Middlewares/Third_Party/FreeRTOS/Source/CMSIS_RTOS/cmsis_os.o
                0x08004a1a                osThreadCreate
 .text.osDelay  0x08004ab2       0x28 ./Middlewares/Third_Party/FreeRTOS/Source/CMSIS_RTOS/cmsis_os.o
                0x08004ab2                osDelay
 .text.osMutexCreate
                0x08004ada       0x30 ./Middlewares/Third_Party/FreeRTOS/Source/CMSIS_RTOS/cmsis_os.o
                0x08004ada                osMutexCreate
 *fill*         0x08004b0a        0x2 
 .text.osMutexWait
                0x08004b0c       0x9c ./Middlewares/Third_Party/FreeRTOS/Source/CMSIS_RTOS/cmsis_os.o
                0x08004b0c                osMutexWait
 .text.osMutexRelease
                0x08004ba8       0x6c ./Middlewares/Third_Party/FreeRTOS/Source/CMSIS_RTOS/cmsis_os.o
                0x08004ba8                osMutexRelease
 .text.osMessageCreate
                0x08004c14       0x50 ./Middlewares/Third_Party/FreeRTOS/Source/CMSIS_RTOS/cmsis_os.o
                0x08004c14                osMessageCreate
 .text.vListInitialise
                0x08004c64       0x3e ./Middlewares/Third_Party/FreeRTOS/Source/list.o
                0x08004c64                vListInitialise
 .text.vListInitialiseItem
                0x08004ca2       0x18 ./Middlewares/Third_Party/FreeRTOS/Source/list.o
                0x08004ca2                vListInitialiseItem
 .text.vListInsertEnd
                0x08004cba       0x46 ./Middlewares/Third_Party/FreeRTOS/Source/list.o
                0x08004cba                vListInsertEnd
 .text.vListInsert
                0x08004d00       0x70 ./Middlewares/Third_Party/FreeRTOS/Source/list.o
                0x08004d00                vListInsert
 .text.uxListRemove
                0x08004d70       0x52 ./Middlewares/Third_Party/FreeRTOS/Source/list.o
                0x08004d70                uxListRemove
 *fill*         0x08004dc2        0x2 
 .text.xQueueGenericReset
                0x08004dc4       0xd4 ./Middlewares/Third_Party/FreeRTOS/Source/queue.o
                0x08004dc4                xQueueGenericReset
 .text.xQueueGenericCreateStatic
                0x08004e98       0xfa ./Middlewares/Third_Party/FreeRTOS/Source/queue.o
                0x08004e98                xQueueGenericCreateStatic
 .text.xQueueGenericCreate
                0x08004f92       0x76 ./Middlewares/Third_Party/FreeRTOS/Source/queue.o
                0x08004f92                xQueueGenericCreate
 .text.prvInitialiseNewQueue
                0x08005008       0x3e ./Middlewares/Third_Party/FreeRTOS/Source/queue.o
 .text.prvInitialiseMutex
                0x08005046       0x34 ./Middlewares/Third_Party/FreeRTOS/Source/queue.o
 .text.xQueueCreateMutex
                0x0800507a       0x30 ./Middlewares/Third_Party/FreeRTOS/Source/queue.o
                0x0800507a                xQueueCreateMutex
 .text.xQueueCreateMutexStatic
                0x080050aa       0x36 ./Middlewares/Third_Party/FreeRTOS/Source/queue.o
                0x080050aa                xQueueCreateMutexStatic
 .text.xQueueGenericSend
                0x080050e0      0x204 ./Middlewares/Third_Party/FreeRTOS/Source/queue.o
                0x080050e0                xQueueGenericSend
 .text.xQueueGiveFromISR
                0x080052e4      0x120 ./Middlewares/Third_Party/FreeRTOS/Source/queue.o
                0x080052e4                xQueueGiveFromISR
 .text.xQueueReceive
                0x08005404      0x1c4 ./Middlewares/Third_Party/FreeRTOS/Source/queue.o
                0x08005404                xQueueReceive
 .text.xQueueSemaphoreTake
                0x080055c8      0x220 ./Middlewares/Third_Party/FreeRTOS/Source/queue.o
                0x080055c8                xQueueSemaphoreTake
 .text.xQueueReceiveFromISR
                0x080057e8      0x104 ./Middlewares/Third_Party/FreeRTOS/Source/queue.o
                0x080057e8                xQueueReceiveFromISR
 .text.prvGetDisinheritPriorityAfterTimeout
                0x080058ec       0x2e ./Middlewares/Third_Party/FreeRTOS/Source/queue.o
 .text.prvCopyDataToQueue
                0x0800591a       0xd4 ./Middlewares/Third_Party/FreeRTOS/Source/queue.o
 .text.prvCopyDataFromQueue
                0x080059ee       0x4c ./Middlewares/Third_Party/FreeRTOS/Source/queue.o
 .text.prvUnlockQueue
                0x08005a3a       0xa4 ./Middlewares/Third_Party/FreeRTOS/Source/queue.o
 .text.prvIsQueueEmpty
                0x08005ade       0x2c ./Middlewares/Third_Party/FreeRTOS/Source/queue.o
 .text.prvIsQueueFull
                0x08005b0a       0x30 ./Middlewares/Third_Party/FreeRTOS/Source/queue.o
 .text.xTaskCreateStatic
                0x08005b3a       0xc0 ./Middlewares/Third_Party/FreeRTOS/Source/tasks.o
                0x08005b3a                xTaskCreateStatic
 .text.xTaskCreate
                0x08005bfa       0x8a ./Middlewares/Third_Party/FreeRTOS/Source/tasks.o
                0x08005bfa                xTaskCreate
 .text.prvInitialiseNewTask
                0x08005c84      0x110 ./Middlewares/Third_Party/FreeRTOS/Source/tasks.o
 .text.prvAddNewTaskToReadyList
                0x08005d94       0xd4 ./Middlewares/Third_Party/FreeRTOS/Source/tasks.o
 .text.vTaskDelay
                0x08005e68       0x6c ./Middlewares/Third_Party/FreeRTOS/Source/tasks.o
                0x08005e68                vTaskDelay
 .text.vTaskStartScheduler
                0x08005ed4       0xc4 ./Middlewares/Third_Party/FreeRTOS/Source/tasks.o
                0x08005ed4                vTaskStartScheduler
 .text.vTaskSuspendAll
                0x08005f98       0x1c ./Middlewares/Third_Party/FreeRTOS/Source/tasks.o
                0x08005f98                vTaskSuspendAll
 .text.xTaskResumeAll
                0x08005fb4      0x13c ./Middlewares/Third_Party/FreeRTOS/Source/tasks.o
                0x08005fb4                xTaskResumeAll
 .text.xTaskIncrementTick
                0x080060f0      0x174 ./Middlewares/Third_Party/FreeRTOS/Source/tasks.o
                0x080060f0                xTaskIncrementTick
 .text.vTaskSwitchContext
                0x08006264       0xb8 ./Middlewares/Third_Party/FreeRTOS/Source/tasks.o
                0x08006264                vTaskSwitchContext
 .text.vTaskPlaceOnEventList
                0x0800631c       0x4c ./Middlewares/Third_Party/FreeRTOS/Source/tasks.o
                0x0800631c                vTaskPlaceOnEventList
 .text.xTaskRemoveFromEventList
                0x08006368       0xc8 ./Middlewares/Third_Party/FreeRTOS/Source/tasks.o
                0x08006368                xTaskRemoveFromEventList
 .text.vTaskInternalSetTimeOutState
                0x08006430       0x2c ./Middlewares/Third_Party/FreeRTOS/Source/tasks.o
                0x08006430                vTaskInternalSetTimeOutState
 .text.xTaskCheckForTimeOut
                0x0800645c       0xc8 ./Middlewares/Third_Party/FreeRTOS/Source/tasks.o
                0x0800645c                xTaskCheckForTimeOut
 .text.vTaskMissedYield
                0x08006524       0x18 ./Middlewares/Third_Party/FreeRTOS/Source/tasks.o
                0x08006524                vTaskMissedYield
 .text.prvIdleTask
                0x0800653c       0x30 ./Middlewares/Third_Party/FreeRTOS/Source/tasks.o
 .text.prvInitialiseTaskLists
                0x0800656c       0x80 ./Middlewares/Third_Party/FreeRTOS/Source/tasks.o
 .text.prvCheckTasksWaitingTermination
                0x080065ec       0x5c ./Middlewares/Third_Party/FreeRTOS/Source/tasks.o
 .text.prvDeleteTCB
                0x08006648       0x60 ./Middlewares/Third_Party/FreeRTOS/Source/tasks.o
 .text.prvResetNextTaskUnblockTime
                0x080066a8       0x40 ./Middlewares/Third_Party/FreeRTOS/Source/tasks.o
 .text.xTaskGetSchedulerState
                0x080066e8       0x3c ./Middlewares/Third_Party/FreeRTOS/Source/tasks.o
                0x080066e8                xTaskGetSchedulerState
 .text.xTaskPriorityInherit
                0x08006724       0xec ./Middlewares/Third_Party/FreeRTOS/Source/tasks.o
                0x08006724                xTaskPriorityInherit
 .text.xTaskPriorityDisinherit
                0x08006810      0x110 ./Middlewares/Third_Party/FreeRTOS/Source/tasks.o
                0x08006810                xTaskPriorityDisinherit
 .text.vTaskPriorityDisinheritAfterTimeout
                0x08006920      0x120 ./Middlewares/Third_Party/FreeRTOS/Source/tasks.o
                0x08006920                vTaskPriorityDisinheritAfterTimeout
 .text.pvTaskIncrementMutexHeldCount
                0x08006a40       0x28 ./Middlewares/Third_Party/FreeRTOS/Source/tasks.o
                0x08006a40                pvTaskIncrementMutexHeldCount
 .text.ulTaskNotifyTake
                0x08006a68       0x90 ./Middlewares/Third_Party/FreeRTOS/Source/tasks.o
                0x08006a68                ulTaskNotifyTake
 .text.vTaskNotifyGiveFromISR
                0x08006af8      0x128 ./Middlewares/Third_Party/FreeRTOS/Source/tasks.o
                0x08006af8                vTaskNotifyGiveFromISR
 .text.prvAddCurrentTaskToDelayedList
                0x08006c20       0xcc ./Middlewares/Third_Party/FreeRTOS/Source/tasks.o
 .text.pxPortInitialiseStack
                0x08006cec       0x58 ./Middlewares/Third_Party/FreeRTOS/Source/portable/GCC/ARM_CM3/port.o
                0x08006cec                pxPortInitialiseStack
 .text.prvTaskExitError
                0x08006d44       0x58 ./Middlewares/Third_Party/FreeRTOS/Source/portable/GCC/ARM_CM3/port.o
 *fill*         0x08006d9c        0x4 
 .text.SVC_Handler
                0x08006da0       0x28 ./Middlewares/Third_Party/FreeRTOS/Source/portable/GCC/ARM_CM3/port.o
                0x08006da0                SVC_Handler
 .text.prvPortStartFirstTask
                0x08006dc8       0x20 ./Middlewares/Third_Party/FreeRTOS/Source/portable/GCC/ARM_CM3/port.o
 .text.xPortStartScheduler
                0x08006de8       0xe4 ./Middlewares/Third_Party/FreeRTOS/Source/portable/GCC/ARM_CM3/port.o
                0x08006de8                xPortStartScheduler
 .text.vPortEnterCritical
                0x08006ecc       0x60 ./Middlewares/Third_Party/FreeRTOS/Source/portable/GCC/ARM_CM3/port.o
                0x08006ecc                vPortEnterCritical
 .text.vPortExitCritical
                0x08006f2c       0x54 ./Middlewares/Third_Party/FreeRTOS/Source/portable/GCC/ARM_CM3/port.o
                0x08006f2c                vPortExitCritical
 .text.PendSV_Handler
                0x08006f80       0x48 ./Middlewares/Third_Party/FreeRTOS/Source/portable/GCC/ARM_CM3/port.o
                0x08006f80                PendSV_Handler
 .text.xPortSysTickHandler
                0x08006fc8       0x44 ./Middlewares/Third_Party/FreeRTOS/Source/portable/GCC/ARM_CM3/port.o
                0x08006fc8                xPortSysTickHandler
 .text.vPortSetupTimerInterrupt
                0x0800700c       0x44 ./Middlewares/Third_Party/FreeRTOS/Source/portable/GCC/ARM_CM3/port.o
                0x0800700c                vPortSetupTimerInterrupt
 .text.vPortValidateInterruptPriority
                0x08007050       0x80 ./Middlewares/Third_Party/FreeRTOS/Source/portable/GCC/ARM_CM3/port.o
                0x08007050                vPortValidateInterruptPriority
 .text.pvPortMalloc
                0x080070d0      0x19c ./Middlewares/Third_Party/FreeRTOS/Source/portable/MemMang/heap_4.o
                0x080070d0                pvPortMalloc
 .text.vPortFree
                0x0800726c       0xc8 ./Middlewares/Third_Party/FreeRTOS/Source/portable/MemMang/heap_4.o
                0x0800726c                vPortFree
 .text.prvHeapInit
                0x08007334       0xc4 ./Middlewares/Third_Party/FreeRTOS/Source/portable/MemMang/heap_4.o
 .text.prvInsertBlockIntoFreeList
                0x080073f8       0xb0 ./Middlewares/Third_Party/FreeRTOS/Source/portable/MemMang/heap_4.o
 .text.memset   0x080074a8       0x10 D:/APP/ST/STM32CubeIDE_1.16.0/STM32CubeIDE/plugins/com.st.stm32cube.ide.mcu.externaltools.gnu-tools-for-stm32.12.3.rel1.win32_1.0.200.202406191623/tools/bin/../lib/gcc/arm-none-eabi/12.3.1/../../../../arm-none-eabi/lib/thumb/v7-m/nofp\libc_nano.a(libc_a-memset.o)
                0x080074a8                memset
 .text.__libc_init_array
                0x080074b8       0x48 D:/APP/ST/STM32CubeIDE_1.16.0/STM32CubeIDE/plugins/com.st.stm32cube.ide.mcu.externaltools.gnu-tools-for-stm32.12.3.rel1.win32_1.0.200.202406191623/tools/bin/../lib/gcc/arm-none-eabi/12.3.1/../../../../arm-none-eabi/lib/thumb/v7-m/nofp\libc_nano.a(libc_a-init.o)
                0x080074b8                __libc_init_array
 .text.memcpy   0x08007500       0x1c D:/APP/ST/STM32CubeIDE_1.16.0/STM32CubeIDE/plugins/com.st.stm32cube.ide.mcu.externaltools.gnu-tools-for-stm32.12.3.rel1.win32_1.0.200.202406191623/tools/bin/../lib/gcc/arm-none-eabi/12.3.1/../../../../arm-none-eabi/lib/thumb/v7-m/nofp\libc_nano.a(libc_a-memcpy-stub.o)
                0x08007500                memcpy
 *(.glue_7)
 .glue_7        0x0800751c        0x0 linker stubs
 *(.glue_7t)
 .glue_7t       0x0800751c        0x0 linker stubs
 *(.eh_frame)
 .eh_frame      0x0800751c        0x0 D:/APP/ST/STM32CubeIDE_1.16.0/STM32CubeIDE/plugins/com.st.stm32cube.ide.mcu.externaltools.gnu-tools-for-stm32.12.3.rel1.win32_1.0.200.202406191623/tools/bin/../lib/gcc/arm-none-eabi/12.3.1/thumb/v7-m/nofp/crtbegin.o
 *(.init)
 .init          0x0800751c        0x4 D:/APP/ST/STM32CubeIDE_1.16.0/STM32CubeIDE/plugins/com.st.stm32cube.ide.mcu.externaltools.gnu-tools-for-stm32.12.3.rel1.win32_1.0.200.202406191623/tools/bin/../lib/gcc/arm-none-eabi/12.3.1/thumb/v7-m/nofp/crti.o
                0x0800751c                _init
 .init          0x08007520        0x8 D:/APP/ST/STM32CubeIDE_1.16.0/STM32CubeIDE/plugins/com.st.stm32cube.ide.mcu.externaltools.gnu-tools-for-stm32.12.3.rel1.win32_1.0.200.202406191623/tools/bin/../lib/gcc/arm-none-eabi/12.3.1/thumb/v7-m/nofp/crtn.o
 *(.fini)
 .fini          0x08007528        0x4 D:/APP/ST/STM32CubeIDE_1.16.0/STM32CubeIDE/plugins/com.st.stm32cube.ide.mcu.externaltools.gnu-tools-for-stm32.12.3.rel1.win32_1.0.200.202406191623/tools/bin/../lib/gcc/arm-none-eabi/12.3.1/thumb/v7-m/nofp/crti.o
                0x08007528                _fini
 .fini          0x0800752c        0x8 D:/APP/ST/STM32CubeIDE_1.16.0/STM32CubeIDE/plugins/com.st.stm32cube.ide.mcu.externaltools.gnu-tools-for-stm32.12.3.rel1.win32_1.0.200.202406191623/tools/bin/../lib/gcc/arm-none-eabi/12.3.1/thumb/v7-m/nofp/crtn.o
                0x08007534                        . = ALIGN (0x4)
                0x08007534                        _etext = .

.vfp11_veneer   0x08007534        0x0
 .vfp11_veneer  0x08007534        0x0 linker stubs

.v4_bx          0x08007534        0x0
 .v4_bx         0x08007534        0x0 linker stubs

.iplt           0x08007534        0x0
 .iplt          0x08007534        0x0 D:/APP/ST/STM32CubeIDE_1.16.0/STM32CubeIDE/plugins/com.st.stm32cube.ide.mcu.externaltools.gnu-tools-for-stm32.12.3.rel1.win32_1.0.200.202406191623/tools/bin/../lib/gcc/arm-none-eabi/12.3.1/thumb/v7-m/nofp/crtbegin.o

.rodata         0x08007534       0xe8
                0x08007534                        . = ALIGN (0x4)
 *(.rodata)
 .rodata        0x08007534       0xb4 ./Core/Src/main.o
 .rodata        0x080075e8        0x5 ./Middlewares/Third_Party/FreeRTOS/Source/tasks.o
 *(.rodata*)
 *fill*         0x080075ed        0x3 
 .rodata.AHBPrescTable
                0x080075f0       0x10 ./Core/Src/system_stm32f1xx.o
                0x080075f0                AHBPrescTable
 .rodata.APBPrescTable
                0x08007600        0x8 ./Core/Src/system_stm32f1xx.o
                0x08007600                APBPrescTable
 .rodata.aPLLMULFactorTable.1
                0x08007608       0x10 ./Drivers/STM32F1xx_HAL_Driver/Src/stm32f1xx_hal_rcc.o
 .rodata.aPredivFactorTable.0
                0x08007618        0x2 ./Drivers/STM32F1xx_HAL_Driver/Src/stm32f1xx_hal_rcc.o
                0x0800761c                        . = ALIGN (0x4)
 *fill*         0x0800761a        0x2 

.ARM.extab      0x0800761c        0x0
                0x0800761c                        . = ALIGN (0x4)
 *(.ARM.extab* .gnu.linkonce.armextab.*)
                0x0800761c                        . = ALIGN (0x4)

.ARM            0x0800761c        0x0
                0x0800761c                        . = ALIGN (0x4)
                0x0800761c                        __exidx_start = .
 *(.ARM.exidx*)
                0x0800761c                        __exidx_end = .
                0x0800761c                        . = ALIGN (0x4)

.preinit_array  0x0800761c        0x0
                0x0800761c                        . = ALIGN (0x4)
                0x0800761c                        PROVIDE (__preinit_array_start = .)
 *(.preinit_array*)
                0x0800761c                        PROVIDE (__preinit_array_end = .)
                0x0800761c                        . = ALIGN (0x4)

.init_array     0x0800761c        0x4
                0x0800761c                        . = ALIGN (0x4)
                0x0800761c                        PROVIDE (__init_array_start = .)
 *(SORT_BY_NAME(.init_array.*))
 *(.init_array*)
 .init_array    0x0800761c        0x4 D:/APP/ST/STM32CubeIDE_1.16.0/STM32CubeIDE/plugins/com.st.stm32cube.ide.mcu.externaltools.gnu-tools-for-stm32.12.3.rel1.win32_1.0.200.202406191623/tools/bin/../lib/gcc/arm-none-eabi/12.3.1/thumb/v7-m/nofp/crtbegin.o
                0x08007620                        PROVIDE (__init_array_end = .)
                0x08007620                        . = ALIGN (0x4)

.fini_array     0x08007620        0x4
                0x08007620                        . = ALIGN (0x4)
                [!provide]                        PROVIDE (__fini_array_start = .)
 *(SORT_BY_NAME(.fini_array.*))
 *(.fini_array*)
 .fini_array    0x08007620        0x4 D:/APP/ST/STM32CubeIDE_1.16.0/STM32CubeIDE/plugins/com.st.stm32cube.ide.mcu.externaltools.gnu-tools-for-stm32.12.3.rel1.win32_1.0.200.202406191623/tools/bin/../lib/gcc/arm-none-eabi/12.3.1/thumb/v7-m/nofp/crtbegin.o
                [!provide]                        PROVIDE (__fini_array_end = .)
                0x08007624                        . = ALIGN (0x4)
                0x08007624                        _sidata = LOADADDR (.data)

.rel.dyn        0x08007624        0x0
 .rel.iplt      0x08007624        0x0 D:/APP/ST/STM32CubeIDE_1.16.0/STM32CubeIDE/plugins/com.st.stm32cube.ide.mcu.externaltools.gnu-tools-for-stm32.12.3.rel1.win32_1.0.200.202406191623/tools/bin/../lib/gcc/arm-none-eabi/12.3.1/thumb/v7-m/nofp/crtbegin.o

.data           0x20000000       0x10 load address 0x08007624
                0x20000000                        . = ALIGN (0x4)
                0x20000000                        _sdata = .
 *(.data)
 *(.data*)
 .data.SystemCoreClock
                0x20000000        0x4 ./Core/Src/system_stm32f1xx.o
                0x20000000                SystemCoreClock
 .data.uwTickPrio
                0x20000004        0x4 ./Drivers/STM32F1xx_HAL_Driver/Src/stm32f1xx_hal.o
                0x20000004                uwTickPrio
 .data.uwTickFreq
                0x20000008        0x1 ./Drivers/STM32F1xx_HAL_Driver/Src/stm32f1xx_hal.o
                0x20000008                uwTickFreq
 *fill*         0x20000009        0x3 
 .data.uxCriticalNesting
                0x2000000c        0x4 ./Middlewares/Third_Party/FreeRTOS/Source/portable/GCC/ARM_CM3/port.o
 *(.RamFunc)
 *(.RamFunc*)
                0x20000010                        . = ALIGN (0x4)
                0x20000010                        _edata = .

.igot.plt       0x20000010        0x0 load address 0x08007634
 .igot.plt      0x20000010        0x0 D:/APP/ST/STM32CubeIDE_1.16.0/STM32CubeIDE/plugins/com.st.stm32cube.ide.mcu.externaltools.gnu-tools-for-stm32.12.3.rel1.win32_1.0.200.202406191623/tools/bin/../lib/gcc/arm-none-eabi/12.3.1/thumb/v7-m/nofp/crtbegin.o
                0x20000010                        . = ALIGN (0x4)

.bss            0x20000010     0x2924 load address 0x08007634
                0x20000010                        _sbss = .
                0x20000010                        __bss_start__ = _sbss
 *(.bss)
 .bss           0x20000010       0x1c D:/APP/ST/STM32CubeIDE_1.16.0/STM32CubeIDE/plugins/com.st.stm32cube.ide.mcu.externaltools.gnu-tools-for-stm32.12.3.rel1.win32_1.0.200.202406191623/tools/bin/../lib/gcc/arm-none-eabi/12.3.1/thumb/v7-m/nofp/crtbegin.o
 *(.bss*)
 .bss.xIdleTaskTCBBuffer
                0x2000002c       0x54 ./Core/Src/freertos.o
 .bss.xIdleStack
                0x20000080      0x200 ./Core/Src/freertos.o
 .bss.hadc1     0x20000280       0x30 ./Core/Src/main.o
                0x20000280                hadc1
 .bss.hdma_adc1
                0x200002b0       0x44 ./Core/Src/main.o
                0x200002b0                hdma_adc1
 .bss.hcan      0x200002f4       0x28 ./Core/Src/main.o
                0x200002f4                hcan
 .bss.hi2c1     0x2000031c       0x54 ./Core/Src/main.o
                0x2000031c                hi2c1
 .bss.hspi1     0x20000370       0x58 ./Core/Src/main.o
                0x20000370                hspi1
 .bss.htim1     0x200003c8       0x48 ./Core/Src/main.o
                0x200003c8                htim1
 .bss.htim2     0x20000410       0x48 ./Core/Src/main.o
                0x20000410                htim2
 .bss.huart1    0x20000458       0x48 ./Core/Src/main.o
                0x20000458                huart1
 .bss.huart3    0x200004a0       0x48 ./Core/Src/main.o
                0x200004a0                huart3
 .bss.defaultTaskHandle
                0x200004e8        0x4 ./Core/Src/main.o
                0x200004e8                defaultTaskHandle
 .bss.Task_ButtonHandle
                0x200004ec        0x4 ./Core/Src/main.o
                0x200004ec                Task_ButtonHandle
 .bss.Task_Test_IRHandle
                0x200004f0        0x4 ./Core/Src/main.o
                0x200004f0                Task_Test_IRHandle
 .bss.Task_ADCHandle
                0x200004f4        0x4 ./Core/Src/main.o
                0x200004f4                Task_ADCHandle
 .bss.button_mesHandle
                0x200004f8        0x4 ./Core/Src/main.o
                0x200004f8                button_mesHandle
 .bss.led_lockHandle
                0x200004fc        0x4 ./Core/Src/main.o
                0x200004fc                led_lockHandle
 .bss.myMutex02Handle
                0x20000500        0x4 ./Core/Src/main.o
                0x20000500                myMutex02Handle
 .bss.timer1_counter
                0x20000504        0x4 ./Core/Src/main.o
                0x20000504                timer1_counter
 .bss.adc_val   0x20000508        0x8 ./Core/Src/main.o
                0x20000508                adc_val
 .bss.adc_tag   0x20000510        0x8 ./Core/Src/main.o
                0x20000510                adc_tag
 .bss.adc_read_ok
                0x20000518        0x2 ./Core/Src/main.o
                0x20000518                adc_read_ok
 .bss.adc_read_ng
                0x2000051a        0x2 ./Core/Src/main.o
                0x2000051a                adc_read_ng
 .bss.adc_caculate
                0x2000051c      0x280 ./Core/Src/main.o
                0x2000051c                adc_caculate
 .bss.Button_ok
                0x2000079c        0xc ./Core/Src/main.o
                0x2000079c                Button_ok
 .bss.Button_ng
                0x200007a8        0xc ./Core/Src/main.o
                0x200007a8                Button_ng
 .bss.sample_count
                0x200007b4        0x2 ./Core/Src/main.o
 .bss.product_value
                0x200007b6        0x1 ./Core/Src/main.o
                0x200007b6                product_value
 *fill*         0x200007b7        0x1 
 .bss.uwTick    0x200007b8        0x4 ./Drivers/STM32F1xx_HAL_Driver/Src/stm32f1xx_hal.o
                0x200007b8                uwTick
 *fill*         0x200007bc        0x4 
 .bss.pFlash    0x200007c0       0x20 ./Drivers/STM32F1xx_HAL_Driver/Src/stm32f1xx_hal_flash.o
                0x200007c0                pFlash
 .bss.pxCurrentTCB
                0x200007e0        0x4 ./Middlewares/Third_Party/FreeRTOS/Source/tasks.o
                0x200007e0                pxCurrentTCB
 .bss.pxReadyTasksLists
                0x200007e4       0x8c ./Middlewares/Third_Party/FreeRTOS/Source/tasks.o
 .bss.xDelayedTaskList1
                0x20000870       0x14 ./Middlewares/Third_Party/FreeRTOS/Source/tasks.o
 .bss.xDelayedTaskList2
                0x20000884       0x14 ./Middlewares/Third_Party/FreeRTOS/Source/tasks.o
 .bss.pxDelayedTaskList
                0x20000898        0x4 ./Middlewares/Third_Party/FreeRTOS/Source/tasks.o
 .bss.pxOverflowDelayedTaskList
                0x2000089c        0x4 ./Middlewares/Third_Party/FreeRTOS/Source/tasks.o
 .bss.xPendingReadyList
                0x200008a0       0x14 ./Middlewares/Third_Party/FreeRTOS/Source/tasks.o
 .bss.xTasksWaitingTermination
                0x200008b4       0x14 ./Middlewares/Third_Party/FreeRTOS/Source/tasks.o
 .bss.uxDeletedTasksWaitingCleanUp
                0x200008c8        0x4 ./Middlewares/Third_Party/FreeRTOS/Source/tasks.o
 .bss.xSuspendedTaskList
                0x200008cc       0x14 ./Middlewares/Third_Party/FreeRTOS/Source/tasks.o
 .bss.uxCurrentNumberOfTasks
                0x200008e0        0x4 ./Middlewares/Third_Party/FreeRTOS/Source/tasks.o
 .bss.xTickCount
                0x200008e4        0x4 ./Middlewares/Third_Party/FreeRTOS/Source/tasks.o
 .bss.uxTopReadyPriority
                0x200008e8        0x4 ./Middlewares/Third_Party/FreeRTOS/Source/tasks.o
 .bss.xSchedulerRunning
                0x200008ec        0x4 ./Middlewares/Third_Party/FreeRTOS/Source/tasks.o
 .bss.xPendedTicks
                0x200008f0        0x4 ./Middlewares/Third_Party/FreeRTOS/Source/tasks.o
 .bss.xYieldPending
                0x200008f4        0x4 ./Middlewares/Third_Party/FreeRTOS/Source/tasks.o
 .bss.xNumOfOverflows
                0x200008f8        0x4 ./Middlewares/Third_Party/FreeRTOS/Source/tasks.o
 .bss.uxTaskNumber
                0x200008fc        0x4 ./Middlewares/Third_Party/FreeRTOS/Source/tasks.o
 .bss.xNextTaskUnblockTime
                0x20000900        0x4 ./Middlewares/Third_Party/FreeRTOS/Source/tasks.o
 .bss.xIdleTaskHandle
                0x20000904        0x4 ./Middlewares/Third_Party/FreeRTOS/Source/tasks.o
 .bss.uxSchedulerSuspended
                0x20000908        0x4 ./Middlewares/Third_Party/FreeRTOS/Source/tasks.o
 .bss.ucMaxSysCallPriority
                0x2000090c        0x1 ./Middlewares/Third_Party/FreeRTOS/Source/portable/GCC/ARM_CM3/port.o
 *fill*         0x2000090d        0x3 
 .bss.ulMaxPRIGROUPValue
                0x20000910        0x4 ./Middlewares/Third_Party/FreeRTOS/Source/portable/GCC/ARM_CM3/port.o
 .bss.ucHeap    0x20000914     0x2000 ./Middlewares/Third_Party/FreeRTOS/Source/portable/MemMang/heap_4.o
 .bss.xStart    0x20002914        0x8 ./Middlewares/Third_Party/FreeRTOS/Source/portable/MemMang/heap_4.o
 .bss.pxEnd     0x2000291c        0x4 ./Middlewares/Third_Party/FreeRTOS/Source/portable/MemMang/heap_4.o
 .bss.xFreeBytesRemaining
                0x20002920        0x4 ./Middlewares/Third_Party/FreeRTOS/Source/portable/MemMang/heap_4.o
 .bss.xMinimumEverFreeBytesRemaining
                0x20002924        0x4 ./Middlewares/Third_Party/FreeRTOS/Source/portable/MemMang/heap_4.o
 .bss.xNumberOfSuccessfulAllocations
                0x20002928        0x4 ./Middlewares/Third_Party/FreeRTOS/Source/portable/MemMang/heap_4.o
 .bss.xNumberOfSuccessfulFrees
                0x2000292c        0x4 ./Middlewares/Third_Party/FreeRTOS/Source/portable/MemMang/heap_4.o
 .bss.xBlockAllocatedBit
                0x20002930        0x4 ./Middlewares/Third_Party/FreeRTOS/Source/portable/MemMang/heap_4.o
 *(COMMON)
                0x20002934                        . = ALIGN (0x4)
                0x20002934                        _ebss = .
                0x20002934                        __bss_end__ = _ebss

._user_heap_stack
                0x20002934      0x604 load address 0x08007634
                0x20002938                        . = ALIGN (0x8)
 *fill*         0x20002934        0x4 
                [!provide]                        PROVIDE (end = .)
                0x20002938                        PROVIDE (_end = .)
                0x20002b38                        . = (. + _Min_Heap_Size)
 *fill*         0x20002938      0x200 
                0x20002f38                        . = (. + _Min_Stack_Size)
 *fill*         0x20002b38      0x400 
                0x20002f38                        . = ALIGN (0x8)

/DISCARD/
 libc.a(*)
 libm.a(*)
 libgcc.a(*)

.ARM.attributes
                0x00000000       0x29
 *(.ARM.attributes)
 .ARM.attributes
                0x00000000       0x1d D:/APP/ST/STM32CubeIDE_1.16.0/STM32CubeIDE/plugins/com.st.stm32cube.ide.mcu.externaltools.gnu-tools-for-stm32.12.3.rel1.win32_1.0.200.202406191623/tools/bin/../lib/gcc/arm-none-eabi/12.3.1/thumb/v7-m/nofp/crti.o
 .ARM.attributes
                0x0000001d       0x2d D:/APP/ST/STM32CubeIDE_1.16.0/STM32CubeIDE/plugins/com.st.stm32cube.ide.mcu.externaltools.gnu-tools-for-stm32.12.3.rel1.win32_1.0.200.202406191623/tools/bin/../lib/gcc/arm-none-eabi/12.3.1/thumb/v7-m/nofp/crtbegin.o
 .ARM.attributes
                0x0000004a       0x2d ./Core/Src/freertos.o
 .ARM.attributes
                0x00000077       0x2d ./Core/Src/handler_adc.o
 .ARM.attributes
                0x000000a4       0x2d ./Core/Src/handler_button.o
 .ARM.attributes
                0x000000d1       0x2d ./Core/Src/handler_delay.o
 .ARM.attributes
                0x000000fe       0x2d ./Core/Src/handler_flash.o
 .ARM.attributes
                0x0000012b       0x2d ./Core/Src/main.o
 .ARM.attributes
                0x00000158       0x2d ./Core/Src/stm32f1xx_hal_msp.o
 .ARM.attributes
                0x00000185       0x2d ./Core/Src/stm32f1xx_it.o
 .ARM.attributes
                0x000001b2       0x2d ./Core/Src/system_stm32f1xx.o
 .ARM.attributes
                0x000001df       0x21 ./Core/Startup/startup_stm32f103c8tx.o
 .ARM.attributes
                0x00000200       0x2d ./Drivers/STM32F1xx_HAL_Driver/Src/stm32f1xx_hal.o
 .ARM.attributes
                0x0000022d       0x2d ./Drivers/STM32F1xx_HAL_Driver/Src/stm32f1xx_hal_adc.o
 .ARM.attributes
                0x0000025a       0x2d ./Drivers/STM32F1xx_HAL_Driver/Src/stm32f1xx_hal_adc_ex.o
 .ARM.attributes
                0x00000287       0x2d ./Drivers/STM32F1xx_HAL_Driver/Src/stm32f1xx_hal_can.o
 .ARM.attributes
                0x000002b4       0x2d ./Drivers/STM32F1xx_HAL_Driver/Src/stm32f1xx_hal_cortex.o
 .ARM.attributes
                0x000002e1       0x2d ./Drivers/STM32F1xx_HAL_Driver/Src/stm32f1xx_hal_dma.o
 .ARM.attributes
                0x0000030e       0x2d ./Drivers/STM32F1xx_HAL_Driver/Src/stm32f1xx_hal_flash.o
 .ARM.attributes
                0x0000033b       0x2d ./Drivers/STM32F1xx_HAL_Driver/Src/stm32f1xx_hal_flash_ex.o
 .ARM.attributes
                0x00000368       0x2d ./Drivers/STM32F1xx_HAL_Driver/Src/stm32f1xx_hal_gpio.o
 .ARM.attributes
                0x00000395       0x2d ./Drivers/STM32F1xx_HAL_Driver/Src/stm32f1xx_hal_i2c.o
 .ARM.attributes
                0x000003c2       0x2d ./Drivers/STM32F1xx_HAL_Driver/Src/stm32f1xx_hal_rcc.o
 .ARM.attributes
                0x000003ef       0x2d ./Drivers/STM32F1xx_HAL_Driver/Src/stm32f1xx_hal_rcc_ex.o
 .ARM.attributes
                0x0000041c       0x2d ./Drivers/STM32F1xx_HAL_Driver/Src/stm32f1xx_hal_spi.o
 .ARM.attributes
                0x00000449       0x2d ./Drivers/STM32F1xx_HAL_Driver/Src/stm32f1xx_hal_tim.o
 .ARM.attributes
                0x00000476       0x2d ./Drivers/STM32F1xx_HAL_Driver/Src/stm32f1xx_hal_tim_ex.o
 .ARM.attributes
                0x000004a3       0x2d ./Drivers/STM32F1xx_HAL_Driver/Src/stm32f1xx_hal_uart.o
 .ARM.attributes
                0x000004d0       0x2d ./Middlewares/Third_Party/FreeRTOS/Source/CMSIS_RTOS/cmsis_os.o
 .ARM.attributes
                0x000004fd       0x2d ./Middlewares/Third_Party/FreeRTOS/Source/list.o
 .ARM.attributes
                0x0000052a       0x2d ./Middlewares/Third_Party/FreeRTOS/Source/queue.o
 .ARM.attributes
                0x00000557       0x2d ./Middlewares/Third_Party/FreeRTOS/Source/tasks.o
 .ARM.attributes
                0x00000584       0x2d ./Middlewares/Third_Party/FreeRTOS/Source/portable/GCC/ARM_CM3/port.o
 .ARM.attributes
                0x000005b1       0x2d ./Middlewares/Third_Party/FreeRTOS/Source/portable/MemMang/heap_4.o
 .ARM.attributes
                0x000005de       0x2d D:/APP/ST/STM32CubeIDE_1.16.0/STM32CubeIDE/plugins/com.st.stm32cube.ide.mcu.externaltools.gnu-tools-for-stm32.12.3.rel1.win32_1.0.200.202406191623/tools/bin/../lib/gcc/arm-none-eabi/12.3.1/../../../../arm-none-eabi/lib/thumb/v7-m/nofp\libc_nano.a(libc_a-memset.o)
 .ARM.attributes
                0x0000060b       0x2d D:/APP/ST/STM32CubeIDE_1.16.0/STM32CubeIDE/plugins/com.st.stm32cube.ide.mcu.externaltools.gnu-tools-for-stm32.12.3.rel1.win32_1.0.200.202406191623/tools/bin/../lib/gcc/arm-none-eabi/12.3.1/../../../../arm-none-eabi/lib/thumb/v7-m/nofp\libc_nano.a(libc_a-init.o)
 .ARM.attributes
                0x00000638       0x2d D:/APP/ST/STM32CubeIDE_1.16.0/STM32CubeIDE/plugins/com.st.stm32cube.ide.mcu.externaltools.gnu-tools-for-stm32.12.3.rel1.win32_1.0.200.202406191623/tools/bin/../lib/gcc/arm-none-eabi/12.3.1/../../../../arm-none-eabi/lib/thumb/v7-m/nofp\libc_nano.a(libc_a-memcpy-stub.o)
 .ARM.attributes
                0x00000665       0x1d D:/APP/ST/STM32CubeIDE_1.16.0/STM32CubeIDE/plugins/com.st.stm32cube.ide.mcu.externaltools.gnu-tools-for-stm32.12.3.rel1.win32_1.0.200.202406191623/tools/bin/../lib/gcc/arm-none-eabi/12.3.1/thumb/v7-m/nofp/crtn.o
OUTPUT(IR_Fillter_RTOS.elf elf32-littlearm)
LOAD linker stubs
LOAD D:/APP/ST/STM32CubeIDE_1.16.0/STM32CubeIDE/plugins/com.st.stm32cube.ide.mcu.externaltools.gnu-tools-for-stm32.12.3.rel1.win32_1.0.200.202406191623/tools/bin/../lib/gcc/arm-none-eabi/12.3.1/../../../../arm-none-eabi/lib/thumb/v7-m/nofp\libc.a
LOAD D:/APP/ST/STM32CubeIDE_1.16.0/STM32CubeIDE/plugins/com.st.stm32cube.ide.mcu.externaltools.gnu-tools-for-stm32.12.3.rel1.win32_1.0.200.202406191623/tools/bin/../lib/gcc/arm-none-eabi/12.3.1/../../../../arm-none-eabi/lib/thumb/v7-m/nofp\libm.a
LOAD D:/APP/ST/STM32CubeIDE_1.16.0/STM32CubeIDE/plugins/com.st.stm32cube.ide.mcu.externaltools.gnu-tools-for-stm32.12.3.rel1.win32_1.0.200.202406191623/tools/bin/../lib/gcc/arm-none-eabi/12.3.1/thumb/v7-m/nofp\libgcc.a

.debug_info     0x00000000    0x1b8b3
 .debug_info    0x00000000      0x279 ./Core/Src/freertos.o
 .debug_info    0x00000279      0x2c3 ./Core/Src/handler_adc.o
 .debug_info    0x0000053c      0x2ad ./Core/Src/handler_button.o
 .debug_info    0x000007e9      0x13b ./Core/Src/handler_delay.o
 .debug_info    0x00000924      0x23a ./Core/Src/handler_flash.o
 .debug_info    0x00000b5e     0x294e ./Core/Src/main.o
 .debug_info    0x000034ac     0x1ade ./Core/Src/stm32f1xx_hal_msp.o
 .debug_info    0x00004f8a      0x93a ./Core/Src/stm32f1xx_it.o
 .debug_info    0x000058c4      0x222 ./Core/Src/system_stm32f1xx.o
 .debug_info    0x00005ae6       0x30 ./Core/Startup/startup_stm32f103c8tx.o
 .debug_info    0x00005b16      0x704 ./Drivers/STM32F1xx_HAL_Driver/Src/stm32f1xx_hal.o
 .debug_info    0x0000621a      0xc50 ./Drivers/STM32F1xx_HAL_Driver/Src/stm32f1xx_hal_adc.o
 .debug_info    0x00006e6a      0xa10 ./Drivers/STM32F1xx_HAL_Driver/Src/stm32f1xx_hal_adc_ex.o
 .debug_info    0x0000787a      0xf13 ./Drivers/STM32F1xx_HAL_Driver/Src/stm32f1xx_hal_can.o
 .debug_info    0x0000878d      0xa87 ./Drivers/STM32F1xx_HAL_Driver/Src/stm32f1xx_hal_cortex.o
 .debug_info    0x00009214      0x6d2 ./Drivers/STM32F1xx_HAL_Driver/Src/stm32f1xx_hal_dma.o
 .debug_info    0x000098e6      0x4f8 ./Drivers/STM32F1xx_HAL_Driver/Src/stm32f1xx_hal_flash.o
 .debug_info    0x00009dde      0x777 ./Drivers/STM32F1xx_HAL_Driver/Src/stm32f1xx_hal_flash_ex.o
 .debug_info    0x0000a555      0x5ab ./Drivers/STM32F1xx_HAL_Driver/Src/stm32f1xx_hal_gpio.o
 .debug_info    0x0000ab00     0x2524 ./Drivers/STM32F1xx_HAL_Driver/Src/stm32f1xx_hal_i2c.o
 .debug_info    0x0000d024      0x7d5 ./Drivers/STM32F1xx_HAL_Driver/Src/stm32f1xx_hal_rcc.o
 .debug_info    0x0000d7f9      0x3c0 ./Drivers/STM32F1xx_HAL_Driver/Src/stm32f1xx_hal_rcc_ex.o
 .debug_info    0x0000dbb9     0x142d ./Drivers/STM32F1xx_HAL_Driver/Src/stm32f1xx_hal_spi.o
 .debug_info    0x0000efe6     0x2959 ./Drivers/STM32F1xx_HAL_Driver/Src/stm32f1xx_hal_tim.o
 .debug_info    0x0001193f     0x149b ./Drivers/STM32F1xx_HAL_Driver/Src/stm32f1xx_hal_tim_ex.o
 .debug_info    0x00012dda     0x2eed ./Drivers/STM32F1xx_HAL_Driver/Src/stm32f1xx_hal_uart.o
 .debug_info    0x00015cc7     0x1b60 ./Middlewares/Third_Party/FreeRTOS/Source/CMSIS_RTOS/cmsis_os.o
 .debug_info    0x00017827      0x2af ./Middlewares/Third_Party/FreeRTOS/Source/list.o
 .debug_info    0x00017ad6     0x17cd ./Middlewares/Third_Party/FreeRTOS/Source/queue.o
 .debug_info    0x000192a3     0x1ca7 ./Middlewares/Third_Party/FreeRTOS/Source/tasks.o
 .debug_info    0x0001af4a      0x494 ./Middlewares/Third_Party/FreeRTOS/Source/portable/GCC/ARM_CM3/port.o
 .debug_info    0x0001b3de      0x4d5 ./Middlewares/Third_Party/FreeRTOS/Source/portable/MemMang/heap_4.o

.debug_abbrev   0x00000000     0x43eb
 .debug_abbrev  0x00000000       0xd2 ./Core/Src/freertos.o
 .debug_abbrev  0x000000d2      0x121 ./Core/Src/handler_adc.o
 .debug_abbrev  0x000001f3      0x14d ./Core/Src/handler_button.o
 .debug_abbrev  0x00000340       0xac ./Core/Src/handler_delay.o
 .debug_abbrev  0x000003ec      0x146 ./Core/Src/handler_flash.o
 .debug_abbrev  0x00000532      0x38f ./Core/Src/main.o
 .debug_abbrev  0x000008c1      0x2a1 ./Core/Src/stm32f1xx_hal_msp.o
 .debug_abbrev  0x00000b62      0x1cf ./Core/Src/stm32f1xx_it.o
 .debug_abbrev  0x00000d31      0x13f ./Core/Src/system_stm32f1xx.o
 .debug_abbrev  0x00000e70       0x24 ./Core/Startup/startup_stm32f103c8tx.o
 .debug_abbrev  0x00000e94      0x201 ./Drivers/STM32F1xx_HAL_Driver/Src/stm32f1xx_hal.o
 .debug_abbrev  0x00001095      0x225 ./Drivers/STM32F1xx_HAL_Driver/Src/stm32f1xx_hal_adc.o
 .debug_abbrev  0x000012ba      0x249 ./Drivers/STM32F1xx_HAL_Driver/Src/stm32f1xx_hal_adc_ex.o
 .debug_abbrev  0x00001503      0x21c ./Drivers/STM32F1xx_HAL_Driver/Src/stm32f1xx_hal_can.o
 .debug_abbrev  0x0000171f      0x2f8 ./Drivers/STM32F1xx_HAL_Driver/Src/stm32f1xx_hal_cortex.o
 .debug_abbrev  0x00001a17      0x20b ./Drivers/STM32F1xx_HAL_Driver/Src/stm32f1xx_hal_dma.o
 .debug_abbrev  0x00001c22      0x250 ./Drivers/STM32F1xx_HAL_Driver/Src/stm32f1xx_hal_flash.o
 .debug_abbrev  0x00001e72      0x247 ./Drivers/STM32F1xx_HAL_Driver/Src/stm32f1xx_hal_flash_ex.o
 .debug_abbrev  0x000020b9      0x1ca ./Drivers/STM32F1xx_HAL_Driver/Src/stm32f1xx_hal_gpio.o
 .debug_abbrev  0x00002283      0x2a3 ./Drivers/STM32F1xx_HAL_Driver/Src/stm32f1xx_hal_i2c.o
 .debug_abbrev  0x00002526      0x2b3 ./Drivers/STM32F1xx_HAL_Driver/Src/stm32f1xx_hal_rcc.o
 .debug_abbrev  0x000027d9      0x188 ./Drivers/STM32F1xx_HAL_Driver/Src/stm32f1xx_hal_rcc_ex.o
 .debug_abbrev  0x00002961      0x27a ./Drivers/STM32F1xx_HAL_Driver/Src/stm32f1xx_hal_spi.o
 .debug_abbrev  0x00002bdb      0x277 ./Drivers/STM32F1xx_HAL_Driver/Src/stm32f1xx_hal_tim.o
 .debug_abbrev  0x00002e52      0x282 ./Drivers/STM32F1xx_HAL_Driver/Src/stm32f1xx_hal_tim_ex.o
 .debug_abbrev  0x000030d4      0x2f8 ./Drivers/STM32F1xx_HAL_Driver/Src/stm32f1xx_hal_uart.o
 .debug_abbrev  0x000033cc      0x3a7 ./Middlewares/Third_Party/FreeRTOS/Source/CMSIS_RTOS/cmsis_os.o
 .debug_abbrev  0x00003773       0xf5 ./Middlewares/Third_Party/FreeRTOS/Source/list.o
 .debug_abbrev  0x00003868      0x3b5 ./Middlewares/Third_Party/FreeRTOS/Source/queue.o
 .debug_abbrev  0x00003c1d      0x359 ./Middlewares/Third_Party/FreeRTOS/Source/tasks.o
 .debug_abbrev  0x00003f76      0x258 ./Middlewares/Third_Party/FreeRTOS/Source/portable/GCC/ARM_CM3/port.o
 .debug_abbrev  0x000041ce      0x21d ./Middlewares/Third_Party/FreeRTOS/Source/portable/MemMang/heap_4.o

.debug_aranges  0x00000000     0x1b78
 .debug_aranges
                0x00000000       0x20 ./Core/Src/freertos.o
 .debug_aranges
                0x00000020       0x48 ./Core/Src/handler_adc.o
 .debug_aranges
                0x00000068       0x30 ./Core/Src/handler_button.o
 .debug_aranges
                0x00000098       0x20 ./Core/Src/handler_delay.o
 .debug_aranges
                0x000000b8       0x28 ./Core/Src/handler_flash.o
 .debug_aranges
                0x000000e0       0xb0 ./Core/Src/main.o
 .debug_aranges
                0x00000190       0x80 ./Core/Src/stm32f1xx_hal_msp.o
 .debug_aranges
                0x00000210       0x78 ./Core/Src/stm32f1xx_it.o
 .debug_aranges
                0x00000288       0x28 ./Core/Src/system_stm32f1xx.o
 .debug_aranges
                0x000002b0       0x28 ./Core/Startup/startup_stm32f103c8tx.o
 .debug_aranges
                0x000002d8       0xe0 ./Drivers/STM32F1xx_HAL_Driver/Src/stm32f1xx_hal.o
 .debug_aranges
                0x000003b8       0xf0 ./Drivers/STM32F1xx_HAL_Driver/Src/stm32f1xx_hal_adc.o
 .debug_aranges
                0x000004a8       0x80 ./Drivers/STM32F1xx_HAL_Driver/Src/stm32f1xx_hal_adc_ex.o
 .debug_aranges
                0x00000528      0x138 ./Drivers/STM32F1xx_HAL_Driver/Src/stm32f1xx_hal_can.o
 .debug_aranges
                0x00000660      0x100 ./Drivers/STM32F1xx_HAL_Driver/Src/stm32f1xx_hal_cortex.o
 .debug_aranges
                0x00000760       0x80 ./Drivers/STM32F1xx_HAL_Driver/Src/stm32f1xx_hal_dma.o
 .debug_aranges
                0x000007e0       0x88 ./Drivers/STM32F1xx_HAL_Driver/Src/stm32f1xx_hal_flash.o
 .debug_aranges
                0x00000868       0x98 ./Drivers/STM32F1xx_HAL_Driver/Src/stm32f1xx_hal_flash_ex.o
 .debug_aranges
                0x00000900       0x58 ./Drivers/STM32F1xx_HAL_Driver/Src/stm32f1xx_hal_gpio.o
 .debug_aranges
                0x00000958      0x2a8 ./Drivers/STM32F1xx_HAL_Driver/Src/stm32f1xx_hal_i2c.o
 .debug_aranges
                0x00000c00       0x90 ./Drivers/STM32F1xx_HAL_Driver/Src/stm32f1xx_hal_rcc.o
 .debug_aranges
                0x00000c90       0x30 ./Drivers/STM32F1xx_HAL_Driver/Src/stm32f1xx_hal_rcc_ex.o
 .debug_aranges
                0x00000cc0      0x1d0 ./Drivers/STM32F1xx_HAL_Driver/Src/stm32f1xx_hal_spi.o
 .debug_aranges
                0x00000e90      0x3d0 ./Drivers/STM32F1xx_HAL_Driver/Src/stm32f1xx_hal_tim.o
 .debug_aranges
                0x00001260      0x168 ./Drivers/STM32F1xx_HAL_Driver/Src/stm32f1xx_hal_tim_ex.o
 .debug_aranges
                0x000013c8      0x208 ./Drivers/STM32F1xx_HAL_Driver/Src/stm32f1xx_hal_uart.o
 .debug_aranges
                0x000015d0      0x1d8 ./Middlewares/Third_Party/FreeRTOS/Source/CMSIS_RTOS/cmsis_os.o
 .debug_aranges
                0x000017a8       0x40 ./Middlewares/Third_Party/FreeRTOS/Source/list.o
 .debug_aranges
                0x000017e8      0x108 ./Middlewares/Third_Party/FreeRTOS/Source/queue.o
 .debug_aranges
                0x000018f0      0x1b8 ./Middlewares/Third_Party/FreeRTOS/Source/tasks.o
 .debug_aranges
                0x00001aa8       0x78 ./Middlewares/Third_Party/FreeRTOS/Source/portable/GCC/ARM_CM3/port.o
 .debug_aranges
                0x00001b20       0x58 ./Middlewares/Third_Party/FreeRTOS/Source/portable/MemMang/heap_4.o

.debug_rnglists
                0x00000000     0x1581
 .debug_rnglists
                0x00000000       0x13 ./Core/Src/freertos.o
 .debug_rnglists
                0x00000013       0x32 ./Core/Src/handler_adc.o
 .debug_rnglists
                0x00000045       0x20 ./Core/Src/handler_button.o
 .debug_rnglists
                0x00000065       0x1f ./Core/Src/handler_delay.o
 .debug_rnglists
                0x00000084       0x19 ./Core/Src/handler_flash.o
 .debug_rnglists
                0x0000009d       0x88 ./Core/Src/main.o
 .debug_rnglists
                0x00000125       0x60 ./Core/Src/stm32f1xx_hal_msp.o
 .debug_rnglists
                0x00000185       0x55 ./Core/Src/stm32f1xx_it.o
 .debug_rnglists
                0x000001da       0x1a ./Core/Src/system_stm32f1xx.o
 .debug_rnglists
                0x000001f4       0x19 ./Core/Startup/startup_stm32f103c8tx.o
 .debug_rnglists
                0x0000020d       0xa3 ./Drivers/STM32F1xx_HAL_Driver/Src/stm32f1xx_hal.o
 .debug_rnglists
                0x000002b0       0xbc ./Drivers/STM32F1xx_HAL_Driver/Src/stm32f1xx_hal_adc.o
 .debug_rnglists
                0x0000036c       0x65 ./Drivers/STM32F1xx_HAL_Driver/Src/stm32f1xx_hal_adc_ex.o
 .debug_rnglists
                0x000003d1       0xed ./Drivers/STM32F1xx_HAL_Driver/Src/stm32f1xx_hal_can.o
 .debug_rnglists
                0x000004be       0xbb ./Drivers/STM32F1xx_HAL_Driver/Src/stm32f1xx_hal_cortex.o
 .debug_rnglists
                0x00000579       0x64 ./Drivers/STM32F1xx_HAL_Driver/Src/stm32f1xx_hal_dma.o
 .debug_rnglists
                0x000005dd       0x66 ./Drivers/STM32F1xx_HAL_Driver/Src/stm32f1xx_hal_flash.o
 .debug_rnglists
                0x00000643       0x73 ./Drivers/STM32F1xx_HAL_Driver/Src/stm32f1xx_hal_flash_ex.o
 .debug_rnglists
                0x000006b6       0x3f ./Drivers/STM32F1xx_HAL_Driver/Src/stm32f1xx_hal_gpio.o
 .debug_rnglists
                0x000006f5      0x23c ./Drivers/STM32F1xx_HAL_Driver/Src/stm32f1xx_hal_i2c.o
 .debug_rnglists
                0x00000931       0x6c ./Drivers/STM32F1xx_HAL_Driver/Src/stm32f1xx_hal_rcc.o
 .debug_rnglists
                0x0000099d       0x21 ./Drivers/STM32F1xx_HAL_Driver/Src/stm32f1xx_hal_rcc_ex.o
 .debug_rnglists
                0x000009be      0x16e ./Drivers/STM32F1xx_HAL_Driver/Src/stm32f1xx_hal_spi.o
 .debug_rnglists
                0x00000b2c      0x31a ./Drivers/STM32F1xx_HAL_Driver/Src/stm32f1xx_hal_tim.o
 .debug_rnglists
                0x00000e46      0x125 ./Drivers/STM32F1xx_HAL_Driver/Src/stm32f1xx_hal_tim_ex.o
 .debug_rnglists
                0x00000f6b      0x1bc ./Drivers/STM32F1xx_HAL_Driver/Src/stm32f1xx_hal_uart.o
 .debug_rnglists
                0x00001127      0x16a ./Middlewares/Third_Party/FreeRTOS/Source/CMSIS_RTOS/cmsis_os.o
 .debug_rnglists
                0x00001291       0x2b ./Middlewares/Third_Party/FreeRTOS/Source/list.o
 .debug_rnglists
                0x000012bc       0xcd ./Middlewares/Third_Party/FreeRTOS/Source/queue.o
 .debug_rnglists
                0x00001389      0x15f ./Middlewares/Third_Party/FreeRTOS/Source/tasks.o
 .debug_rnglists
                0x000014e8       0x57 ./Middlewares/Third_Party/FreeRTOS/Source/portable/GCC/ARM_CM3/port.o
 .debug_rnglists
                0x0000153f       0x42 ./Middlewares/Third_Party/FreeRTOS/Source/portable/MemMang/heap_4.o

.debug_macro    0x00000000    0x1bb7b
 .debug_macro   0x00000000      0x24c ./Core/Src/freertos.o
 .debug_macro   0x0000024c      0xaa8 ./Core/Src/freertos.o
 .debug_macro   0x00000cf4      0x189 ./Core/Src/freertos.o
 .debug_macro   0x00000e7d       0x22 ./Core/Src/freertos.o
 .debug_macro   0x00000e9f       0x8e ./Core/Src/freertos.o
 .debug_macro   0x00000f2d       0x51 ./Core/Src/freertos.o
 .debug_macro   0x00000f7e      0x103 ./Core/Src/freertos.o
 .debug_macro   0x00001081       0x6a ./Core/Src/freertos.o
 .debug_macro   0x000010eb      0x1df ./Core/Src/freertos.o
 .debug_macro   0x000012ca       0xd0 ./Core/Src/freertos.o
 .debug_macro   0x0000139a      0x15a ./Core/Src/freertos.o
 .debug_macro   0x000014f4       0xde ./Core/Src/freertos.o
 .debug_macro   0x000015d2       0x1c ./Core/Src/freertos.o
 .debug_macro   0x000015ee       0x26 ./Core/Src/freertos.o
 .debug_macro   0x00001614      0x519 ./Core/Src/freertos.o
 .debug_macro   0x00001b2d       0xb5 ./Core/Src/freertos.o
 .debug_macro   0x00001be2       0xaa ./Core/Src/freertos.o
 .debug_macro   0x00001c8c      0x239 ./Core/Src/freertos.o
 .debug_macro   0x00001ec5       0x2e ./Core/Src/freertos.o
 .debug_macro   0x00001ef3       0x22 ./Core/Src/freertos.o
 .debug_macro   0x00001f15       0x1c ./Core/Src/freertos.o
 .debug_macro   0x00001f31       0x22 ./Core/Src/freertos.o
 .debug_macro   0x00001f53       0xbd ./Core/Src/freertos.o
 .debug_macro   0x00002010      0xd23 ./Core/Src/freertos.o
 .debug_macro   0x00002d33     0xe09e ./Core/Src/freertos.o
 .debug_macro   0x00010dd1       0x6d ./Core/Src/freertos.o
 .debug_macro   0x00010e3e     0x34a2 ./Core/Src/freertos.o
 .debug_macro   0x000142e0       0x5c ./Core/Src/freertos.o
 .debug_macro   0x0001433c      0x5bc ./Core/Src/freertos.o
 .debug_macro   0x000148f8      0x289 ./Core/Src/freertos.o
 .debug_macro   0x00014b81      0x1cb ./Core/Src/freertos.o
 .debug_macro   0x00014d4c      0x114 ./Core/Src/freertos.o
 .debug_macro   0x00014e60      0x1b2 ./Core/Src/freertos.o
 .debug_macro   0x00015012       0x27 ./Core/Src/freertos.o
 .debug_macro   0x00015039      0x136 ./Core/Src/freertos.o
 .debug_macro   0x0001516f      0x1bc ./Core/Src/freertos.o
 .debug_macro   0x0001532b       0x34 ./Core/Src/freertos.o
 .debug_macro   0x0001535f       0x3c ./Core/Src/freertos.o
 .debug_macro   0x0001539b      0x408 ./Core/Src/freertos.o
 .debug_macro   0x000157a3       0x57 ./Core/Src/freertos.o
 .debug_macro   0x000157fa      0x46a ./Core/Src/freertos.o
 .debug_macro   0x00015c64      0x1b5 ./Core/Src/freertos.o
 .debug_macro   0x00015e19       0x87 ./Core/Src/freertos.o
 .debug_macro   0x00015ea0      0x240 ./Core/Src/freertos.o
 .debug_macro   0x000160e0      0x287 ./Core/Src/freertos.o
 .debug_macro   0x00016367      0x140 ./Core/Src/freertos.o
 .debug_macro   0x000164a7      0x217 ./Core/Src/freertos.o
 .debug_macro   0x000166be      0x8ed ./Core/Src/freertos.o
 .debug_macro   0x00016fab      0x28e ./Core/Src/freertos.o
 .debug_macro   0x00017239       0x83 ./Core/Src/freertos.o
 .debug_macro   0x000172bc       0xdc ./Core/Src/freertos.o
 .debug_macro   0x00017398       0x72 ./Core/Src/handler_adc.o
 .debug_macro   0x0001740a       0x1c ./Core/Src/handler_adc.o
 .debug_macro   0x00017426      0x203 ./Core/Src/handler_button.o
 .debug_macro   0x00017629       0x2e ./Core/Src/handler_button.o
 .debug_macro   0x00017657       0x63 ./Core/Src/handler_delay.o
 .debug_macro   0x000176ba      0x1f3 ./Core/Src/handler_flash.o
 .debug_macro   0x000178ad       0x16 ./Core/Src/handler_flash.o
 .debug_macro   0x000178c3      0x402 ./Core/Src/main.o
 .debug_macro   0x00017cc5       0xd0 ./Core/Src/main.o
 .debug_macro   0x00017d95       0x91 ./Core/Src/main.o
 .debug_macro   0x00017e26       0x8d ./Core/Src/main.o
 .debug_macro   0x00017eb3       0x7e ./Core/Src/main.o
 .debug_macro   0x00017f31       0x19 ./Core/Src/main.o
 .debug_macro   0x00017f4a       0xf2 ./Core/Src/main.o
 .debug_macro   0x0001803c       0x61 ./Core/Src/main.o
 .debug_macro   0x0001809d       0x24 ./Core/Src/main.o
 .debug_macro   0x000180c1       0x43 ./Core/Src/main.o
 .debug_macro   0x00018104       0x34 ./Core/Src/main.o
 .debug_macro   0x00018138       0x16 ./Core/Src/main.o
 .debug_macro   0x0001814e       0x35 ./Core/Src/main.o
 .debug_macro   0x00018183      0x369 ./Core/Src/main.o
 .debug_macro   0x000184ec       0x10 ./Core/Src/main.o
 .debug_macro   0x000184fc       0x16 ./Core/Src/main.o
 .debug_macro   0x00018512       0x43 ./Core/Src/main.o
 .debug_macro   0x00018555       0x34 ./Core/Src/main.o
 .debug_macro   0x00018589       0x10 ./Core/Src/main.o
 .debug_macro   0x00018599       0x58 ./Core/Src/main.o
 .debug_macro   0x000185f1       0x8e ./Core/Src/main.o
 .debug_macro   0x0001867f       0x1c ./Core/Src/main.o
 .debug_macro   0x0001869b      0x177 ./Core/Src/main.o
 .debug_macro   0x00018812       0x16 ./Core/Src/main.o
 .debug_macro   0x00018828       0x16 ./Core/Src/main.o
 .debug_macro   0x0001883e      0x146 ./Core/Src/main.o
 .debug_macro   0x00018984       0x16 ./Core/Src/main.o
 .debug_macro   0x0001899a       0x20 ./Core/Src/main.o
 .debug_macro   0x000189ba       0x16 ./Core/Src/main.o
 .debug_macro   0x000189d0       0x16 ./Core/Src/main.o
 .debug_macro   0x000189e6       0x29 ./Core/Src/main.o
 .debug_macro   0x00018a0f       0x22 ./Core/Src/main.o
 .debug_macro   0x00018a31       0x1c ./Core/Src/main.o
 .debug_macro   0x00018a4d      0x1e4 ./Core/Src/stm32f1xx_hal_msp.o
 .debug_macro   0x00018c31      0x256 ./Core/Src/stm32f1xx_it.o
 .debug_macro   0x00018e87      0x1d5 ./Core/Src/system_stm32f1xx.o
 .debug_macro   0x0001905c      0x1f9 ./Drivers/STM32F1xx_HAL_Driver/Src/stm32f1xx_hal.o
 .debug_macro   0x00019255      0x1f2 ./Drivers/STM32F1xx_HAL_Driver/Src/stm32f1xx_hal_adc.o
 .debug_macro   0x00019447      0x1e7 ./Drivers/STM32F1xx_HAL_Driver/Src/stm32f1xx_hal_adc_ex.o
 .debug_macro   0x0001962e      0x1e4 ./Drivers/STM32F1xx_HAL_Driver/Src/stm32f1xx_hal_can.o
 .debug_macro   0x00019812      0x1d5 ./Drivers/STM32F1xx_HAL_Driver/Src/stm32f1xx_hal_cortex.o
 .debug_macro   0x000199e7      0x1d5 ./Drivers/STM32F1xx_HAL_Driver/Src/stm32f1xx_hal_dma.o
 .debug_macro   0x00019bbc      0x1d5 ./Drivers/STM32F1xx_HAL_Driver/Src/stm32f1xx_hal_flash.o
 .debug_macro   0x00019d91      0x1e7 ./Drivers/STM32F1xx_HAL_Driver/Src/stm32f1xx_hal_flash_ex.o
 .debug_macro   0x00019f78      0x240 ./Drivers/STM32F1xx_HAL_Driver/Src/stm32f1xx_hal_gpio.o
 .debug_macro   0x0001a1b8      0x223 ./Drivers/STM32F1xx_HAL_Driver/Src/stm32f1xx_hal_i2c.o
 .debug_macro   0x0001a3db      0x1e7 ./Drivers/STM32F1xx_HAL_Driver/Src/stm32f1xx_hal_rcc.o
 .debug_macro   0x0001a5c2      0x1d5 ./Drivers/STM32F1xx_HAL_Driver/Src/stm32f1xx_hal_rcc_ex.o
 .debug_macro   0x0001a797      0x1dd ./Drivers/STM32F1xx_HAL_Driver/Src/stm32f1xx_hal_spi.o
 .debug_macro   0x0001a974      0x1d6 ./Drivers/STM32F1xx_HAL_Driver/Src/stm32f1xx_hal_tim.o
 .debug_macro   0x0001ab4a      0x1d5 ./Drivers/STM32F1xx_HAL_Driver/Src/stm32f1xx_hal_tim_ex.o
 .debug_macro   0x0001ad1f      0x1d6 ./Drivers/STM32F1xx_HAL_Driver/Src/stm32f1xx_hal_uart.o
 .debug_macro   0x0001aef5      0x1fe ./Middlewares/Third_Party/FreeRTOS/Source/CMSIS_RTOS/cmsis_os.o
 .debug_macro   0x0001b0f3       0x10 ./Middlewares/Third_Party/FreeRTOS/Source/CMSIS_RTOS/cmsis_os.o
 .debug_macro   0x0001b103       0xab ./Middlewares/Third_Party/FreeRTOS/Source/CMSIS_RTOS/cmsis_os.o
 .debug_macro   0x0001b1ae      0x187 ./Middlewares/Third_Party/FreeRTOS/Source/list.o
 .debug_macro   0x0001b335      0x216 ./Middlewares/Third_Party/FreeRTOS/Source/queue.o
 .debug_macro   0x0001b54b       0x87 ./Middlewares/Third_Party/FreeRTOS/Source/queue.o
 .debug_macro   0x0001b5d2      0x279 ./Middlewares/Third_Party/FreeRTOS/Source/tasks.o
 .debug_macro   0x0001b84b       0x10 ./Middlewares/Third_Party/FreeRTOS/Source/tasks.o
 .debug_macro   0x0001b85b      0x172 ./Middlewares/Third_Party/FreeRTOS/Source/portable/GCC/ARM_CM3/port.o
 .debug_macro   0x0001b9cd      0x1ae ./Middlewares/Third_Party/FreeRTOS/Source/portable/MemMang/heap_4.o

.debug_line     0x00000000    0x20c77
 .debug_line    0x00000000      0x888 ./Core/Src/freertos.o
 .debug_line    0x00000888      0x559 ./Core/Src/handler_adc.o
 .debug_line    0x00000de1      0x86a ./Core/Src/handler_button.o
 .debug_line    0x0000164b      0x448 ./Core/Src/handler_delay.o
 .debug_line    0x00001a93      0x7ed ./Core/Src/handler_flash.o
 .debug_line    0x00002280     0x11ef ./Core/Src/main.o
 .debug_line    0x0000346f      0x9d5 ./Core/Src/stm32f1xx_hal_msp.o
 .debug_line    0x00003e44      0x9aa ./Core/Src/stm32f1xx_it.o
 .debug_line    0x000047ee      0x809 ./Core/Src/system_stm32f1xx.o
 .debug_line    0x00004ff7       0x78 ./Core/Startup/startup_stm32f103c8tx.o
 .debug_line    0x0000506f      0xa36 ./Drivers/STM32F1xx_HAL_Driver/Src/stm32f1xx_hal.o
 .debug_line    0x00005aa5     0x10b3 ./Drivers/STM32F1xx_HAL_Driver/Src/stm32f1xx_hal_adc.o
 .debug_line    0x00006b58      0xded ./Drivers/STM32F1xx_HAL_Driver/Src/stm32f1xx_hal_adc_ex.o
 .debug_line    0x00007945     0x1218 ./Drivers/STM32F1xx_HAL_Driver/Src/stm32f1xx_hal_can.o
 .debug_line    0x00008b5d      0xc22 ./Drivers/STM32F1xx_HAL_Driver/Src/stm32f1xx_hal_cortex.o
 .debug_line    0x0000977f      0xe8f ./Drivers/STM32F1xx_HAL_Driver/Src/stm32f1xx_hal_dma.o
 .debug_line    0x0000a60e      0xb01 ./Drivers/STM32F1xx_HAL_Driver/Src/stm32f1xx_hal_flash.o
 .debug_line    0x0000b10f      0xbef ./Drivers/STM32F1xx_HAL_Driver/Src/stm32f1xx_hal_flash_ex.o
 .debug_line    0x0000bcfe      0xacf ./Drivers/STM32F1xx_HAL_Driver/Src/stm32f1xx_hal_gpio.o
 .debug_line    0x0000c7cd     0x3cd3 ./Drivers/STM32F1xx_HAL_Driver/Src/stm32f1xx_hal_i2c.o
 .debug_line    0x000104a0      0xe3f ./Drivers/STM32F1xx_HAL_Driver/Src/stm32f1xx_hal_rcc.o
 .debug_line    0x000112df      0x980 ./Drivers/STM32F1xx_HAL_Driver/Src/stm32f1xx_hal_rcc_ex.o
 .debug_line    0x00011c5f     0x1d5a ./Drivers/STM32F1xx_HAL_Driver/Src/stm32f1xx_hal_spi.o
 .debug_line    0x000139b9     0x355b ./Drivers/STM32F1xx_HAL_Driver/Src/stm32f1xx_hal_tim.o
 .debug_line    0x00016f14     0x1985 ./Drivers/STM32F1xx_HAL_Driver/Src/stm32f1xx_hal_tim_ex.o
 .debug_line    0x00018899     0x2915 ./Drivers/STM32F1xx_HAL_Driver/Src/stm32f1xx_hal_uart.o
 .debug_line    0x0001b1ae     0x1279 ./Middlewares/Third_Party/FreeRTOS/Source/CMSIS_RTOS/cmsis_os.o
 .debug_line    0x0001c427      0x7a9 ./Middlewares/Third_Party/FreeRTOS/Source/list.o
 .debug_line    0x0001cbd0     0x152a ./Middlewares/Third_Party/FreeRTOS/Source/queue.o
 .debug_line    0x0001e0fa     0x19c0 ./Middlewares/Third_Party/FreeRTOS/Source/tasks.o
 .debug_line    0x0001faba      0x7ea ./Middlewares/Third_Party/FreeRTOS/Source/portable/GCC/ARM_CM3/port.o
 .debug_line    0x000202a4      0x9d3 ./Middlewares/Third_Party/FreeRTOS/Source/portable/MemMang/heap_4.o

.debug_str      0x00000000    0x9fbd0
 .debug_str     0x00000000    0x90d86 ./Core/Src/freertos.o
                              0x910f2 (size before relaxing)
 .debug_str     0x00090d86       0xed ./Core/Src/handler_adc.o
                               0x3df7 (size before relaxing)
 .debug_str     0x00090e73      0x1f9 ./Core/Src/handler_button.o
                              0x8d3bb (size before relaxing)
 .debug_str     0x0009106c       0x63 ./Core/Src/handler_delay.o
                               0x3d57 (size before relaxing)
 .debug_str     0x000910cf      0x172 ./Core/Src/handler_flash.o
                              0x8d366 (size before relaxing)
 .debug_str     0x00091241     0x7490 ./Core/Src/main.o
                              0x98a3f (size before relaxing)
 .debug_str     0x000986d1      0x182 ./Core/Src/stm32f1xx_hal_msp.o
                              0x8e57f (size before relaxing)
 .debug_str     0x00098853      0x13b ./Core/Src/stm32f1xx_it.o
                              0x916ff (size before relaxing)
 .debug_str     0x0009898e       0x7e ./Core/Src/system_stm32f1xx.o
                              0x8cfd6 (size before relaxing)
 .debug_str     0x00098a0c       0x44 ./Core/Startup/startup_stm32f103c8tx.o
                                 0x87 (size before relaxing)
 .debug_str     0x00098a50      0x384 ./Drivers/STM32F1xx_HAL_Driver/Src/stm32f1xx_hal.o
                              0x8d709 (size before relaxing)
 .debug_str     0x00098dd4      0x33f ./Drivers/STM32F1xx_HAL_Driver/Src/stm32f1xx_hal_adc.o
                              0x8d6ba (size before relaxing)
 .debug_str     0x00099113      0x2d8 ./Drivers/STM32F1xx_HAL_Driver/Src/stm32f1xx_hal_adc_ex.o
                              0x8d68a (size before relaxing)
 .debug_str     0x000993eb      0x584 ./Drivers/STM32F1xx_HAL_Driver/Src/stm32f1xx_hal_can.o
                              0x8d7de (size before relaxing)
 .debug_str     0x0009996f      0x263 ./Drivers/STM32F1xx_HAL_Driver/Src/stm32f1xx_hal_cortex.o
                              0x8d655 (size before relaxing)
 .debug_str     0x00099bd2      0x1e2 ./Drivers/STM32F1xx_HAL_Driver/Src/stm32f1xx_hal_dma.o
                              0x8d37f (size before relaxing)
 .debug_str     0x00099db4      0x253 ./Drivers/STM32F1xx_HAL_Driver/Src/stm32f1xx_hal_flash.o
                              0x8d2b1 (size before relaxing)
 .debug_str     0x0009a007      0x306 ./Drivers/STM32F1xx_HAL_Driver/Src/stm32f1xx_hal_flash_ex.o
                              0x8d45f (size before relaxing)
 .debug_str     0x0009a30d      0x2b7 ./Drivers/STM32F1xx_HAL_Driver/Src/stm32f1xx_hal_gpio.o
                              0x8d35c (size before relaxing)
 .debug_str     0x0009a5c4      0xb9c ./Drivers/STM32F1xx_HAL_Driver/Src/stm32f1xx_hal_i2c.o
                              0x8e09d (size before relaxing)
 .debug_str     0x0009b160      0x209 ./Drivers/STM32F1xx_HAL_Driver/Src/stm32f1xx_hal_rcc.o
                              0x8d405 (size before relaxing)
 .debug_str     0x0009b369       0x84 ./Drivers/STM32F1xx_HAL_Driver/Src/stm32f1xx_hal_rcc_ex.o
                              0x8d155 (size before relaxing)
 .debug_str     0x0009b3ed      0x517 ./Drivers/STM32F1xx_HAL_Driver/Src/stm32f1xx_hal_spi.o
                              0x8d8fc (size before relaxing)
 .debug_str     0x0009b904      0xd95 ./Drivers/STM32F1xx_HAL_Driver/Src/stm32f1xx_hal_tim.o
                              0x8e407 (size before relaxing)
 .debug_str     0x0009c699      0x493 ./Drivers/STM32F1xx_HAL_Driver/Src/stm32f1xx_hal_tim_ex.o
                              0x8dc13 (size before relaxing)
 .debug_str     0x0009cb2c      0x5fc ./Drivers/STM32F1xx_HAL_Driver/Src/stm32f1xx_hal_uart.o
                              0x8da76 (size before relaxing)
 .debug_str     0x0009d128      0x8d8 ./Middlewares/Third_Party/FreeRTOS/Source/CMSIS_RTOS/cmsis_os.o
                               0xe58d (size before relaxing)
 .debug_str     0x0009da00      0x12d ./Middlewares/Third_Party/FreeRTOS/Source/list.o
                               0xaa89 (size before relaxing)
 .debug_str     0x0009db2d      0x7ed ./Middlewares/Third_Party/FreeRTOS/Source/queue.o
                               0xc41c (size before relaxing)
 .debug_str     0x0009e31a      0xf1b ./Middlewares/Third_Party/FreeRTOS/Source/tasks.o
                               0xcdf4 (size before relaxing)
 .debug_str     0x0009f235      0x66e ./Middlewares/Third_Party/FreeRTOS/Source/portable/GCC/ARM_CM3/port.o
                               0x85d2 (size before relaxing)
 .debug_str     0x0009f8a3      0x32d ./Middlewares/Third_Party/FreeRTOS/Source/portable/MemMang/heap_4.o
                               0xb3cb (size before relaxing)

.comment        0x00000000       0x43
 .comment       0x00000000       0x43 ./Core/Src/freertos.o
                                 0x44 (size before relaxing)
 .comment       0x00000043       0x44 ./Core/Src/handler_adc.o
 .comment       0x00000043       0x44 ./Core/Src/handler_button.o
 .comment       0x00000043       0x44 ./Core/Src/handler_delay.o
 .comment       0x00000043       0x44 ./Core/Src/handler_flash.o
 .comment       0x00000043       0x44 ./Core/Src/main.o
 .comment       0x00000043       0x44 ./Core/Src/stm32f1xx_hal_msp.o
 .comment       0x00000043       0x44 ./Core/Src/stm32f1xx_it.o
 .comment       0x00000043       0x44 ./Core/Src/system_stm32f1xx.o
 .comment       0x00000043       0x44 ./Drivers/STM32F1xx_HAL_Driver/Src/stm32f1xx_hal.o
 .comment       0x00000043       0x44 ./Drivers/STM32F1xx_HAL_Driver/Src/stm32f1xx_hal_adc.o
 .comment       0x00000043       0x44 ./Drivers/STM32F1xx_HAL_Driver/Src/stm32f1xx_hal_adc_ex.o
 .comment       0x00000043       0x44 ./Drivers/STM32F1xx_HAL_Driver/Src/stm32f1xx_hal_can.o
 .comment       0x00000043       0x44 ./Drivers/STM32F1xx_HAL_Driver/Src/stm32f1xx_hal_cortex.o
 .comment       0x00000043       0x44 ./Drivers/STM32F1xx_HAL_Driver/Src/stm32f1xx_hal_dma.o
 .comment       0x00000043       0x44 ./Drivers/STM32F1xx_HAL_Driver/Src/stm32f1xx_hal_flash.o
 .comment       0x00000043       0x44 ./Drivers/STM32F1xx_HAL_Driver/Src/stm32f1xx_hal_flash_ex.o
 .comment       0x00000043       0x44 ./Drivers/STM32F1xx_HAL_Driver/Src/stm32f1xx_hal_gpio.o
 .comment       0x00000043       0x44 ./Drivers/STM32F1xx_HAL_Driver/Src/stm32f1xx_hal_i2c.o
 .comment       0x00000043       0x44 ./Drivers/STM32F1xx_HAL_Driver/Src/stm32f1xx_hal_rcc.o
 .comment       0x00000043       0x44 ./Drivers/STM32F1xx_HAL_Driver/Src/stm32f1xx_hal_rcc_ex.o
 .comment       0x00000043       0x44 ./Drivers/STM32F1xx_HAL_Driver/Src/stm32f1xx_hal_spi.o
 .comment       0x00000043       0x44 ./Drivers/STM32F1xx_HAL_Driver/Src/stm32f1xx_hal_tim.o
 .comment       0x00000043       0x44 ./Drivers/STM32F1xx_HAL_Driver/Src/stm32f1xx_hal_tim_ex.o
 .comment       0x00000043       0x44 ./Drivers/STM32F1xx_HAL_Driver/Src/stm32f1xx_hal_uart.o
 .comment       0x00000043       0x44 ./Middlewares/Third_Party/FreeRTOS/Source/CMSIS_RTOS/cmsis_os.o
 .comment       0x00000043       0x44 ./Middlewares/Third_Party/FreeRTOS/Source/list.o
 .comment       0x00000043       0x44 ./Middlewares/Third_Party/FreeRTOS/Source/queue.o
 .comment       0x00000043       0x44 ./Middlewares/Third_Party/FreeRTOS/Source/tasks.o
 .comment       0x00000043       0x44 ./Middlewares/Third_Party/FreeRTOS/Source/portable/GCC/ARM_CM3/port.o
 .comment       0x00000043       0x44 ./Middlewares/Third_Party/FreeRTOS/Source/portable/MemMang/heap_4.o

.debug_frame    0x00000000     0x7384
 .debug_frame   0x00000000       0x38 ./Core/Src/freertos.o