Archive member included to satisfy reference by file (symbol)

D:/APP/ST/STM32CubeIDE_1.16.0/STM32CubeIDE/plugins/com.st.stm32cube.ide.mcu.externaltools.gnu-tools-for-stm32.12.3.rel1.win32_1.0.200.202406191623/tools/bin/../lib/gcc/arm-none-eabi/12.3.1/../../../../arm-none-eabi/lib/thumb/v7-m/nofp\libc_nano.a(libc_a-exit.o)
                              D:/APP/ST/STM32CubeIDE_1.16.0/STM32CubeIDE/plugins/com.st.stm32cube.ide.mcu.externaltools.gnu-tools-for-stm32.12.3.rel1.win32_1.0.200.202406191623/tools/bin/../lib/gcc/arm-none-eabi/12.3.1/../../../../arm-none-eabi/lib/thumb/v7-m/nofp/crt0.o (exit)
D:/APP/ST/STM32CubeIDE_1.16.0/STM32CubeIDE/plugins/com.st.stm32cube.ide.mcu.externaltools.gnu-tools-for-stm32.12.3.rel1.win32_1.0.200.202406191623/tools/bin/../lib/gcc/arm-none-eabi/12.3.1/../../../../arm-none-eabi/lib/thumb/v7-m/nofp\libc_nano.a(libc_a-findfp.o)
                              D:/APP/ST/STM32CubeIDE_1.16.0/STM32CubeIDE/plugins/com.st.stm32cube.ide.mcu.externaltools.gnu-tools-for-stm32.12.3.rel1.win32_1.0.200.202406191623/tools/bin/../lib/gcc/arm-none-eabi/12.3.1/../../../../arm-none-eabi/lib/thumb/v7-m/nofp\libc_nano.a(libc_a-exit.o) (__stdio_exit_handler)
D:/APP/ST/STM32CubeIDE_1.16.0/STM32CubeIDE/plugins/com.st.stm32cube.ide.mcu.externaltools.gnu-tools-for-stm32.12.3.rel1.win32_1.0.200.202406191623/tools/bin/../lib/gcc/arm-none-eabi/12.3.1/../../../../arm-none-eabi/lib/thumb/v7-m/nofp\libc_nano.a(libc_a-fwalk.o)
                              D:/APP/ST/STM32CubeIDE_1.16.0/STM32CubeIDE/plugins/com.st.stm32cube.ide.mcu.externaltools.gnu-tools-for-stm32.12.3.rel1.win32_1.0.200.202406191623/tools/bin/../lib/gcc/arm-none-eabi/12.3.1/../../../../arm-none-eabi/lib/thumb/v7-m/nofp\libc_nano.a(libc_a-findfp.o) (_fwalk_sglue)
D:/APP/ST/STM32CubeIDE_1.16.0/STM32CubeIDE/plugins/com.st.stm32cube.ide.mcu.externaltools.gnu-tools-for-stm32.12.3.rel1.win32_1.0.200.202406191623/tools/bin/../lib/gcc/arm-none-eabi/12.3.1/../../../../arm-none-eabi/lib/thumb/v7-m/nofp\libc_nano.a(libc_a-sprintf.o)
                              ./Middlewares/Third_Party/FreeRTOS/Source/tasks.o (sprintf)
D:/APP/ST/STM32CubeIDE_1.16.0/STM32CubeIDE/plugins/com.st.stm32cube.ide.mcu.externaltools.gnu-tools-for-stm32.12.3.rel1.win32_1.0.200.202406191623/tools/bin/../lib/gcc/arm-none-eabi/12.3.1/../../../../arm-none-eabi/lib/thumb/v7-m/nofp\libc_nano.a(libc_a-stdio.o)
                              D:/APP/ST/STM32CubeIDE_1.16.0/STM32CubeIDE/plugins/com.st.stm32cube.ide.mcu.externaltools.gnu-tools-for-stm32.12.3.rel1.win32_1.0.200.202406191623/tools/bin/../lib/gcc/arm-none-eabi/12.3.1/../../../../arm-none-eabi/lib/thumb/v7-m/nofp\libc_nano.a(libc_a-findfp.o) (__sread)
D:/APP/ST/STM32CubeIDE_1.16.0/STM32CubeIDE/plugins/com.st.stm32cube.ide.mcu.externaltools.gnu-tools-for-stm32.12.3.rel1.win32_1.0.200.202406191623/tools/bin/../lib/gcc/arm-none-eabi/12.3.1/../../../../arm-none-eabi/lib/thumb/v7-m/nofp\libc_nano.a(libc_a-memset.o)
                              D:/APP/ST/STM32CubeIDE_1.16.0/STM32CubeIDE/plugins/com.st.stm32cube.ide.mcu.externaltools.gnu-tools-for-stm32.12.3.rel1.win32_1.0.200.202406191623/tools/bin/../lib/gcc/arm-none-eabi/12.3.1/../../../../arm-none-eabi/lib/thumb/v7-m/nofp/crt0.o (memset)
D:/APP/ST/STM32CubeIDE_1.16.0/STM32CubeIDE/plugins/com.st.stm32cube.ide.mcu.externaltools.gnu-tools-for-stm32.12.3.rel1.win32_1.0.200.202406191623/tools/bin/../lib/gcc/arm-none-eabi/12.3.1/../../../../arm-none-eabi/lib/thumb/v7-m/nofp\libc_nano.a(libc_a-closer.o)
                              D:/APP/ST/STM32CubeIDE_1.16.0/STM32CubeIDE/plugins/com.st.stm32cube.ide.mcu.externaltools.gnu-tools-for-stm32.12.3.rel1.win32_1.0.200.202406191623/tools/bin/../lib/gcc/arm-none-eabi/12.3.1/../../../../arm-none-eabi/lib/thumb/v7-m/nofp\libc_nano.a(libc_a-stdio.o) (_close_r)
D:/APP/ST/STM32CubeIDE_1.16.0/STM32CubeIDE/plugins/com.st.stm32cube.ide.mcu.externaltools.gnu-tools-for-stm32.12.3.rel1.win32_1.0.200.202406191623/tools/bin/../lib/gcc/arm-none-eabi/12.3.1/../../../../arm-none-eabi/lib/thumb/v7-m/nofp\libc_nano.a(libc_a-reent.o)
                              D:/APP/ST/STM32CubeIDE_1.16.0/STM32CubeIDE/plugins/com.st.stm32cube.ide.mcu.externaltools.gnu-tools-for-stm32.12.3.rel1.win32_1.0.200.202406191623/tools/bin/../lib/gcc/arm-none-eabi/12.3.1/../../../../arm-none-eabi/lib/thumb/v7-m/nofp\libc_nano.a(libc_a-closer.o) (errno)
D:/APP/ST/STM32CubeIDE_1.16.0/STM32CubeIDE/plugins/com.st.stm32cube.ide.mcu.externaltools.gnu-tools-for-stm32.12.3.rel1.win32_1.0.200.202406191623/tools/bin/../lib/gcc/arm-none-eabi/12.3.1/../../../../arm-none-eabi/lib/thumb/v7-m/nofp\libc_nano.a(libc_a-impure.o)
                              D:/APP/ST/STM32CubeIDE_1.16.0/STM32CubeIDE/plugins/com.st.stm32cube.ide.mcu.externaltools.gnu-tools-for-stm32.12.3.rel1.win32_1.0.200.202406191623/tools/bin/../lib/gcc/arm-none-eabi/12.3.1/../../../../arm-none-eabi/lib/thumb/v7-m/nofp\libc_nano.a(libc_a-sprintf.o) (_impure_ptr)
[...]
Memory Configuration

Name             Origin             Length             Attributes
RAM              0x20000000         0x00005000         xrw
FLASH            0x08000000         0x00010000         xr
*default*        0x00000000         0xffffffff

Linker script and memory map

LOAD D:/APP/ST/STM32CubeIDE_1.16.0/STM32CubeIDE/plugins/com.st.stm32cube.ide.mcu.externaltools.gnu-tools-for-stm32.12.3.rel1.win32_1.0.200.202406191623/tools/bin/../lib/gcc/arm-none-eabi/12.3.1/thumb/v7-m/nofp/crti.o
LOAD D:/APP/ST/STM32CubeIDE_1.16.0/STM32CubeIDE/plugins/com.st.stm32cube.ide.mcu.externaltools.gnu-tools-for-stm32.12.3.rel1.win32_1.0.200.202406191623/tools/bin/../lib/gcc/arm-none-eabi/12.3.1/thumb/v7-m/nofp/crtbegin.o
LOAD D:/APP/ST/STM32CubeIDE_1.16.0/STM32CubeIDE/plugins/com.st.stm32cube.ide.mcu.externaltools.gnu-tools-for-stm32.12.3.rel1.win32_1.0.200.202406191623/tools/bin/../lib/gcc/arm-none-eabi/12.3.1/../../../../arm-none-eabi/lib/thumb/v7-m/nofp/crt0.o
LOAD ./Core/Src/freertos.o
LOAD ./Core/Src/handler_adc.o
LOAD ./Core/Src/handler_button.o
LOAD ./Core/Src/handler_delay.o
LOAD ./Core/Src/handler_flash.o
LOAD ./Core/Src/main.o
LOAD ./Core/Src/stm32f1xx_hal_msp.o
LOAD ./Core/Src/stm32f1xx_it.o
LOAD ./Core/Src/syscalls.o
LOAD ./Core/Src/sysmem.o
LOAD ./Core/Src/system_stm32f1xx.o
LOAD ./Core/Startup/startup_stm32f103c8tx.o
LOAD ./Drivers/STM32F1xx_HAL_Driver/Src/stm32f1xx_hal.o
LOAD ./Drivers/STM32F1xx_HAL_Driver/Src/stm32f1xx_hal_adc.o
LOAD ./Drivers/STM32F1xx_HAL_Driver/Src/stm32f1xx_hal_adc_ex.o
LOAD ./Drivers/STM32F1xx_HAL_Driver/Src/stm32f1xx_hal_can.o
LOAD ./Drivers/STM32F1xx_HAL_Driver/Src/stm32f1xx_hal_cortex.o
LOAD ./Drivers/STM32F1xx_HAL_Driver/Src/stm32f1xx_hal_dma.o
LOAD ./Drivers/STM32F1xx_HAL_Driver/Src/stm32f1xx_hal_exti.o
LOAD ./Drivers/STM32F1xx_HAL_Driver/Src/stm32f1xx_hal_flash.o
LOAD ./Drivers/STM32F1xx_HAL_Driver/Src/stm32f1xx_hal_flash_ex.o
LOAD ./Drivers/STM32F1xx_HAL_Driver/Src/stm32f1xx_hal_gpio.o
LOAD ./Drivers/STM32F1xx_HAL_Driver/Src/stm32f1xx_hal_gpio_ex.o
LOAD ./Drivers/STM32F1xx_HAL_Driver/Src/stm32f1xx_hal_i2c.o
LOAD ./Drivers/STM32F1xx_HAL_Driver/Src/stm32f1xx_hal_pwr.o
LOAD ./Drivers/STM32F1xx_HAL_Driver/Src/stm32f1xx_hal_rcc.o
LOAD ./Drivers/STM32F1xx_HAL_Driver/Src/stm32f1xx_hal_rcc_ex.o
LOAD ./Drivers/STM32F1xx_HAL_Driver/Src/stm32f1xx_hal_spi.o
LOAD ./Drivers/STM32F1xx_HAL_Driver/Src/stm32f1xx_hal_tim.o
LOAD ./Drivers/STM32F1xx_HAL_Driver/Src/stm32f1xx_hal_tim_ex.o
LOAD ./Drivers/STM32F1xx_HAL_Driver/Src/stm32f1xx_hal_uart.o
LOAD ./Middlewares/Third_Party/FreeRTOS/Source/CMSIS_RTOS/cmsis_os.o
LOAD ./Middlewares/Third_Party/FreeRTOS/Source/croutine.o
LOAD ./Middlewares/Third_Party/FreeRTOS/Source/event_groups.o
LOAD ./Middlewares/Third_Party/FreeRTOS/Source/list.o
LOAD ./Middlewares/Third_Party/FreeRTOS/Source/queue.o
LOAD ./Middlewares/Third_Party/FreeRTOS/Source/stream_buffer.o
LOAD ./Middlewares/Third_Party/FreeRTOS/Source/tasks.o
LOAD ./Middlewares/Third_Party/FreeRTOS/Source/timers.o
LOAD ./Middlewares/Third_Party/FreeRTOS/Source/portable/GCC/ARM_CM3/port.o
LOAD ./Middlewares/Third_Party/FreeRTOS/Source/portable/MemMang/heap_4.o
START GROUP
LOAD D:/APP/ST/STM32CubeIDE_1.16.0/STM32CubeIDE/plugins/com.st.stm32cube.ide.mcu.externaltools.gnu-tools-for-stm32.12.3.rel1.win32_1.0.200.202406191623/tools/bin/../lib/gcc/arm-none-eabi/12.3.1/../../../../arm-none-eabi/lib/thumb/v7-m/nofp\libc_nano.a
LOAD D:/APP/ST/STM32CubeIDE_1.16.0/STM32CubeIDE/plugins/com.st.stm32cube.ide.mcu.externaltools.gnu-tools-for-stm32.12.3.rel1.win32_1.0.200.202406191623/tools/bin/../lib/gcc/arm-none-eabi/12.3.1/../../../../arm-none-eabi/lib/thumb/v7-m/nofp\libm.a
END GROUP
START GROUP
LOAD D:/APP/ST/STM32CubeIDE_1.16.0/STM32CubeIDE/plugins/com.st.stm32cube.ide.mcu.externaltools.gnu-tools-for-stm32.12.3.rel1.win32_1.0.200.202406191623/tools/bin/../lib/gcc/arm-none-eabi/12.3.1/thumb/v7-m/nofp\libgcc.a
LOAD D:/APP/ST/STM32CubeIDE_1.16.0/STM32CubeIDE/plugins/com.st.stm32cube.ide.mcu.externaltools.gnu-tools-for-stm32.12.3.rel1.win32_1.0.200.202406191623/tools/bin/../lib/gcc/arm-none-eabi/12.3.1/../../../../arm-none-eabi/lib/thumb/v7-m/nofp\libc_nano.a
END GROUP
START GROUP
LOAD D:/APP/ST/STM32CubeIDE_1.16.0/STM32CubeIDE/plugins/com.st.stm32cube.ide.mcu.externaltools.gnu-tools-for-stm32.12.3.rel1.win32_1.0.200.202406191623/tools/bin/../lib/gcc/arm-none-eabi/12.3.1/thumb/v7-m/nofp\libgcc.a
LOAD D:/APP/ST/STM32CubeIDE_1.16.0/STM32CubeIDE/plugins/com.st.stm32cube.ide.mcu.externaltools.gnu-tools-for-stm32.12.3.rel1.win32_1.0.200.202406191623/tools/bin/../lib/gcc/arm-none-eabi/12.3.1/../../../../arm-none-eabi/lib/thumb/v7-m/nofp\libc_nano.a
LOAD D:/APP/ST/STM32CubeIDE_1.16.0/STM32CubeIDE/plugins/com.st.stm32cube.ide.mcu.externaltools.gnu-tools-for-stm32.12.3.rel1.win32_1.0.200.202406191623/tools/bin/../lib/gcc/arm-none-eabi/12.3.1/../../../../arm-none-eabi/lib/thumb/v7-m/nofp\libnosys.a
END GROUP
START GROUP
LOAD D:/APP/ST/STM32CubeIDE_1.16.0/STM32CubeIDE/plugins/com.st.stm32cube.ide.mcu.externaltools.gnu-tools-for-stm32.12.3.rel1.win32_1.0.200.202406191623/tools/bin/../lib/gcc/arm-none-eabi/12.3.1/thumb/v7-m/nofp\libgcc.a
LOAD D:/APP/ST/STM32CubeIDE_1.16.0/STM32CubeIDE/plugins/com.st.stm32cube.ide.mcu.externaltools.gnu-tools-for-stm32.12.3.rel1.win32_1.0.200.202406191623/tools/bin/../lib/gcc/arm-none-eabi/12.3.1/../../../../arm-none-eabi/lib/thumb/v7-m/nofp\libc_nano.a
LOAD D:/APP/ST/STM32CubeIDE_1.16.0/STM32CubeIDE/plugins/com.st.stm32cube.ide.mcu.externaltools.gnu-tools-for-stm32.12.3.rel1.win32_1.0.200.202406191623/tools/bin/../lib/gcc/arm-none-eabi/12.3.1/../../../../arm-none-eabi/lib/thumb/v7-m/nofp\libnosys.a
END GROUP
LOAD D:/APP/ST/STM32CubeIDE_1.16.0/STM32CubeIDE/plugins/com.st.stm32cube.ide.mcu.externaltools.gnu-tools-for-stm32.12.3.rel1.win32_1.0.200.202406191623/tools/bin/../lib/gcc/arm-none-eabi/12.3.1/thumb/v7-m/nofp/crtend.o
LOAD D:/APP/ST/STM32CubeIDE_1.16.0/STM32CubeIDE/plugins/com.st.stm32cube.ide.mcu.externaltools.gnu-tools-for-stm32.12.3.rel1.win32_1.0.200.202406191623/tools/bin/../lib/gcc/arm-none-eabi/12.3.1/thumb/v7-m/nofp/crtn.o
                0x20005000                        _estack = (ORIGIN (RAM) + LENGTH (RAM))
                0x00000200                        _Min_Heap_Size = 0x200
                0x00000400                        _Min_Stack_Size = 0x400

.isr_vector     0x08000000      0x10c
                0x08000000                        . = ALIGN (0x4)
 *(.isr_vector)
 .isr_vector    0x08000000      0x10c ./Core/Startup/startup_stm32f103c8tx.o
                0x08000000                g_pfnVectors
                0x0800010c                        . = ALIGN (0x4)

.text           0x08000110     0x8184
                0x08000110                        . = ALIGN (0x4)
 *(.text)
 .text          0x08000110       0x40 D:/APP/ST/STM32CubeIDE_1.16.0/STM32CubeIDE/plugins/com.st.stm32cube.ide.mcu.externaltools.gnu-tools-for-stm32.12.3.rel1.win32_1.0.200.202406191623/tools/bin/../lib/gcc/arm-none-eabi/12.3.1/thumb/v7-m/nofp/crtbegin.o
 *(.text*)
 .text.configureTimerForRunTimeStats
                0x08000150       0x1c ./Core/Src/freertos.o
                0x08000150                configureTimerForRunTimeStats
 .text.getRunTimeCounterValue
                0x0800016c       0x14 ./Core/Src/freertos.o
                0x0800016c                getRunTimeCounterValue
 .text.vApplicationGetIdleTaskMemory
                0x08000180       0x30 ./Core/Src/freertos.o
                0x08000180                vApplicationGetIdleTaskMemory
 .text.vApplicationGetTimerTaskMemory
                0x080001b0       0x34 ./Core/Src/freertos.o
                0x080001b0                vApplicationGetTimerTaskMemory
 .text.MedianAverage
                0x080001e4      0x12c ./Core/Src/handler_adc.o
                0x080001e4                MedianAverage
 .text.Button_Init
                0x08000310       0x26 ./Core/Src/handler_button.o
                0x08000310                Button_Init
 .text.Button_Read_Pin
                0x08000336       0x22 ./Core/Src/handler_button.o
                0x08000336                Button_Read_Pin
 .text.BUTTON_Read
                0x08000358       0xf4 ./Core/Src/handler_button.o
                0x08000358                BUTTON_Read
 .text.Delay_ms
                0x0800044c       0x50 ./Core/Src/handler_delay.o
                0x0800044c                Delay_ms
 .text.Flash_Write_Array_U16
                0x0800049c       0x7e ./Core/Src/handler_flash.o
                0x0800049c                Flash_Write_Array_U16
 .text.Flash_Read_U16
                0x0800051a       0x18 ./Core/Src/handler_flash.o
                0x0800051a                Flash_Read_U16
 *fill*         0x08000532        0x2 
 .text.main     0x08000534      0x1ec ./Core/Src/main.o
                0x08000534                main
 .text.SystemClock_Config
                0x08000720       0xb6 ./Core/Src/main.o
                0x08000720                SystemClock_Config
 *fill*         0x080007d6        0x2 
 .text.MX_ADC1_Init
                0x080007d8       0xd4 ./Core/Src/main.o
 .text.MX_CAN_Init
                0x080008ac       0x68 ./Core/Src/main.o
 .text.MX_I2C1_Init
                0x08000914       0x5c ./Core/Src/main.o
 .text.MX_SPI1_Init
                0x08000970       0x6c ./Core/Src/main.o
 .text.MX_TIM1_Init
                0x080009dc       0xa0 ./Core/Src/main.o
 .text.MX_TIM2_Init
                0x08000a7c       0x98 ./Core/Src/main.o
 .text.MX_USART1_UART_Init
                0x08000b14       0x54 ./Core/Src/main.o
 .text.MX_USART3_UART_Init
                0x08000b68       0x54 ./Core/Src/main.o
 .text.MX_DMA_Init
                0x08000bbc       0x3c ./Core/Src/main.o
 .text.MX_GPIO_Init
                0x08000bf8      0x158 ./Core/Src/main.o
 .text.HAL_TIM_PeriodElapsedCallback
                0x08000d50       0x30 ./Core/Src/main.o
                0x08000d50                HAL_TIM_PeriodElapsedCallback
 .text.HAL_ADC_ConvCpltCallback
                0x08000d80       0x54 ./Core/Src/main.o
                0x08000d80                HAL_ADC_ConvCpltCallback
 .text.StartDefaultTask
                0x08000dd4       0x10 ./Core/Src/main.o
                0x08000dd4                StartDefaultTask
 .text.StartTask_Button
                0x08000de4      0x1c8 ./Core/Src/main.o
                0x08000de4                StartTask_Button
 .text.StartTask_Test_IR
                0x08000fac      0x104 ./Core/Src/main.o
                0x08000fac                StartTask_Test_IR
 .text.StartTask_ADC
                0x080010b0      0x32c ./Core/Src/main.o
                0x080010b0                StartTask_ADC
 .text.Callback_TimerSoft
                0x080013dc       0x4c ./Core/Src/main.o
                0x080013dc                Callback_TimerSoft
 .text.Error_Handler
                0x08001428        0xc ./Core/Src/main.o
                0x08001428                Error_Handler
 .text.HAL_MspInit
                0x08001434       0x70 ./Core/Src/stm32f1xx_hal_msp.o
                0x08001434                HAL_MspInit
 .text.HAL_ADC_MspInit
                0x080014a4       0xe0 ./Core/Src/stm32f1xx_hal_msp.o
                0x080014a4                HAL_ADC_MspInit
 .text.HAL_CAN_MspInit
                0x08001584       0x98 ./Core/Src/stm32f1xx_hal_msp.o
                0x08001584                HAL_CAN_MspInit
 .text.HAL_I2C_MspInit
                0x0800161c       0x7c ./Core/Src/stm32f1xx_hal_msp.o
                0x0800161c                HAL_I2C_MspInit
 .text.HAL_SPI_MspInit
                0x08001698       0x94 ./Core/Src/stm32f1xx_hal_msp.o
                0x08001698                HAL_SPI_MspInit
 .text.HAL_TIM_Base_MspInit
                0x0800172c       0x90 ./Core/Src/stm32f1xx_hal_msp.o
                0x0800172c                HAL_TIM_Base_MspInit
 .text.HAL_UART_MspInit
                0x080017bc      0x110 ./Core/Src/stm32f1xx_hal_msp.o
                0x080017bc                HAL_UART_MspInit
 .text.NMI_Handler
                0x080018cc        0x8 ./Core/Src/stm32f1xx_it.o
                0x080018cc                NMI_Handler
 .text.HardFault_Handler
                0x080018d4        0x8 ./Core/Src/stm32f1xx_it.o
                0x080018d4                HardFault_Handler
 .text.MemManage_Handler
                0x080018dc        0x8 ./Core/Src/stm32f1xx_it.o
                0x080018dc                MemManage_Handler
 .text.BusFault_Handler
                0x080018e4        0x8 ./Core/Src/stm32f1xx_it.o
                0x080018e4                BusFault_Handler
 .text.UsageFault_Handler
                0x080018ec        0x8 ./Core/Src/stm32f1xx_it.o
                0x080018ec                UsageFault_Handler
 .text.DebugMon_Handler
                0x080018f4        0xc ./Core/Src/stm32f1xx_it.o
                0x080018f4                DebugMon_Handler
 .text.SysTick_Handler
                0x08001900       0x1a ./Core/Src/stm32f1xx_it.o
                0x08001900                SysTick_Handler
 *fill*         0x0800191a        0x2 
 .text.DMA1_Channel1_IRQHandler
                0x0800191c       0x14 ./Core/Src/stm32f1xx_it.o
                0x0800191c                DMA1_Channel1_IRQHandler
 .text.ADC1_2_IRQHandler
                0x08001930       0x14 ./Core/Src/stm32f1xx_it.o
                0x08001930                ADC1_2_IRQHandler
 .text.TIM1_BRK_IRQHandler
                0x08001944       0x14 ./Core/Src/stm32f1xx_it.o
                0x08001944                TIM1_BRK_IRQHandler
 .text.TIM1_UP_IRQHandler
                0x08001958       0x14 ./Core/Src/stm32f1xx_it.o
                0x08001958                TIM1_UP_IRQHandler
 .text.TIM2_IRQHandler
                0x0800196c       0x20 ./Core/Src/stm32f1xx_it.o
                0x0800196c                TIM2_IRQHandler
 .text.SystemInit
                0x0800198c        0xc ./Core/Src/system_stm32f1xx.o
                0x0800198c                SystemInit
 .text.Reset_Handler
                0x08001998       0x48 ./Core/Startup/startup_stm32f103c8tx.o
                0x08001998                Reset_Handler
 .text.Default_Handler
                0x080019e0        0x2 ./Core/Startup/startup_stm32f103c8tx.o
                0x080019e0                RTC_Alarm_IRQHandler
                0x080019e0                EXTI2_IRQHandler
                0x080019e0                TIM1_CC_IRQHandler
                0x080019e0                PVD_IRQHandler
                0x080019e0                EXTI3_IRQHandler
                0x080019e0                EXTI0_IRQHandler
                0x080019e0                I2C2_EV_IRQHandler
                0x080019e0                SPI1_IRQHandler
                0x080019e0                TAMPER_IRQHandler
                0x080019e0                DMA1_Channel4_IRQHandler
                0x080019e0                USART3_IRQHandler
                0x080019e0                RTC_IRQHandler
                0x080019e0                DMA1_Channel7_IRQHandler
                0x080019e0                CAN1_RX1_IRQHandler
                0x080019e0                TIM4_IRQHandler
                0x080019e0                I2C1_EV_IRQHandler
                0x080019e0                DMA1_Channel6_IRQHandler
                0x080019e0                TIM3_IRQHandler
                0x080019e0                RCC_IRQHandler
                0x080019e0                TIM1_TRG_COM_IRQHandler
                0x080019e0                Default_Handler
                0x080019e0                EXTI15_10_IRQHandler
                0x080019e0                EXTI9_5_IRQHandler
                0x080019e0                SPI2_IRQHandler
                0x080019e0                DMA1_Channel5_IRQHandler
                0x080019e0                EXTI4_IRQHandler
                0x080019e0                USB_LP_CAN1_RX0_IRQHandler
                0x080019e0                USB_HP_CAN1_TX_IRQHandler
                0x080019e0                DMA1_Channel3_IRQHandler
                0x080019e0                WWDG_IRQHandler
                0x080019e0                EXTI1_IRQHandler
                0x080019e0                USART2_IRQHandler
                0x080019e0                I2C2_ER_IRQHandler
                0x080019e0                DMA1_Channel2_IRQHandler
                0x080019e0                CAN1_SCE_IRQHandler
                0x080019e0                FLASH_IRQHandler
                0x080019e0                USART1_IRQHandler
                0x080019e0                I2C1_ER_IRQHandler
                0x080019e0                USBWakeUp_IRQHandler
 *fill*         0x080019e2        0x2 
 .text.HAL_Init
                0x080019e4       0x2c ./Drivers/STM32F1xx_HAL_Driver/Src/stm32f1xx_hal.o
                0x080019e4                HAL_Init
 .text.HAL_InitTick
                0x08001a10       0x60 ./Drivers/STM32F1xx_HAL_Driver/Src/stm32f1xx_hal.o
                0x08001a10                HAL_InitTick
 .text.HAL_IncTick
                0x08001a70       0x24 ./Drivers/STM32F1xx_HAL_Driver/Src/stm32f1xx_hal.o
                0x08001a70                HAL_IncTick
 .text.HAL_GetTick
                0x08001a94       0x14 ./Drivers/STM32F1xx_HAL_Driver/Src/stm32f1xx_hal.o
                0x08001a94                HAL_GetTick
 .text.HAL_ADC_Init
                0x08001aa8      0x1b0 ./Drivers/STM32F1xx_HAL_Driver/Src/stm32f1xx_hal_adc.o
                0x08001aa8                HAL_ADC_Init
 .text.HAL_ADC_Start_DMA
                0x08001c58      0x1bc ./Drivers/STM32F1xx_HAL_Driver/Src/stm32f1xx_hal_adc.o
                0x08001c58                HAL_ADC_Start_DMA
 .text.HAL_ADC_Stop_DMA
                0x08001e14       0x98 ./Drivers/STM32F1xx_HAL_Driver/Src/stm32f1xx_hal_adc.o
                0x08001e14                HAL_ADC_Stop_DMA
 .text.HAL_ADC_IRQHandler
                0x08001eac      0x17e ./Drivers/STM32F1xx_HAL_Driver/Src/stm32f1xx_hal_adc.o
                0x08001eac                HAL_ADC_IRQHandler
 .text.HAL_ADC_ConvHalfCpltCallback
                0x0800202a       0x12 ./Drivers/STM32F1xx_HAL_Driver/Src/stm32f1xx_hal_adc.o
                0x0800202a                HAL_ADC_ConvHalfCpltCallback
 .text.HAL_ADC_LevelOutOfWindowCallback
                0x0800203c       0x12 ./Drivers/STM32F1xx_HAL_Driver/Src/stm32f1xx_hal_adc.o
                0x0800203c                HAL_ADC_LevelOutOfWindowCallback
 .text.HAL_ADC_ErrorCallback
                0x0800204e       0x12 ./Drivers/STM32F1xx_HAL_Driver/Src/stm32f1xx_hal_adc.o
                0x0800204e                HAL_ADC_ErrorCallback
 .text.HAL_ADC_ConfigChannel
                0x08002060      0x1f0 ./Drivers/STM32F1xx_HAL_Driver/Src/stm32f1xx_hal_adc.o
                0x08002060                HAL_ADC_ConfigChannel
 .text.ADC_Enable
                0x08002250       0xb4 ./Drivers/STM32F1xx_HAL_Driver/Src/stm32f1xx_hal_adc.o
                0x08002250                ADC_Enable
 .text.ADC_ConversionStop_Disable
                0x08002304       0x82 ./Drivers/STM32F1xx_HAL_Driver/Src/stm32f1xx_hal_adc.o
                0x08002304                ADC_ConversionStop_Disable
 .text.ADC_DMAConvCplt
                0x08002386       0x7c ./Drivers/STM32F1xx_HAL_Driver/Src/stm32f1xx_hal_adc.o
                0x08002386                ADC_DMAConvCplt
 .text.ADC_DMAHalfConvCplt
                0x08002402       0x1c ./Drivers/STM32F1xx_HAL_Driver/Src/stm32f1xx_hal_adc.o
                0x08002402                ADC_DMAHalfConvCplt
 .text.ADC_DMAError
                0x0800241e       0x34 ./Drivers/STM32F1xx_HAL_Driver/Src/stm32f1xx_hal_adc.o
                0x0800241e                ADC_DMAError
 .text.HAL_ADCEx_InjectedConvCpltCallback
                0x08002452       0x12 ./Drivers/STM32F1xx_HAL_Driver/Src/stm32f1xx_hal_adc_ex.o
                0x08002452                HAL_ADCEx_InjectedConvCpltCallback
 .text.HAL_CAN_Init
                0x08002464      0x1f6 ./Drivers/STM32F1xx_HAL_Driver/Src/stm32f1xx_hal_can.o
                0x08002464                HAL_CAN_Init
 *fill*         0x0800265a        0x2 
 .text.__NVIC_SetPriorityGrouping
                0x0800265c       0x48 ./Drivers/STM32F1xx_HAL_Driver/Src/stm32f1xx_hal_cortex.o
 .text.__NVIC_GetPriorityGrouping
                0x080026a4       0x1c ./Drivers/STM32F1xx_HAL_Driver/Src/stm32f1xx_hal_cortex.o
 .text.__NVIC_EnableIRQ
                0x080026c0       0x38 ./Drivers/STM32F1xx_HAL_Driver/Src/stm32f1xx_hal_cortex.o
 .text.__NVIC_SetPriority
                0x080026f8       0x54 ./Drivers/STM32F1xx_HAL_Driver/Src/stm32f1xx_hal_cortex.o
 .text.NVIC_EncodePriority
                0x0800274c       0x64 ./Drivers/STM32F1xx_HAL_Driver/Src/stm32f1xx_hal_cortex.o
 .text.SysTick_Config
                0x080027b0       0x44 ./Drivers/STM32F1xx_HAL_Driver/Src/stm32f1xx_hal_cortex.o
 .text.HAL_NVIC_SetPriorityGrouping
                0x080027f4       0x16 ./Drivers/STM32F1xx_HAL_Driver/Src/stm32f1xx_hal_cortex.o
                0x080027f4                HAL_NVIC_SetPriorityGrouping
 .text.HAL_NVIC_SetPriority
                0x0800280a       0x38 ./Drivers/STM32F1xx_HAL_Driver/Src/stm32f1xx_hal_cortex.o
                0x0800280a                HAL_NVIC_SetPriority
 .text.HAL_NVIC_EnableIRQ
                0x08002842       0x1c ./Drivers/STM32F1xx_HAL_Driver/Src/stm32f1xx_hal_cortex.o
                0x08002842                HAL_NVIC_EnableIRQ
 .text.HAL_SYSTICK_Config
                0x0800285e       0x18 ./Drivers/STM32F1xx_HAL_Driver/Src/stm32f1xx_hal_cortex.o
                0x0800285e                HAL_SYSTICK_Config
 *fill*         0x08002876        0x2 
 .text.HAL_DMA_Init
                0x08002878       0xb4 ./Drivers/STM32F1xx_HAL_Driver/Src/stm32f1xx_hal_dma.o
                0x08002878                HAL_DMA_Init
 .text.HAL_DMA_Start_IT
                0x0800292c       0xc0 ./Drivers/STM32F1xx_HAL_Driver/Src/stm32f1xx_hal_dma.o
                0x0800292c                HAL_DMA_Start_IT
 .text.HAL_DMA_Abort
                0x080029ec       0x76 ./Drivers/STM32F1xx_HAL_Driver/Src/stm32f1xx_hal_dma.o
                0x080029ec                HAL_DMA_Abort
 *fill*         0x08002a62        0x2 
 .text.HAL_DMA_IRQHandler
                0x08002a64      0x20c ./Drivers/STM32F1xx_HAL_Driver/Src/stm32f1xx_hal_dma.o
                0x08002a64                HAL_DMA_IRQHandler
 .text.DMA_SetConfig
                0x08002c70       0x5a ./Drivers/STM32F1xx_HAL_Driver/Src/stm32f1xx_hal_dma.o
 *fill*         0x08002cca        0x2 
 .text.HAL_FLASH_Program
                0x08002ccc       0xe0 ./Drivers/STM32F1xx_HAL_Driver/Src/stm32f1xx_hal_flash.o
                0x08002ccc                HAL_FLASH_Program
 .text.HAL_FLASH_Unlock
                0x08002dac       0x4c ./Drivers/STM32F1xx_HAL_Driver/Src/stm32f1xx_hal_flash.o
                0x08002dac                HAL_FLASH_Unlock
 .text.HAL_FLASH_Lock
                0x08002df8       0x20 ./Drivers/STM32F1xx_HAL_Driver/Src/stm32f1xx_hal_flash.o
                0x08002df8                HAL_FLASH_Lock
 .text.FLASH_Program_HalfWord
                0x08002e18       0x38 ./Drivers/STM32F1xx_HAL_Driver/Src/stm32f1xx_hal_flash.o
 .text.FLASH_WaitForLastOperation
                0x08002e50       0x8c ./Drivers/STM32F1xx_HAL_Driver/Src/stm32f1xx_hal_flash.o
                0x08002e50                FLASH_WaitForLastOperation
 .text.FLASH_SetErrorCode
                0x08002edc       0xa0 ./Drivers/STM32F1xx_HAL_Driver/Src/stm32f1xx_hal_flash.o
 .text.HAL_FLASHEx_Erase
                0x08002f7c       0xd8 ./Drivers/STM32F1xx_HAL_Driver/Src/stm32f1xx_hal_flash_ex.o
                0x08002f7c                HAL_FLASHEx_Erase
 .text.FLASH_MassErase
                0x08003054       0x38 ./Drivers/STM32F1xx_HAL_Driver/Src/stm32f1xx_hal_flash_ex.o
 .text.FLASH_PageErase
                0x0800308c       0x40 ./Drivers/STM32F1xx_HAL_Driver/Src/stm32f1xx_hal_flash_ex.o
                0x0800308c                FLASH_PageErase
 .text.HAL_GPIO_Init
                0x080030cc      0x308 ./Drivers/STM32F1xx_HAL_Driver/Src/stm32f1xx_hal_gpio.o
                0x080030cc                HAL_GPIO_Init
 .text.HAL_GPIO_ReadPin
                0x080033d4       0x2e ./Drivers/STM32F1xx_HAL_Driver/Src/stm32f1xx_hal_gpio.o
                0x080033d4                HAL_GPIO_ReadPin
 .text.HAL_GPIO_WritePin
                0x08003402       0x30 ./Drivers/STM32F1xx_HAL_Driver/Src/stm32f1xx_hal_gpio.o
                0x08003402                HAL_GPIO_WritePin
 .text.HAL_GPIO_TogglePin
                0x08003432       0x32 ./Drivers/STM32F1xx_HAL_Driver/Src/stm32f1xx_hal_gpio.o
                0x08003432                HAL_GPIO_TogglePin
 .text.HAL_I2C_Init
                0x08003464      0x288 ./Drivers/STM32F1xx_HAL_Driver/Src/stm32f1xx_hal_i2c.o
                0x08003464                HAL_I2C_Init
 .text.HAL_RCC_OscConfig
                0x080036ec      0x504 ./Drivers/STM32F1xx_HAL_Driver/Src/stm32f1xx_hal_rcc.o
                0x080036ec                HAL_RCC_OscConfig
 .text.HAL_RCC_ClockConfig
                0x08003bf0      0x1d4 ./Drivers/STM32F1xx_HAL_Driver/Src/stm32f1xx_hal_rcc.o
                0x08003bf0                HAL_RCC_ClockConfig
 .text.HAL_RCC_GetSysClockFreq
                0x08003dc4       0xa8 ./Drivers/STM32F1xx_HAL_Driver/Src/stm32f1xx_hal_rcc.o
                0x08003dc4                HAL_RCC_GetSysClockFreq
 .text.HAL_RCC_GetHCLKFreq
                0x08003e6c       0x14 ./Drivers/STM32F1xx_HAL_Driver/Src/stm32f1xx_hal_rcc.o
                0x08003e6c                HAL_RCC_GetHCLKFreq
 .text.HAL_RCC_GetPCLK1Freq
                0x08003e80       0x28 ./Drivers/STM32F1xx_HAL_Driver/Src/stm32f1xx_hal_rcc.o
                0x08003e80                HAL_RCC_GetPCLK1Freq
 .text.HAL_RCC_GetPCLK2Freq
                0x08003ea8       0x28 ./Drivers/STM32F1xx_HAL_Driver/Src/stm32f1xx_hal_rcc.o
                0x08003ea8                HAL_RCC_GetPCLK2Freq
 .text.RCC_Delay
                0x08003ed0       0x3c ./Drivers/STM32F1xx_HAL_Driver/Src/stm32f1xx_hal_rcc.o
 .text.HAL_RCCEx_PeriphCLKConfig
                0x08003f0c      0x16c ./Drivers/STM32F1xx_HAL_Driver/Src/stm32f1xx_hal_rcc_ex.o
                0x08003f0c                HAL_RCCEx_PeriphCLKConfig
 .text.HAL_SPI_Init
                0x08004078      0x108 ./Drivers/STM32F1xx_HAL_Driver/Src/stm32f1xx_hal_spi.o
                0x08004078                HAL_SPI_Init
 .text.HAL_TIM_Base_Init
                0x08004180       0x9e ./Drivers/STM32F1xx_HAL_Driver/Src/stm32f1xx_hal_tim.o
                0x08004180                HAL_TIM_Base_Init
 *fill*         0x0800421e        0x2 
 .text.HAL_TIM_Base_Start_IT
                0x08004220       0xa4 ./Drivers/STM32F1xx_HAL_Driver/Src/stm32f1xx_hal_tim.o
                0x08004220                HAL_TIM_Base_Start_IT
 .text.HAL_TIM_IRQHandler
                0x080042c4      0x1e0 ./Drivers/STM32F1xx_HAL_Driver/Src/stm32f1xx_hal_tim.o
                0x080042c4                HAL_TIM_IRQHandler
 .text.HAL_TIM_ConfigClockSource
                0x080044a4      0x18e ./Drivers/STM32F1xx_HAL_Driver/Src/stm32f1xx_hal_tim.o
                0x080044a4                HAL_TIM_ConfigClockSource
 .text.HAL_TIM_OC_DelayElapsedCallback
                0x08004632       0x12 ./Drivers/STM32F1xx_HAL_Driver/Src/stm32f1xx_hal_tim.o
                0x08004632                HAL_TIM_OC_DelayElapsedCallback
 .text.HAL_TIM_IC_CaptureCallback
                0x08004644       0x12 ./Drivers/STM32F1xx_HAL_Driver/Src/stm32f1xx_hal_tim.o
                0x08004644                HAL_TIM_IC_CaptureCallback
 .text.HAL_TIM_PWM_PulseFinishedCallback
                0x08004656       0x12 ./Drivers/STM32F1xx_HAL_Driver/Src/stm32f1xx_hal_tim.o
                0x08004656                HAL_TIM_PWM_PulseFinishedCallback
 .text.HAL_TIM_TriggerCallback
                0x08004668       0x12 ./Drivers/STM32F1xx_HAL_Driver/Src/stm32f1xx_hal_tim.o
                0x08004668                HAL_TIM_TriggerCallback
 *fill*         0x0800467a        0x2 
 .text.TIM_Base_SetConfig
                0x0800467c       0xdc ./Drivers/STM32F1xx_HAL_Driver/Src/stm32f1xx_hal_tim.o
                0x0800467c                TIM_Base_SetConfig
 .text.TIM_TI1_ConfigInputStage
                0x08004758       0x5c ./Drivers/STM32F1xx_HAL_Driver/Src/stm32f1xx_hal_tim.o
 .text.TIM_TI2_ConfigInputStage
                0x080047b4       0x5e ./Drivers/STM32F1xx_HAL_Driver/Src/stm32f1xx_hal_tim.o
 .text.TIM_ITRx_SetConfig
                0x08004812       0x34 ./Drivers/STM32F1xx_HAL_Driver/Src/stm32f1xx_hal_tim.o
 .text.TIM_ETR_SetConfig
                0x08004846       0x3e ./Drivers/STM32F1xx_HAL_Driver/Src/stm32f1xx_hal_tim.o
                0x08004846                TIM_ETR_SetConfig
 .text.HAL_TIMEx_MasterConfigSynchronization
                0x08004884       0xbc ./Drivers/STM32F1xx_HAL_Driver/Src/stm32f1xx_hal_tim_ex.o
                0x08004884                HAL_TIMEx_MasterConfigSynchronization
 .text.HAL_TIMEx_CommutCallback
                0x08004940       0x12 ./Drivers/STM32F1xx_HAL_Driver/Src/stm32f1xx_hal_tim_ex.o
                0x08004940                HAL_TIMEx_CommutCallback
 .text.HAL_TIMEx_BreakCallback
                0x08004952       0x12 ./Drivers/STM32F1xx_HAL_Driver/Src/stm32f1xx_hal_tim_ex.o
                0x08004952                HAL_TIMEx_BreakCallback
 .text.HAL_UART_Init
                0x08004964       0xa0 ./Drivers/STM32F1xx_HAL_Driver/Src/stm32f1xx_hal_uart.o
                0x08004964                HAL_UART_Init
 .text.UART_SetConfig
                0x08004a04      0x11c ./Drivers/STM32F1xx_HAL_Driver/Src/stm32f1xx_hal_uart.o
 .text.makeFreeRtosPriority
                0x08004b20       0x2e ./Middlewares/Third_Party/FreeRTOS/Source/CMSIS_RTOS/cmsis_os.o
 .text.inHandlerMode
                0x08004b4e       0x22 ./Middlewares/Third_Party/FreeRTOS/Source/CMSIS_RTOS/cmsis_os.o
 .text.osKernelStart
                0x08004b70        0xe ./Middlewares/Third_Party/FreeRTOS/Source/CMSIS_RTOS/cmsis_os.o
                0x08004b70                osKernelStart
 .text.osThreadCreate
                0x08004b7e       0x98 ./Middlewares/Third_Party/FreeRTOS/Source/CMSIS_RTOS/cmsis_os.o
                0x08004b7e                osThreadCreate
 .text.osDelay  0x08004c16       0x28 ./Middlewares/Third_Party/FreeRTOS/Source/CMSIS_RTOS/cmsis_os.o
                0x08004c16                osDelay
 *fill*         0x08004c3e        0x2 
 .text.osTimerCreate
                0x08004c40       0x68 ./Middlewares/Third_Party/FreeRTOS/Source/CMSIS_RTOS/cmsis_os.o
                0x08004c40                osTimerCreate
 .text.osTimerStart
                0x08004ca8       0x88 ./Middlewares/Third_Party/FreeRTOS/Source/CMSIS_RTOS/cmsis_os.o
                0x08004ca8                osTimerStart
 .text.osTimerStop
                0x08004d30       0x78 ./Middlewares/Third_Party/FreeRTOS/Source/CMSIS_RTOS/cmsis_os.o
                0x08004d30                osTimerStop
 .text.osMutexCreate
                0x08004da8       0x30 ./Middlewares/Third_Party/FreeRTOS/Source/CMSIS_RTOS/cmsis_os.o
                0x08004da8                osMutexCreate
 .text.osMutexWait
                0x08004dd8       0x9c ./Middlewares/Third_Party/FreeRTOS/Source/CMSIS_RTOS/cmsis_os.o
                0x08004dd8                osMutexWait
 .text.osMutexRelease
                0x08004e74       0x6c ./Middlewares/Third_Party/FreeRTOS/Source/CMSIS_RTOS/cmsis_os.o
                0x08004e74                osMutexRelease
 .text.osMessageCreate
                0x08004ee0       0x50 ./Middlewares/Third_Party/FreeRTOS/Source/CMSIS_RTOS/cmsis_os.o
                0x08004ee0                osMessageCreate
 .text.vListInitialise
                0x08004f30       0x3e ./Middlewares/Third_Party/FreeRTOS/Source/list.o
                0x08004f30                vListInitialise
 .text.vListInitialiseItem
                0x08004f6e       0x18 ./Middlewares/Third_Party/FreeRTOS/Source/list.o
                0x08004f6e                vListInitialiseItem
 .text.vListInsertEnd
                0x08004f86       0x46 ./Middlewares/Third_Party/FreeRTOS/Source/list.o
                0x08004f86                vListInsertEnd
 .text.vListInsert
                0x08004fcc       0x70 ./Middlewares/Third_Party/FreeRTOS/Source/list.o
                0x08004fcc                vListInsert
 .text.uxListRemove
                0x0800503c       0x52 ./Middlewares/Third_Party/FreeRTOS/Source/list.o
                0x0800503c                uxListRemove
 *fill*         0x0800508e        0x2 
 .text.xQueueGenericReset
                0x08005090       0xd4 ./Middlewares/Third_Party/FreeRTOS/Source/queue.o
                0x08005090                xQueueGenericReset
 .text.xQueueGenericCreateStatic
                0x08005164       0xfa ./Middlewares/Third_Party/FreeRTOS/Source/queue.o
                0x08005164                xQueueGenericCreateStatic
 .text.xQueueGenericCreate
                0x0800525e       0x76 ./Middlewares/Third_Party/FreeRTOS/Source/queue.o
                0x0800525e                xQueueGenericCreate
 .text.prvInitialiseNewQueue
                0x080052d4       0x46 ./Middlewares/Third_Party/FreeRTOS/Source/queue.o
 .text.prvInitialiseMutex
                0x0800531a       0x34 ./Middlewares/Third_Party/FreeRTOS/Source/queue.o
 .text.xQueueCreateMutex
                0x0800534e       0x30 ./Middlewares/Third_Party/FreeRTOS/Source/queue.o
                0x0800534e                xQueueCreateMutex
 .text.xQueueCreateMutexStatic
                0x0800537e       0x36 ./Middlewares/Third_Party/FreeRTOS/Source/queue.o
                0x0800537e                xQueueCreateMutexStatic
 .text.xQueueGenericSend
                0x080053b4      0x204 ./Middlewares/Third_Party/FreeRTOS/Source/queue.o
                0x080053b4                xQueueGenericSend
 .text.xQueueGenericSendFromISR
                0x080055b8      0x13c ./Middlewares/Third_Party/FreeRTOS/Source/queue.o
                0x080055b8                xQueueGenericSendFromISR
 .text.xQueueGiveFromISR
                0x080056f4      0x120 ./Middlewares/Third_Party/FreeRTOS/Source/queue.o
                0x080056f4                xQueueGiveFromISR
 .text.xQueueReceive
                0x08005814      0x1c4 ./Middlewares/Third_Party/FreeRTOS/Source/queue.o
                0x08005814                xQueueReceive
 .text.xQueueSemaphoreTake
                0x080059d8      0x220 ./Middlewares/Third_Party/FreeRTOS/Source/queue.o
                0x080059d8                xQueueSemaphoreTake
 .text.xQueueReceiveFromISR
                0x08005bf8      0x104 ./Middlewares/Third_Party/FreeRTOS/Source/queue.o
                0x08005bf8                xQueueReceiveFromISR
 .text.prvGetDisinheritPriorityAfterTimeout
                0x08005cfc       0x2e ./Middlewares/Third_Party/FreeRTOS/Source/queue.o
 .text.prvCopyDataToQueue
                0x08005d2a       0xd4 ./Middlewares/Third_Party/FreeRTOS/Source/queue.o
 .text.prvCopyDataFromQueue
                0x08005dfe       0x4c ./Middlewares/Third_Party/FreeRTOS/Source/queue.o
 .text.prvUnlockQueue
                0x08005e4a       0xa4 ./Middlewares/Third_Party/FreeRTOS/Source/queue.o
 .text.prvIsQueueEmpty
                0x08005eee       0x2c ./Middlewares/Third_Party/FreeRTOS/Source/queue.o
 .text.prvIsQueueFull
                0x08005f1a       0x30 ./Middlewares/Third_Party/FreeRTOS/Source/queue.o
 *fill*         0x08005f4a        0x2 
 .text.vQueueAddToRegistry
                0x08005f4c       0x50 ./Middlewares/Third_Party/FreeRTOS/Source/queue.o
                0x08005f4c                vQueueAddToRegistry
 .text.vQueueWaitForMessageRestricted
                0x08005f9c       0x68 ./Middlewares/Third_Party/FreeRTOS/Source/queue.o
                0x08005f9c                vQueueWaitForMessageRestricted
 .text.xTaskCreateStatic
                0x08006004       0xc0 ./Middlewares/Third_Party/FreeRTOS/Source/tasks.o
                0x08006004                xTaskCreateStatic
 .text.xTaskCreate
                0x080060c4       0x8a ./Middlewares/Third_Party/FreeRTOS/Source/tasks.o
                0x080060c4                xTaskCreate
 .text.prvInitialiseNewTask
                0x0800614e      0x132 ./Middlewares/Third_Party/FreeRTOS/Source/tasks.o
 .text.prvAddNewTaskToReadyList
                0x08006280       0xdc ./Middlewares/Third_Party/FreeRTOS/Source/tasks.o
 .text.vTaskDelay
                0x0800635c       0x6c ./Middlewares/Third_Party/FreeRTOS/Source/tasks.o
                0x0800635c                vTaskDelay
 .text.vTaskStartScheduler
                0x080063c8       0xd4 ./Middlewares/Third_Party/FreeRTOS/Source/tasks.o
                0x080063c8                vTaskStartScheduler
 .text.vTaskSuspendAll
                0x0800649c       0x1c ./Middlewares/Third_Party/FreeRTOS/Source/tasks.o
                0x0800649c                vTaskSuspendAll
 .text.xTaskResumeAll
                0x080064b8      0x13c ./Middlewares/Third_Party/FreeRTOS/Source/tasks.o
                0x080064b8                xTaskResumeAll
 .text.xTaskGetTickCount
                0x080065f4       0x1c ./Middlewares/Third_Party/FreeRTOS/Source/tasks.o
                0x080065f4                xTaskGetTickCount
 .text.xTaskIncrementTick
                0x08006610      0x174 ./Middlewares/Third_Party/FreeRTOS/Source/tasks.o
                0x08006610                xTaskIncrementTick
 .text.vTaskSwitchContext
                0x08006784       0xf0 ./Middlewares/Third_Party/FreeRTOS/Source/tasks.o
                0x08006784                vTaskSwitchContext
 .text.vTaskPlaceOnEventList
                0x08006874       0x4c ./Middlewares/Third_Party/FreeRTOS/Source/tasks.o
                0x08006874                vTaskPlaceOnEventList
 .text.vTaskPlaceOnEventListRestricted
                0x080068c0       0x58 ./Middlewares/Third_Party/FreeRTOS/Source/tasks.o
                0x080068c0                vTaskPlaceOnEventListRestricted
 .text.xTaskRemoveFromEventList
                0x08006918       0xc8 ./Middlewares/Third_Party/FreeRTOS/Source/tasks.o
                0x08006918                xTaskRemoveFromEventList
 .text.vTaskInternalSetTimeOutState
                0x080069e0       0x2c ./Middlewares/Third_Party/FreeRTOS/Source/tasks.o
                0x080069e0                vTaskInternalSetTimeOutState
 .text.xTaskCheckForTimeOut
                0x08006a0c       0xc8 ./Middlewares/Third_Party/FreeRTOS/Source/tasks.o
                0x08006a0c                xTaskCheckForTimeOut
 .text.vTaskMissedYield
                0x08006ad4       0x18 ./Middlewares/Third_Party/FreeRTOS/Source/tasks.o
                0x08006ad4                vTaskMissedYield
 .text.prvIdleTask
                0x08006aec       0x30 ./Middlewares/Third_Party/FreeRTOS/Source/tasks.o
 .text.prvInitialiseTaskLists
                0x08006b1c       0x80 ./Middlewares/Third_Party/FreeRTOS/Source/tasks.o
 .text.prvCheckTasksWaitingTermination
                0x08006b9c       0x5c ./Middlewares/Third_Party/FreeRTOS/Source/tasks.o
 .text.prvDeleteTCB
                0x08006bf8       0x60 ./Middlewares/Third_Party/FreeRTOS/Source/tasks.o
 .text.prvResetNextTaskUnblockTime
                0x08006c58       0x40 ./Middlewares/Third_Party/FreeRTOS/Source/tasks.o
 .text.xTaskGetSchedulerState
                0x08006c98       0x3c ./Middlewares/Third_Party/FreeRTOS/Source/tasks.o
                0x08006c98                xTaskGetSchedulerState
 .text.xTaskPriorityInherit
                0x08006cd4       0xec ./Middlewares/Third_Party/FreeRTOS/Source/tasks.o
                0x08006cd4                xTaskPriorityInherit
 .text.xTaskPriorityDisinherit
                0x08006dc0      0x110 ./Middlewares/Third_Party/FreeRTOS/Source/tasks.o
                0x08006dc0                xTaskPriorityDisinherit
 .text.vTaskPriorityDisinheritAfterTimeout
                0x08006ed0      0x120 ./Middlewares/Third_Party/FreeRTOS/Source/tasks.o
                0x08006ed0                vTaskPriorityDisinheritAfterTimeout
 .text.pvTaskIncrementMutexHeldCount
                0x08006ff0       0x28 ./Middlewares/Third_Party/FreeRTOS/Source/tasks.o
                0x08006ff0                pvTaskIncrementMutexHeldCount
 .text.ulTaskNotifyTake
                0x08007018       0x90 ./Middlewares/Third_Party/FreeRTOS/Source/tasks.o
                0x08007018                ulTaskNotifyTake
 .text.vTaskNotifyGiveFromISR
                0x080070a8      0x128 ./Middlewares/Third_Party/FreeRTOS/Source/tasks.o
                0x080070a8                vTaskNotifyGiveFromISR
 .text.prvAddCurrentTaskToDelayedList
                0x080071d0       0xcc ./Middlewares/Third_Party/FreeRTOS/Source/tasks.o
 .text.xTimerCreateTimerTask
                0x0800729c       0x94 ./Middlewares/Third_Party/FreeRTOS/Source/timers.o
                0x0800729c                xTimerCreateTimerTask
 .text.xTimerCreate
                0x08007330       0x42 ./Middlewares/Third_Party/FreeRTOS/Source/timers.o
                0x08007330                xTimerCreate
 .text.xTimerCreateStatic
                0x08007372       0x80 ./Middlewares/Third_Party/FreeRTOS/Source/timers.o
                0x08007372                xTimerCreateStatic
 .text.prvInitialiseNewTimer
                0x080073f2       0x78 ./Middlewares/Third_Party/FreeRTOS/Source/timers.o
 *fill*         0x0800746a        0x2 
 .text.xTimerGenericCommand
                0x0800746c       0x9c ./Middlewares/Third_Party/FreeRTOS/Source/timers.o
                0x0800746c                xTimerGenericCommand
 .text.prvProcessExpiredTimer
                0x08007508       0x9c ./Middlewares/Third_Party/FreeRTOS/Source/timers.o
 .text.prvTimerTask
                0x080075a4       0x26 ./Middlewares/Third_Party/FreeRTOS/Source/timers.o
 *fill*         0x080075ca        0x2 
 .text.prvProcessTimerOrBlockTask
                0x080075cc       0x9c ./Middlewares/Third_Party/FreeRTOS/Source/timers.o
 .text.prvGetNextExpireTime
                0x08007668       0x44 ./Middlewares/Third_Party/FreeRTOS/Source/timers.o
 .text.prvSampleTimeNow
                0x080076ac       0x40 ./Middlewares/Third_Party/FreeRTOS/Source/timers.o
 .text.prvInsertTimerInActiveList
                0x080076ec       0x84 ./Middlewares/Third_Party/FreeRTOS/Source/timers.o
 .text.prvProcessReceivedCommands
                0x08007770      0x194 ./Middlewares/Third_Party/FreeRTOS/Source/timers.o
 .text.prvSwitchTimerLists
                0x08007904       0xcc ./Middlewares/Third_Party/FreeRTOS/Source/timers.o
 .text.prvCheckForValidListAndQueue
                0x080079d0       0x80 ./Middlewares/Third_Party/FreeRTOS/Source/timers.o
 .text.pxPortInitialiseStack
                0x08007a50       0x58 ./Middlewares/Third_Party/FreeRTOS/Source/portable/GCC/ARM_CM3/port.o
                0x08007a50                pxPortInitialiseStack
 .text.prvTaskExitError
                0x08007aa8       0x58 ./Middlewares/Third_Party/FreeRTOS/Source/portable/GCC/ARM_CM3/port.o
 .text.SVC_Handler
                0x08007b00       0x28 ./Middlewares/Third_Party/FreeRTOS/Source/portable/GCC/ARM_CM3/port.o
                0x08007b00                SVC_Handler
 .text.prvPortStartFirstTask
                0x08007b28       0x20 ./Middlewares/Third_Party/FreeRTOS/Source/portable/GCC/ARM_CM3/port.o
 .text.xPortStartScheduler
                0x08007b48       0xe4 ./Middlewares/Third_Party/FreeRTOS/Source/portable/GCC/ARM_CM3/port.o
                0x08007b48                xPortStartScheduler
 .text.vPortEnterCritical
                0x08007c2c       0x60 ./Middlewares/Third_Party/FreeRTOS/Source/portable/GCC/ARM_CM3/port.o
                0x08007c2c                vPortEnterCritical
 .text.vPortExitCritical
                0x08007c8c       0x54 ./Middlewares/Third_Party/FreeRTOS/Source/portable/GCC/ARM_CM3/port.o
                0x08007c8c                vPortExitCritical
 .text.PendSV_Handler
                0x08007ce0       0x48 ./Middlewares/Third_Party/FreeRTOS/Source/portable/GCC/ARM_CM3/port.o
                0x08007ce0                PendSV_Handler
 .text.xPortSysTickHandler
                0x08007d28       0x44 ./Middlewares/Third_Party/FreeRTOS/Source/portable/GCC/ARM_CM3/port.o
                0x08007d28                xPortSysTickHandler
 .text.vPortSetupTimerInterrupt
                0x08007d6c       0x44 ./Middlewares/Third_Party/FreeRTOS/Source/portable/GCC/ARM_CM3/port.o
                0x08007d6c                vPortSetupTimerInterrupt
 .text.vPortValidateInterruptPriority
                0x08007db0       0x80 ./Middlewares/Third_Party/FreeRTOS/Source/portable/GCC/ARM_CM3/port.o
                0x08007db0                vPortValidateInterruptPriority
 .text.pvPortMalloc
                0x08007e30      0x19c ./Middlewares/Third_Party/FreeRTOS/Source/portable/MemMang/heap_4.o
                0x08007e30                pvPortMalloc
 .text.vPortFree
                0x08007fcc       0xc8 ./Middlewares/Third_Party/FreeRTOS/Source/portable/MemMang/heap_4.o
                0x08007fcc                vPortFree
 .text.prvHeapInit
                0x08008094       0xc4 ./Middlewares/Third_Party/FreeRTOS/Source/portable/MemMang/heap_4.o
 .text.prvInsertBlockIntoFreeList
                0x08008158       0xb0 ./Middlewares/Third_Party/FreeRTOS/Source/portable/MemMang/heap_4.o
 .text.memset   0x08008208       0x10 D:/APP/ST/STM32CubeIDE_1.16.0/STM32CubeIDE/plugins/com.st.stm32cube.ide.mcu.externaltools.gnu-tools-for-stm32.12.3.rel1.win32_1.0.200.202406191623/tools/bin/../lib/gcc/arm-none-eabi/12.3.1/../../../../arm-none-eabi/lib/thumb/v7-m/nofp\libc_nano.a(libc_a-memset.o)
                0x08008208                memset
 .text.__libc_init_array
                0x08008218       0x48 D:/APP/ST/STM32CubeIDE_1.16.0/STM32CubeIDE/plugins/com.st.stm32cube.ide.mcu.externaltools.gnu-tools-for-stm32.12.3.rel1.win32_1.0.200.202406191623/tools/bin/../lib/gcc/arm-none-eabi/12.3.1/../../../../arm-none-eabi/lib/thumb/v7-m/nofp\libc_nano.a(libc_a-init.o)
                0x08008218                __libc_init_array
 .text.memcpy   0x08008260       0x1c D:/APP/ST/STM32CubeIDE_1.16.0/STM32CubeIDE/plugins/com.st.stm32cube.ide.mcu.externaltools.gnu-tools-for-stm32.12.3.rel1.win32_1.0.200.202406191623/tools/bin/../lib/gcc/arm-none-eabi/12.3.1/../../../../arm-none-eabi/lib/thumb/v7-m/nofp\libc_nano.a(libc_a-memcpy-stub.o)
                0x08008260                memcpy
 *(.glue_7)
 .glue_7        0x0800827c        0x0 linker stubs
 *(.glue_7t)
 .glue_7t       0x0800827c        0x0 linker stubs
 *(.eh_frame)
 .eh_frame      0x0800827c        0x0 D:/APP/ST/STM32CubeIDE_1.16.0/STM32CubeIDE/plugins/com.st.stm32cube.ide.mcu.externaltools.gnu-tools-for-stm32.12.3.rel1.win32_1.0.200.202406191623/tools/bin/../lib/gcc/arm-none-eabi/12.3.1/thumb/v7-m/nofp/crtbegin.o
 *(.init)
 .init          0x0800827c        0x4 D:/APP/ST/STM32CubeIDE_1.16.0/STM32CubeIDE/plugins/com.st.stm32cube.ide.mcu.externaltools.gnu-tools-for-stm32.12.3.rel1.win32_1.0.200.202406191623/tools/bin/../lib/gcc/arm-none-eabi/12.3.1/thumb/v7-m/nofp/crti.o
                0x0800827c                _init
 .init          0x08008280        0x8 D:/APP/ST/STM32CubeIDE_1.16.0/STM32CubeIDE/plugins/com.st.stm32cube.ide.mcu.externaltools.gnu-tools-for-stm32.12.3.rel1.win32_1.0.200.202406191623/tools/bin/../lib/gcc/arm-none-eabi/12.3.1/thumb/v7-m/nofp/crtn.o
 *(.fini)
 .fini          0x08008288        0x4 D:/APP/ST/STM32CubeIDE_1.16.0/STM32CubeIDE/plugins/com.st.stm32cube.ide.mcu.externaltools.gnu-tools-for-stm32.12.3.rel1.win32_1.0.200.202406191623/tools/bin/../lib/gcc/arm-none-eabi/12.3.1/thumb/v7-m/nofp/crti.o
                0x08008288                _fini
 .fini          0x0800828c        0x8 D:/APP/ST/STM32CubeIDE_1.16.0/STM32CubeIDE/plugins/com.st.stm32cube.ide.mcu.externaltools.gnu-tools-for-stm32.12.3.rel1.win32_1.0.200.202406191623/tools/bin/../lib/gcc/arm-none-eabi/12.3.1/thumb/v7-m/nofp/crtn.o
                0x08008294                        . = ALIGN (0x4)
                0x08008294                        _etext = .

.vfp11_veneer   0x08008294        0x0
 .vfp11_veneer  0x08008294        0x0 linker stubs

.v4_bx          0x08008294        0x0
 .v4_bx         0x08008294        0x0 linker stubs

.iplt           0x08008294        0x0
 .iplt          0x08008294        0x0 D:/APP/ST/STM32CubeIDE_1.16.0/STM32CubeIDE/plugins/com.st.stm32cube.ide.mcu.externaltools.gnu-tools-for-stm32.12.3.rel1.win32_1.0.200.202406191623/tools/bin/../lib/gcc/arm-none-eabi/12.3.1/thumb/v7-m/nofp/crtbegin.o

.rodata         0x08008294      0x124
                0x08008294                        . = ALIGN (0x4)
 *(.rodata)
 .rodata        0x08008294       0xb4 ./Core/Src/main.o
 .rodata        0x08008348        0x1 ./Middlewares/Third_Party/FreeRTOS/Source/CMSIS_RTOS/cmsis_os.o
 *fill*         0x08008349        0x3 
 .rodata        0x0800834c       0x30 ./Middlewares/Third_Party/FreeRTOS/Source/tasks.o
 .rodata        0x0800837c        0xd ./Middlewares/Third_Party/FreeRTOS/Source/timers.o
 *(.rodata*)
 *fill*         0x08008389        0x3 
 .rodata.AHBPrescTable
                0x0800838c       0x10 ./Core/Src/system_stm32f1xx.o
                0x0800838c                AHBPrescTable
 .rodata.APBPrescTable
                0x0800839c        0x8 ./Core/Src/system_stm32f1xx.o
                0x0800839c                APBPrescTable
 .rodata.aPLLMULFactorTable.1
                0x080083a4       0x10 ./Drivers/STM32F1xx_HAL_Driver/Src/stm32f1xx_hal_rcc.o
 .rodata.aPredivFactorTable.0
                0x080083b4        0x2 ./Drivers/STM32F1xx_HAL_Driver/Src/stm32f1xx_hal_rcc.o
                0x080083b8                        . = ALIGN (0x4)
 *fill*         0x080083b6        0x2 

.ARM.extab      0x080083b8        0x0
                0x080083b8                        . = ALIGN (0x4)
 *(.ARM.extab* .gnu.linkonce.armextab.*)
                0x080083b8                        . = ALIGN (0x4)

.ARM            0x080083b8        0x0
                0x080083b8                        . = ALIGN (0x4)
                0x080083b8                        __exidx_start = .
 *(.ARM.exidx*)
                0x080083b8                        __exidx_end = .
                0x080083b8                        . = ALIGN (0x4)

.preinit_array  0x080083b8        0x0
                0x080083b8                        . = ALIGN (0x4)
                0x080083b8                        PROVIDE (__preinit_array_start = .)
 *(.preinit_array*)
                0x080083b8                        PROVIDE (__preinit_array_end = .)
                0x080083b8                        . = ALIGN (0x4)

.init_array     0x080083b8        0x4
                0x080083b8                        . = ALIGN (0x4)
                0x080083b8                        PROVIDE (__init_array_start = .)
 *(SORT_BY_NAME(.init_array.*))
 *(.init_array*)
 .init_array    0x080083b8        0x4 D:/APP/ST/STM32CubeIDE_1.16.0/STM32CubeIDE/plugins/com.st.stm32cube.ide.mcu.externaltools.gnu-tools-for-stm32.12.3.rel1.win32_1.0.200.202406191623/tools/bin/../lib/gcc/arm-none-eabi/12.3.1/thumb/v7-m/nofp/crtbegin.o
                0x080083bc                        PROVIDE (__init_array_end = .)
                0x080083bc                        . = ALIGN (0x4)

.fini_array     0x080083bc        0x4
                0x080083bc                        . = ALIGN (0x4)
                [!provide]                        PROVIDE (__fini_array_start = .)
 *(SORT_BY_NAME(.fini_array.*))
 *(.fini_array*)
 .fini_array    0x080083bc        0x4 D:/APP/ST/STM32CubeIDE_1.16.0/STM32CubeIDE/plugins/com.st.stm32cube.ide.mcu.externaltools.gnu-tools-for-stm32.12.3.rel1.win32_1.0.200.202406191623/tools/bin/../lib/gcc/arm-none-eabi/12.3.1/thumb/v7-m/nofp/crtbegin.o
                [!provide]                        PROVIDE (__fini_array_end = .)
                0x080083c0                        . = ALIGN (0x4)
                0x080083c0                        _sidata = LOADADDR (.data)

.rel.dyn        0x080083c0        0x0
 .rel.iplt      0x080083c0        0x0 D:/APP/ST/STM32CubeIDE_1.16.0/STM32CubeIDE/plugins/com.st.stm32cube.ide.mcu.externaltools.gnu-tools-for-stm32.12.3.rel1.win32_1.0.200.202406191623/tools/bin/../lib/gcc/arm-none-eabi/12.3.1/thumb/v7-m/nofp/crtbegin.o

.data           0x20000000       0x10 load address 0x080083c0
                0x20000000                        . = ALIGN (0x4)
                0x20000000                        _sdata = .
 *(.data)
 *(.data*)
 .data.SystemCoreClock
                0x20000000        0x4 ./Core/Src/system_stm32f1xx.o
                0x20000000                SystemCoreClock
 .data.uwTickPrio
                0x20000004        0x4 ./Drivers/STM32F1xx_HAL_Driver/Src/stm32f1xx_hal.o
                0x20000004                uwTickPrio
 .data.uwTickFreq
                0x20000008        0x1 ./Drivers/STM32F1xx_HAL_Driver/Src/stm32f1xx_hal.o
                0x20000008                uwTickFreq
 *fill*         0x20000009        0x3 
 .data.uxCriticalNesting
                0x2000000c        0x4 ./Middlewares/Third_Party/FreeRTOS/Source/portable/GCC/ARM_CM3/port.o
 *(.RamFunc)
 *(.RamFunc*)
                0x20000010                        . = ALIGN (0x4)
                0x20000010                        _edata = .

.igot.plt       0x20000010        0x0 load address 0x080083d0
 .igot.plt      0x20000010        0x0 D:/APP/ST/STM32CubeIDE_1.16.0/STM32CubeIDE/plugins/com.st.stm32cube.ide.mcu.externaltools.gnu-tools-for-stm32.12.3.rel1.win32_1.0.200.202406191623/tools/bin/../lib/gcc/arm-none-eabi/12.3.1/thumb/v7-m/nofp/crtbegin.o
                0x20000010                        . = ALIGN (0x4)

.bss            0x20000010     0x2f98 load address 0x080083d0
                0x20000010                        _sbss = .
                0x20000010                        __bss_start__ = _sbss
 *(.bss)
 .bss           0x20000010       0x1c D:/APP/ST/STM32CubeIDE_1.16.0/STM32CubeIDE/plugins/com.st.stm32cube.ide.mcu.externaltools.gnu-tools-for-stm32.12.3.rel1.win32_1.0.200.202406191623/tools/bin/../lib/gcc/arm-none-eabi/12.3.1/thumb/v7-m/nofp/crtbegin.o
 *(.bss*)
 .bss.ulStatsTimerTicks
                0x2000002c        0x4 ./Core/Src/freertos.o
                0x2000002c                ulStatsTimerTicks
 .bss.xIdleTaskTCBBuffer
                0x20000030       0x68 ./Core/Src/freertos.o
 .bss.xIdleStack
                0x20000098      0x200 ./Core/Src/freertos.o
 .bss.xTimerTaskTCBBuffer
                0x20000298       0x68 ./Core/Src/freertos.o
 .bss.xTimerStack
                0x20000300      0x400 ./Core/Src/freertos.o
 .bss.hadc1     0x20000700       0x30 ./Core/Src/main.o
                0x20000700                hadc1
 .bss.hdma_adc1
                0x20000730       0x44 ./Core/Src/main.o
                0x20000730                hdma_adc1
 .bss.hcan      0x20000774       0x28 ./Core/Src/main.o
                0x20000774                hcan
 .bss.hi2c1     0x2000079c       0x54 ./Core/Src/main.o
                0x2000079c                hi2c1
 .bss.hspi1     0x200007f0       0x58 ./Core/Src/main.o
                0x200007f0                hspi1
 .bss.htim1     0x20000848       0x48 ./Core/Src/main.o
                0x20000848                htim1
 .bss.htim2     0x20000890       0x48 ./Core/Src/main.o
                0x20000890                htim2
 .bss.huart1    0x200008d8       0x48 ./Core/Src/main.o
                0x200008d8                huart1
 .bss.huart3    0x20000920       0x48 ./Core/Src/main.o
                0x20000920                huart3
 .bss.defaultTaskHandle
                0x20000968        0x4 ./Core/Src/main.o
                0x20000968                defaultTaskHandle
 .bss.Task_ButtonHandle
                0x2000096c        0x4 ./Core/Src/main.o
                0x2000096c                Task_ButtonHandle
 .bss.Task_Test_IRHandle
                0x20000970        0x4 ./Core/Src/main.o
                0x20000970                Task_Test_IRHandle
 .bss.Task_ADCHandle
                0x20000974        0x4 ./Core/Src/main.o
                0x20000974                Task_ADCHandle
 .bss.button_mesHandle
                0x20000978        0x4 ./Core/Src/main.o
                0x20000978                button_mesHandle
 .bss.timer_buzzerHandle
                0x2000097c        0x4 ./Core/Src/main.o
                0x2000097c                timer_buzzerHandle
 .bss.led_lockHandle
                0x20000980        0x4 ./Core/Src/main.o
                0x20000980                led_lockHandle
 .bss.myMutex02Handle
                0x20000984        0x4 ./Core/Src/main.o
                0x20000984                myMutex02Handle
 .bss.timer1_counter
                0x20000988        0x4 ./Core/Src/main.o
                0x20000988                timer1_counter
 .bss.adc_val   0x2000098c        0x8 ./Core/Src/main.o
                0x2000098c                adc_val
 .bss.adc_tag   0x20000994        0x4 ./Core/Src/main.o
                0x20000994                adc_tag
 .bss.sample    0x20000998        0x8 ./Core/Src/main.o
                0x20000998                sample
 .bss.adc_caculate
                0x200009a0      0x320 ./Core/Src/main.o
 .bss.sample_count
                0x20000cc0        0x2 ./Core/Src/main.o
 *fill*         0x20000cc2        0x2 
 .bss.Button_ok
                0x20000cc4        0xc ./Core/Src/main.o
                0x20000cc4                Button_ok
 .bss.Button_ng
                0x20000cd0        0xc ./Core/Src/main.o
                0x20000cd0                Button_ng
 .bss.product_value
                0x20000cdc        0x1 ./Core/Src/main.o
                0x20000cdc                product_value
 .bss.isNG_active.1
                0x20000cdd        0x1 ./Core/Src/main.o
 .bss.buzzer_state.0
                0x20000cde        0x1 ./Core/Src/main.o
 *fill*         0x20000cdf        0x1 
 .bss.uwTick    0x20000ce0        0x4 ./Drivers/STM32F1xx_HAL_Driver/Src/stm32f1xx_hal.o
                0x20000ce0                uwTick
 *fill*         0x20000ce4        0x4 
 .bss.pFlash    0x20000ce8       0x20 ./Drivers/STM32F1xx_HAL_Driver/Src/stm32f1xx_hal_flash.o
                0x20000ce8                pFlash
 .bss.xQueueRegistry
                0x20000d08       0x40 ./Middlewares/Third_Party/FreeRTOS/Source/queue.o
                0x20000d08                xQueueRegistry
 .bss.pxCurrentTCB
                0x20000d48        0x4 ./Middlewares/Third_Party/FreeRTOS/Source/tasks.o
                0x20000d48                pxCurrentTCB
 .bss.pxReadyTasksLists
                0x20000d4c       0x8c ./Middlewares/Third_Party/FreeRTOS/Source/tasks.o
 .bss.xDelayedTaskList1
                0x20000dd8       0x14 ./Middlewares/Third_Party/FreeRTOS/Source/tasks.o
 .bss.xDelayedTaskList2
                0x20000dec       0x14 ./Middlewares/Third_Party/FreeRTOS/Source/tasks.o
 .bss.pxDelayedTaskList
                0x20000e00        0x4 ./Middlewares/Third_Party/FreeRTOS/Source/tasks.o
 .bss.pxOverflowDelayedTaskList
                0x20000e04        0x4 ./Middlewares/Third_Party/FreeRTOS/Source/tasks.o
 .bss.xPendingReadyList
                0x20000e08       0x14 ./Middlewares/Third_Party/FreeRTOS/Source/tasks.o
 .bss.xTasksWaitingTermination
                0x20000e1c       0x14 ./Middlewares/Third_Party/FreeRTOS/Source/tasks.o
 .bss.uxDeletedTasksWaitingCleanUp
                0x20000e30        0x4 ./Middlewares/Third_Party/FreeRTOS/Source/tasks.o
 .bss.xSuspendedTaskList
                0x20000e34       0x14 ./Middlewares/Third_Party/FreeRTOS/Source/tasks.o
 .bss.uxCurrentNumberOfTasks
                0x20000e48        0x4 ./Middlewares/Third_Party/FreeRTOS/Source/tasks.o
 .bss.xTickCount
                0x20000e4c        0x4 ./Middlewares/Third_Party/FreeRTOS/Source/tasks.o
 .bss.uxTopReadyPriority
                0x20000e50        0x4 ./Middlewares/Third_Party/FreeRTOS/Source/tasks.o
 .bss.xSchedulerRunning
                0x20000e54        0x4 ./Middlewares/Third_Party/FreeRTOS/Source/tasks.o
 .bss.xPendedTicks
                0x20000e58        0x4 ./Middlewares/Third_Party/FreeRTOS/Source/tasks.o
 .bss.xYieldPending
                0x20000e5c        0x4 ./Middlewares/Third_Party/FreeRTOS/Source/tasks.o
 .bss.xNumOfOverflows
                0x20000e60        0x4 ./Middlewares/Third_Party/FreeRTOS/Source/tasks.o
 .bss.uxTaskNumber
                0x20000e64        0x4 ./Middlewares/Third_Party/FreeRTOS/Source/tasks.o
 .bss.xNextTaskUnblockTime
                0x20000e68        0x4 ./Middlewares/Third_Party/FreeRTOS/Source/tasks.o
 .bss.xIdleTaskHandle
                0x20000e6c        0x4 ./Middlewares/Third_Party/FreeRTOS/Source/tasks.o
 .bss.uxSchedulerSuspended
                0x20000e70        0x4 ./Middlewares/Third_Party/FreeRTOS/Source/tasks.o
 .bss.ulTaskSwitchedInTime
                0x20000e74        0x4 ./Middlewares/Third_Party/FreeRTOS/Source/tasks.o
 .bss.ulTotalRunTime
                0x20000e78        0x4 ./Middlewares/Third_Party/FreeRTOS/Source/tasks.o
 .bss.xActiveTimerList1
                0x20000e7c       0x14 ./Middlewares/Third_Party/FreeRTOS/Source/timers.o
 .bss.xActiveTimerList2
                0x20000e90       0x14 ./Middlewares/Third_Party/FreeRTOS/Source/timers.o
 .bss.pxCurrentTimerList
                0x20000ea4        0x4 ./Middlewares/Third_Party/FreeRTOS/Source/timers.o
 .bss.pxOverflowTimerList
                0x20000ea8        0x4 ./Middlewares/Third_Party/FreeRTOS/Source/timers.o
 .bss.xTimerQueue
                0x20000eac        0x4 ./Middlewares/Third_Party/FreeRTOS/Source/timers.o
 .bss.xTimerTaskHandle
                0x20000eb0        0x4 ./Middlewares/Third_Party/FreeRTOS/Source/timers.o
 .bss.xLastTime.2
                0x20000eb4        0x4 ./Middlewares/Third_Party/FreeRTOS/Source/timers.o
 .bss.ucStaticTimerQueueStorage.1
                0x20000eb8       0x78 ./Middlewares/Third_Party/FreeRTOS/Source/timers.o
 .bss.xStaticTimerQueue.0
                0x20000f30       0x50 ./Middlewares/Third_Party/FreeRTOS/Source/timers.o
 .bss.ucMaxSysCallPriority
                0x20000f80        0x1 ./Middlewares/Third_Party/FreeRTOS/Source/portable/GCC/ARM_CM3/port.o
 *fill*         0x20000f81        0x3 
 .bss.ulMaxPRIGROUPValue
                0x20000f84        0x4 ./Middlewares/Third_Party/FreeRTOS/Source/portable/GCC/ARM_CM3/port.o
 .bss.ucHeap    0x20000f88     0x2000 ./Middlewares/Third_Party/FreeRTOS/Source/portable/MemMang/heap_4.o
 .bss.xStart    0x20002f88        0x8 ./Middlewares/Third_Party/FreeRTOS/Source/portable/MemMang/heap_4.o
 .bss.pxEnd     0x20002f90        0x4 ./Middlewares/Third_Party/FreeRTOS/Source/portable/MemMang/heap_4.o
 .bss.xFreeBytesRemaining
                0x20002f94        0x4 ./Middlewares/Third_Party/FreeRTOS/Source/portable/MemMang/heap_4.o
 .bss.xMinimumEverFreeBytesRemaining
                0x20002f98        0x4 ./Middlewares/Third_Party/FreeRTOS/Source/portable/MemMang/heap_4.o
 .bss.xNumberOfSuccessfulAllocations
                0x20002f9c        0x4 ./Middlewares/Third_Party/FreeRTOS/Source/portable/MemMang/heap_4.o
 .bss.xNumberOfSuccessfulFrees
                0x20002fa0        0x4 ./Middlewares/Third_Party/FreeRTOS/Source/portable/MemMang/heap_4.o
 .bss.xBlockAllocatedBit
                0x20002fa4        0x4 ./Middlewares/Third_Party/FreeRTOS/Source/portable/MemMang/heap_4.o
 *(COMMON)
                0x20002fa8                        . = ALIGN (0x4)
                0x20002fa8                        _ebss = .
                0x20002fa8                        __bss_end__ = _ebss

._user_heap_stack
                0x20002fa8      0x600 load address 0x080083d0
                0x20002fa8                        . = ALIGN (0x8)
                [!provide]                        PROVIDE (end = .)
                0x20002fa8                        PROVIDE (_end = .)
                0x200031a8                        . = (. + _Min_Heap_Size)
 *fill*         0x20002fa8      0x200 
                0x200035a8                        . = (. + _Min_Stack_Size)
 *fill*         0x200031a8      0x400 
                0x200035a8                        . = ALIGN (0x8)

/DISCARD/
 libc.a(*)
 libm.a(*)
 libgcc.a(*)

.ARM.attributes
                0x00000000       0x29
 *(.ARM.attributes)
 .ARM.attributes
                0x00000000       0x1d D:/APP/ST/STM32CubeIDE_1.16.0/STM32CubeIDE/plugins/com.st.stm32cube.ide.mcu.externaltools.gnu-tools-for-stm32.12.3.rel1.win32_1.0.200.202406191623/tools/bin/../lib/gcc/arm-none-eabi/12.3.1/thumb/v7-m/nofp/crti.o
 .ARM.attributes
                0x0000001d       0x2d D:/APP/ST/STM32CubeIDE_1.16.0/STM32CubeIDE/plugins/com.st.stm32cube.ide.mcu.externaltools.gnu-tools-for-stm32.12.3.rel1.win32_1.0.200.202406191623/tools/bin/../lib/gcc/arm-none-eabi/12.3.1/thumb/v7-m/nofp/crtbegin.o
 .ARM.attributes
                0x0000004a       0x2d ./Core/Src/freertos.o
 .ARM.attributes
                0x00000077       0x2d ./Core/Src/handler_adc.o
 .ARM.attributes
                0x000000a4       0x2d ./Core/Src/handler_button.o
 .ARM.attributes
                0x000000d1       0x2d ./Core/Src/handler_delay.o
 .ARM.attributes
                0x000000fe       0x2d ./Core/Src/handler_flash.o
 .ARM.attributes
                0x0000012b       0x2d ./Core/Src/main.o
 .ARM.attributes
                0x00000158       0x2d ./Core/Src/stm32f1xx_hal_msp.o
 .ARM.attributes
                0x00000185       0x2d ./Core/Src/stm32f1xx_it.o
 .ARM.attributes
                0x000001b2       0x2d ./Core/Src/system_stm32f1xx.o
 .ARM.attributes
                0x000001df       0x21 ./Core/Startup/startup_stm32f103c8tx.o
 .ARM.attributes
                0x00000200       0x2d ./Drivers/STM32F1xx_HAL_Driver/Src/stm32f1xx_hal.o
 .ARM.attributes
                0x0000022d       0x2d ./Drivers/STM32F1xx_HAL_Driver/Src/stm32f1xx_hal_adc.o
 .ARM.attributes
                0x0000025a       0x2d ./Drivers/STM32F1xx_HAL_Driver/Src/stm32f1xx_hal_adc_ex.o
 .ARM.attributes
                0x00000287       0x2d ./Drivers/STM32F1xx_HAL_Driver/Src/stm32f1xx_hal_can.o
 .ARM.attributes
                0x000002b4       0x2d ./Drivers/STM32F1xx_HAL_Driver/Src/stm32f1xx_hal_cortex.o
 .ARM.attributes
                0x000002e1       0x2d ./Drivers/STM32F1xx_HAL_Driver/Src/stm32f1xx_hal_dma.o
 .ARM.attributes
                0x0000030e       0x2d ./Drivers/STM32F1xx_HAL_Driver/Src/stm32f1xx_hal_flash.o
 .ARM.attributes
                0x0000033b       0x2d ./Drivers/STM32F1xx_HAL_Driver/Src/stm32f1xx_hal_flash_ex.o
 .ARM.attributes
                0x00000368       0x2d ./Drivers/STM32F1xx_HAL_Driver/Src/stm32f1xx_hal_gpio.o
 .ARM.attributes
                0x00000395       0x2d ./Drivers/STM32F1xx_HAL_Driver/Src/stm32f1xx_hal_i2c.o
 .ARM.attributes
                0x000003c2       0x2d ./Drivers/STM32F1xx_HAL_Driver/Src/stm32f1xx_hal_rcc.o
 .ARM.attributes
                0x000003ef       0x2d ./Drivers/STM32F1xx_HAL_Driver/Src/stm32f1xx_hal_rcc_ex.o
 .ARM.attributes
                0x0000041c       0x2d ./Drivers/STM32F1xx_HAL_Driver/Src/stm32f1xx_hal_spi.o
 .ARM.attributes
                0x00000449       0x2d ./Drivers/STM32F1xx_HAL_Driver/Src/stm32f1xx_hal_tim.o
 .ARM.attributes
                0x00000476       0x2d ./Drivers/STM32F1xx_HAL_Driver/Src/stm32f1xx_hal_tim_ex.o
 .ARM.attributes
                0x000004a3       0x2d ./Drivers/STM32F1xx_HAL_Driver/Src/stm32f1xx_hal_uart.o
 .ARM.attributes
                0x000004d0       0x2d ./Middlewares/Third_Party/FreeRTOS/Source/CMSIS_RTOS/cmsis_os.o
 .ARM.attributes
                0x000004fd       0x2d ./Middlewares/Third_Party/FreeRTOS/Source/list.o
 .ARM.attributes
                0x0000052a       0x2d ./Middlewares/Third_Party/FreeRTOS/Source/queue.o
 .ARM.attributes
                0x00000557       0x2d ./Middlewares/Third_Party/FreeRTOS/Source/tasks.o
 .ARM.attributes
                0x00000584       0x2d ./Middlewares/Third_Party/FreeRTOS/Source/timers.o
 .ARM.attributes
                0x000005b1       0x2d ./Middlewares/Third_Party/FreeRTOS/Source/portable/GCC/ARM_CM3/port.o
 .ARM.attributes
                0x000005de       0x2d ./Middlewares/Third_Party/FreeRTOS/Source/portable/MemMang/heap_4.o
 .ARM.attributes
                0x0000060b       0x2d D:/APP/ST/STM32CubeIDE_1.16.0/STM32CubeIDE/plugins/com.st.stm32cube.ide.mcu.externaltools.gnu-tools-for-stm32.12.3.rel1.win32_1.0.200.202406191623/tools/bin/../lib/gcc/arm-none-eabi/12.3.1/../../../../arm-none-eabi/lib/thumb/v7-m/nofp\libc_nano.a(libc_a-memset.o)
 .ARM.attributes
                0x00000638       0x2d D:/APP/ST/STM32CubeIDE_1.16.0/STM32CubeIDE/plugins/com.st.stm32cube.ide.mcu.externaltools.gnu-tools-for-stm32.12.3.rel1.win32_1.0.200.202406191623/tools/bin/../lib/gcc/arm-none-eabi/12.3.1/../../../../arm-none-eabi/lib/thumb/v7-m/nofp\libc_nano.a(libc_a-init.o)
 .ARM.attributes
                0x00000665       0x2d D:/APP/ST/STM32CubeIDE_1.16.0/STM32CubeIDE/plugins/com.st.stm32cube.ide.mcu.externaltools.gnu-tools-for-stm32.12.3.rel1.win32_1.0.200.202406191623/tools/bin/../lib/gcc/arm-none-eabi/12.3.1/../../../../arm-none-eabi/lib/thumb/v7-m/nofp\libc_nano.a(libc_a-memcpy-stub.o)
 .ARM.attributes
                0x00000692       0x1d D:/APP/ST/STM32CubeIDE_1.16.0/STM32CubeIDE/plugins/com.st.stm32cube.ide.mcu.externaltools.gnu-tools-for-stm32.12.3.rel1.win32_1.0.200.202406191623/tools/bin/../lib/gcc/arm-none-eabi/12.3.1/thumb/v7-m/nofp/crtn.o
OUTPUT(IR_Fillter_RTOS.elf elf32-littlearm)
LOAD linker stubs
LOAD D:/APP/ST/STM32CubeIDE_1.16.0/STM32CubeIDE/plugins/com.st.stm32cube.ide.mcu.externaltools.gnu-tools-for-stm32.12.3.rel1.win32_1.0.200.202406191623/tools/bin/../lib/gcc/arm-none-eabi/12.3.1/../../../../arm-none-eabi/lib/thumb/v7-m/nofp\libc.a
LOAD D:/APP/ST/STM32CubeIDE_1.16.0/STM32CubeIDE/plugins/com.st.stm32cube.ide.mcu.externaltools.gnu-tools-for-stm32.12.3.rel1.win32_1.0.200.202406191623/tools/bin/../lib/gcc/arm-none-eabi/12.3.1/../../../../arm-none-eabi/lib/thumb/v7-m/nofp\libm.a
LOAD D:/APP/ST/STM32CubeIDE_1.16.0/STM32CubeIDE/plugins/com.st.stm32cube.ide.mcu.externaltools.gnu-tools-for-stm32.12.3.rel1.win32_1.0.200.202406191623/tools/bin/../lib/gcc/arm-none-eabi/12.3.1/thumb/v7-m/nofp\libgcc.a

.debug_info     0x00000000    0x1e0f4
 .debug_info    0x00000000      0x909 ./Core/Src/freertos.o
 .debug_info    0x00000909      0x499 ./Core/Src/handler_adc.o
 .debug_info    0x00000da2      0x2ad ./Core/Src/handler_button.o
 .debug_info    0x0000104f      0x13b ./Core/Src/handler_delay.o
 .debug_info    0x0000118a      0x24d ./Core/Src/handler_flash.o
 .debug_info    0x000013d7     0x2bb5 ./Core/Src/main.o
 .debug_info    0x00003f8c     0x1ade ./Core/Src/stm32f1xx_hal_msp.o
 .debug_info    0x00005a6a      0x94e ./Core/Src/stm32f1xx_it.o
 .debug_info    0x000063b8      0x222 ./Core/Src/system_stm32f1xx.o
 .debug_info    0x000065da       0x30 ./Core/Startup/startup_stm32f103c8tx.o
 .debug_info    0x0000660a      0x704 ./Drivers/STM32F1xx_HAL_Driver/Src/stm32f1xx_hal.o
 .debug_info    0x00006d0e      0xc50 ./Drivers/STM32F1xx_HAL_Driver/Src/stm32f1xx_hal_adc.o
 .debug_info    0x0000795e      0xa10 ./Drivers/STM32F1xx_HAL_Driver/Src/stm32f1xx_hal_adc_ex.o
 .debug_info    0x0000836e      0xf13 ./Drivers/STM32F1xx_HAL_Driver/Src/stm32f1xx_hal_can.o
 .debug_info    0x00009281      0xa87 ./Drivers/STM32F1xx_HAL_Driver/Src/stm32f1xx_hal_cortex.o
 .debug_info    0x00009d08      0x6d2 ./Drivers/STM32F1xx_HAL_Driver/Src/stm32f1xx_hal_dma.o
 .debug_info    0x0000a3da      0x4f8 ./Drivers/STM32F1xx_HAL_Driver/Src/stm32f1xx_hal_flash.o
 .debug_info    0x0000a8d2      0x777 ./Drivers/STM32F1xx_HAL_Driver/Src/stm32f1xx_hal_flash_ex.o
 .debug_info    0x0000b049      0x5ab ./Drivers/STM32F1xx_HAL_Driver/Src/stm32f1xx_hal_gpio.o
 .debug_info    0x0000b5f4     0x2524 ./Drivers/STM32F1xx_HAL_Driver/Src/stm32f1xx_hal_i2c.o
 .debug_info    0x0000db18      0x7d5 ./Drivers/STM32F1xx_HAL_Driver/Src/stm32f1xx_hal_rcc.o
 .debug_info    0x0000e2ed      0x3c0 ./Drivers/STM32F1xx_HAL_Driver/Src/stm32f1xx_hal_rcc_ex.o
 .debug_info    0x0000e6ad     0x142d ./Drivers/STM32F1xx_HAL_Driver/Src/stm32f1xx_hal_spi.o
 .debug_info    0x0000fada     0x2959 ./Drivers/STM32F1xx_HAL_Driver/Src/stm32f1xx_hal_tim.o
 .debug_info    0x00012433     0x149b ./Drivers/STM32F1xx_HAL_Driver/Src/stm32f1xx_hal_tim_ex.o
 .debug_info    0x000138ce     0x2eed ./Drivers/STM32F1xx_HAL_Driver/Src/stm32f1xx_hal_uart.o
 .debug_info    0x000167bb     0x1ca7 ./Middlewares/Third_Party/FreeRTOS/Source/CMSIS_RTOS/cmsis_os.o
 .debug_info    0x00018462      0x2af ./Middlewares/Third_Party/FreeRTOS/Source/list.o
 .debug_info    0x00018711     0x18f7 ./Middlewares/Third_Party/FreeRTOS/Source/queue.o
 .debug_info    0x0001a008     0x2488 ./Middlewares/Third_Party/FreeRTOS/Source/tasks.o
 .debug_info    0x0001c490     0x12fb ./Middlewares/Third_Party/FreeRTOS/Source/timers.o
 .debug_info    0x0001d78b      0x494 ./Middlewares/Third_Party/FreeRTOS/Source/portable/GCC/ARM_CM3/port.o
 .debug_info    0x0001dc1f      0x4d5 ./Middlewares/Third_Party/FreeRTOS/Source/portable/MemMang/heap_4.o

.debug_abbrev   0x00000000     0x4908
 .debug_abbrev  0x00000000      0x1e4 ./Core/Src/freertos.o
 .debug_abbrev  0x000001e4      0x181 ./Core/Src/handler_adc.o
 .debug_abbrev  0x00000365      0x14d ./Core/Src/handler_button.o
 .debug_abbrev  0x000004b2       0xac ./Core/Src/handler_delay.o
 .debug_abbrev  0x0000055e      0x15b ./Core/Src/handler_flash.o
 .debug_abbrev  0x000006b9      0x38f ./Core/Src/main.o
 .debug_abbrev  0x00000a48      0x2a1 ./Core/Src/stm32f1xx_hal_msp.o
 .debug_abbrev  0x00000ce9      0x1ce ./Core/Src/stm32f1xx_it.o
 .debug_abbrev  0x00000eb7      0x13f ./Core/Src/system_stm32f1xx.o
 .debug_abbrev  0x00000ff6       0x24 ./Core/Startup/startup_stm32f103c8tx.o
 .debug_abbrev  0x0000101a      0x201 ./Drivers/STM32F1xx_HAL_Driver/Src/stm32f1xx_hal.o
 .debug_abbrev  0x0000121b      0x225 ./Drivers/STM32F1xx_HAL_Driver/Src/stm32f1xx_hal_adc.o
 .debug_abbrev  0x00001440      0x249 ./Drivers/STM32F1xx_HAL_Driver/Src/stm32f1xx_hal_adc_ex.o
 .debug_abbrev  0x00001689      0x21c ./Drivers/STM32F1xx_HAL_Driver/Src/stm32f1xx_hal_can.o
 .debug_abbrev  0x000018a5      0x2f8 ./Drivers/STM32F1xx_HAL_Driver/Src/stm32f1xx_hal_cortex.o
 .debug_abbrev  0x00001b9d      0x20b ./Drivers/STM32F1xx_HAL_Driver/Src/stm32f1xx_hal_dma.o
 .debug_abbrev  0x00001da8      0x250 ./Drivers/STM32F1xx_HAL_Driver/Src/stm32f1xx_hal_flash.o
 .debug_abbrev  0x00001ff8      0x247 ./Drivers/STM32F1xx_HAL_Driver/Src/stm32f1xx_hal_flash_ex.o
 .debug_abbrev  0x0000223f      0x1ca ./Drivers/STM32F1xx_HAL_Driver/Src/stm32f1xx_hal_gpio.o
 .debug_abbrev  0x00002409      0x2a3 ./Drivers/STM32F1xx_HAL_Driver/Src/stm32f1xx_hal_i2c.o
 .debug_abbrev  0x000026ac      0x2b3 ./Drivers/STM32F1xx_HAL_Driver/Src/stm32f1xx_hal_rcc.o
 .debug_abbrev  0x0000295f      0x188 ./Drivers/STM32F1xx_HAL_Driver/Src/stm32f1xx_hal_rcc_ex.o
 .debug_abbrev  0x00002ae7      0x27a ./Drivers/STM32F1xx_HAL_Driver/Src/stm32f1xx_hal_spi.o
 .debug_abbrev  0x00002d61      0x277 ./Drivers/STM32F1xx_HAL_Driver/Src/stm32f1xx_hal_tim.o
 .debug_abbrev  0x00002fd8      0x282 ./Drivers/STM32F1xx_HAL_Driver/Src/stm32f1xx_hal_tim_ex.o
 .debug_abbrev  0x0000325a      0x2f8 ./Drivers/STM32F1xx_HAL_Driver/Src/stm32f1xx_hal_uart.o
 .debug_abbrev  0x00003552      0x3a7 ./Middlewares/Third_Party/FreeRTOS/Source/CMSIS_RTOS/cmsis_os.o
 .debug_abbrev  0x000038f9       0xf5 ./Middlewares/Third_Party/FreeRTOS/Source/list.o
 .debug_abbrev  0x000039ee      0x3b6 ./Middlewares/Third_Party/FreeRTOS/Source/queue.o
 .debug_abbrev  0x00003da4      0x39e ./Middlewares/Third_Party/FreeRTOS/Source/tasks.o
 .debug_abbrev  0x00004142      0x351 ./Middlewares/Third_Party/FreeRTOS/Source/timers.o
 .debug_abbrev  0x00004493      0x258 ./Middlewares/Third_Party/FreeRTOS/Source/portable/GCC/ARM_CM3/port.o
 .debug_abbrev  0x000046eb      0x21d ./Middlewares/Third_Party/FreeRTOS/Source/portable/MemMang/heap_4.o

.debug_aranges  0x00000000     0x1d20
 .debug_aranges
                0x00000000       0x38 ./Core/Src/freertos.o
 .debug_aranges
                0x00000038       0x58 ./Core/Src/handler_adc.o
 .debug_aranges
                0x00000090       0x30 ./Core/Src/handler_button.o
 .debug_aranges
                0x000000c0       0x20 ./Core/Src/handler_delay.o
 .debug_aranges
                0x000000e0       0x28 ./Core/Src/handler_flash.o
 .debug_aranges
                0x00000108       0xb8 ./Core/Src/main.o
 .debug_aranges
                0x000001c0       0x80 ./Core/Src/stm32f1xx_hal_msp.o
 .debug_aranges
                0x00000240       0x78 ./Core/Src/stm32f1xx_it.o
 .debug_aranges
                0x000002b8       0x28 ./Core/Src/system_stm32f1xx.o
 .debug_aranges
                0x000002e0       0x28 ./Core/Startup/startup_stm32f103c8tx.o
 .debug_aranges
                0x00000308       0xe0 ./Drivers/STM32F1xx_HAL_Driver/Src/stm32f1xx_hal.o
 .debug_aranges
                0x000003e8       0xf0 ./Drivers/STM32F1xx_HAL_Driver/Src/stm32f1xx_hal_adc.o
 .debug_aranges
                0x000004d8       0x80 ./Drivers/STM32F1xx_HAL_Driver/Src/stm32f1xx_hal_adc_ex.o
 .debug_aranges
                0x00000558      0x138 ./Drivers/STM32F1xx_HAL_Driver/Src/stm32f1xx_hal_can.o
 .debug_aranges
                0x00000690      0x100 ./Drivers/STM32F1xx_HAL_Driver/Src/stm32f1xx_hal_cortex.o
 .debug_aranges
                0x00000790       0x80 ./Drivers/STM32F1xx_HAL_Driver/Src/stm32f1xx_hal_dma.o
 .debug_aranges
                0x00000810       0x88 ./Drivers/STM32F1xx_HAL_Driver/Src/stm32f1xx_hal_flash.o
 .debug_aranges
                0x00000898       0x98 ./Drivers/STM32F1xx_HAL_Driver/Src/stm32f1xx_hal_flash_ex.o
 .debug_aranges
                0x00000930       0x58 ./Drivers/STM32F1xx_HAL_Driver/Src/stm32f1xx_hal_gpio.o
 .debug_aranges
                0x00000988      0x2a8 ./Drivers/STM32F1xx_HAL_Driver/Src/stm32f1xx_hal_i2c.o
 .debug_aranges
                0x00000c30       0x90 ./Drivers/STM32F1xx_HAL_Driver/Src/stm32f1xx_hal_rcc.o
 .debug_aranges
                0x00000cc0       0x30 ./Drivers/STM32F1xx_HAL_Driver/Src/stm32f1xx_hal_rcc_ex.o
 .debug_aranges
                0x00000cf0      0x1d0 ./Drivers/STM32F1xx_HAL_Driver/Src/stm32f1xx_hal_spi.o
 .debug_aranges
                0x00000ec0      0x3d0 ./Drivers/STM32F1xx_HAL_Driver/Src/stm32f1xx_hal_tim.o
 .debug_aranges
                0x00001290      0x168 ./Drivers/STM32F1xx_HAL_Driver/Src/stm32f1xx_hal_tim_ex.o
 .debug_aranges
                0x000013f8      0x208 ./Drivers/STM32F1xx_HAL_Driver/Src/stm32f1xx_hal_uart.o
 .debug_aranges
                0x00001600      0x1d8 ./Middlewares/Third_Party/FreeRTOS/Source/CMSIS_RTOS/cmsis_os.o
 .debug_aranges
                0x000017d8       0x40 ./Middlewares/Third_Party/FreeRTOS/Source/list.o
 .debug_aranges
                0x00001818      0x128 ./Middlewares/Third_Party/FreeRTOS/Source/queue.o
 .debug_aranges
                0x00001940      0x230 ./Middlewares/Third_Party/FreeRTOS/Source/tasks.o
 .debug_aranges
                0x00001b70       0xe0 ./Middlewares/Third_Party/FreeRTOS/Source/timers.o
 .debug_aranges
                0x00001c50       0x78 ./Middlewares/Third_Party/FreeRTOS/Source/portable/GCC/ARM_CM3/port.o
 .debug_aranges
                0x00001cc8       0x58 ./Middlewares/Third_Party/FreeRTOS/Source/portable/MemMang/heap_4.o

.debug_rnglists
                0x00000000     0x16cb
 .debug_rnglists
                0x00000000       0x25 ./Core/Src/freertos.o
 .debug_rnglists
                0x00000025       0x3f ./Core/Src/handler_adc.o
 .debug_rnglists
                0x00000064       0x20 ./Core/Src/handler_button.o
 .debug_rnglists
                0x00000084       0x1f ./Core/Src/handler_delay.o
 .debug_rnglists
                0x000000a3       0x19 ./Core/Src/handler_flash.o
 .debug_rnglists
                0x000000bc       0x8e ./Core/Src/main.o
 .debug_rnglists
                0x0000014a       0x60 ./Core/Src/stm32f1xx_hal_msp.o
 .debug_rnglists
                0x000001aa       0x55 ./Core/Src/stm32f1xx_it.o
 .debug_rnglists
                0x000001ff       0x1a ./Core/Src/system_stm32f1xx.o
 .debug_rnglists
                0x00000219       0x19 ./Core/Startup/startup_stm32f103c8tx.o
 .debug_rnglists
                0x00000232       0xa3 ./Drivers/STM32F1xx_HAL_Driver/Src/stm32f1xx_hal.o
 .debug_rnglists
                0x000002d5       0xbc ./Drivers/STM32F1xx_HAL_Driver/Src/stm32f1xx_hal_adc.o
 .debug_rnglists
                0x00000391       0x65 ./Drivers/STM32F1xx_HAL_Driver/Src/stm32f1xx_hal_adc_ex.o
 .debug_rnglists
                0x000003f6       0xed ./Drivers/STM32F1xx_HAL_Driver/Src/stm32f1xx_hal_can.o
 .debug_rnglists
                0x000004e3       0xbb ./Drivers/STM32F1xx_HAL_Driver/Src/stm32f1xx_hal_cortex.o
 .debug_rnglists
                0x0000059e       0x64 ./Drivers/STM32F1xx_HAL_Driver/Src/stm32f1xx_hal_dma.o
 .debug_rnglists
                0x00000602       0x66 ./Drivers/STM32F1xx_HAL_Driver/Src/stm32f1xx_hal_flash.o
 .debug_rnglists
                0x00000668       0x73 ./Drivers/STM32F1xx_HAL_Driver/Src/stm32f1xx_hal_flash_ex.o
 .debug_rnglists
                0x000006db       0x3f ./Drivers/STM32F1xx_HAL_Driver/Src/stm32f1xx_hal_gpio.o
 .debug_rnglists
                0x0000071a      0x23c ./Drivers/STM32F1xx_HAL_Driver/Src/stm32f1xx_hal_i2c.o
 .debug_rnglists
                0x00000956       0x6c ./Drivers/STM32F1xx_HAL_Driver/Src/stm32f1xx_hal_rcc.o
 .debug_rnglists
                0x000009c2       0x21 ./Drivers/STM32F1xx_HAL_Driver/Src/stm32f1xx_hal_rcc_ex.o
 .debug_rnglists
                0x000009e3      0x16e ./Drivers/STM32F1xx_HAL_Driver/Src/stm32f1xx_hal_spi.o
 .debug_rnglists
                0x00000b51      0x31a ./Drivers/STM32F1xx_HAL_Driver/Src/stm32f1xx_hal_tim.o
 .debug_rnglists
                0x00000e6b      0x125 ./Drivers/STM32F1xx_HAL_Driver/Src/stm32f1xx_hal_tim_ex.o
 .debug_rnglists
                0x00000f90      0x1bc ./Drivers/STM32F1xx_HAL_Driver/Src/stm32f1xx_hal_uart.o
 .debug_rnglists
                0x0000114c      0x16b ./Middlewares/Third_Party/FreeRTOS/Source/CMSIS_RTOS/cmsis_os.o
 .debug_rnglists
                0x000012b7       0x2b ./Middlewares/Third_Party/FreeRTOS/Source/list.o
 .debug_rnglists
                0x000012e2       0xe5 ./Middlewares/Third_Party/FreeRTOS/Source/queue.o
 .debug_rnglists
                0x000013c7      0x1bf ./Middlewares/Third_Party/FreeRTOS/Source/tasks.o
 .debug_rnglists
                0x00001586       0xac ./Middlewares/Third_Party/FreeRTOS/Source/timers.o
 .debug_rnglists
                0x00001632       0x57 ./Middlewares/Third_Party/FreeRTOS/Source/portable/GCC/ARM_CM3/port.o
 .debug_rnglists
                0x00001689       0x42 ./Middlewares/Third_Party/FreeRTOS/Source/portable/MemMang/heap_4.o

.debug_macro    0x00000000    0x1c0d4
 .debug_macro   0x00000000      0x24c ./Core/Src/freertos.o
 .debug_macro   0x0000024c      0xaa8 ./Core/Src/freertos.o
 .debug_macro   0x00000cf4      0x189 ./Core/Src/freertos.o
 .debug_macro   0x00000e7d       0x22 ./Core/Src/freertos.o
 .debug_macro   0x00000e9f       0x8e ./Core/Src/freertos.o
 .debug_macro   0x00000f2d       0x51 ./Core/Src/freertos.o
 .debug_macro   0x00000f7e      0x103 ./Core/Src/freertos.o
 .debug_macro   0x00001081       0x6a ./Core/Src/freertos.o
 .debug_macro   0x000010eb      0x1df ./Core/Src/freertos.o
 .debug_macro   0x000012ca      0x117 ./Core/Src/freertos.o
 .debug_macro   0x000013e1      0x15a ./Core/Src/freertos.o
 .debug_macro   0x0000153b       0xde ./Core/Src/freertos.o
 .debug_macro   0x00001619       0x1c ./Core/Src/freertos.o
 .debug_macro   0x00001635       0x26 ./Core/Src/freertos.o
 .debug_macro   0x0000165b      0x4e8 ./Core/Src/freertos.o
 .debug_macro   0x00001b43       0xb5 ./Core/Src/freertos.o
 .debug_macro   0x00001bf8       0xaa ./Core/Src/freertos.o
 .debug_macro   0x00001ca2      0x239 ./Core/Src/freertos.o
 .debug_macro   0x00001edb       0x2e ./Core/Src/freertos.o
 .debug_macro   0x00001f09       0x22 ./Core/Src/freertos.o
 .debug_macro   0x00001f2b       0x1c ./Core/Src/freertos.o
 .debug_macro   0x00001f47       0x22 ./Core/Src/freertos.o
 .debug_macro   0x00001f69       0xbd ./Core/Src/freertos.o
 .debug_macro   0x00002026      0xd23 ./Core/Src/freertos.o
 .debug_macro   0x00002d49     0xe09e ./Core/Src/freertos.o
 .debug_macro   0x00010de7       0x6d ./Core/Src/freertos.o
 .debug_macro   0x00010e54     0x34a2 ./Core/Src/freertos.o
 .debug_macro   0x000142f6       0x5c ./Core/Src/freertos.o
 .debug_macro   0x00014352      0x5bc ./Core/Src/freertos.o
 .debug_macro   0x0001490e      0x289 ./Core/Src/freertos.o
 .debug_macro   0x00014b97      0x1cb ./Core/Src/freertos.o
 .debug_macro   0x00014d62      0x114 ./Core/Src/freertos.o
 .debug_macro   0x00014e76      0x1b2 ./Core/Src/freertos.o
 .debug_macro   0x00015028       0x27 ./Core/Src/freertos.o
 .debug_macro   0x0001504f      0x136 ./Core/Src/freertos.o
 .debug_macro   0x00015185      0x1bc ./Core/Src/freertos.o
 .debug_macro   0x00015341       0x34 ./Core/Src/freertos.o
 .debug_macro   0x00015375       0x3c ./Core/Src/freertos.o
 .debug_macro   0x000153b1      0x408 ./Core/Src/freertos.o
 .debug_macro   0x000157b9       0x57 ./Core/Src/freertos.o
 .debug_macro   0x00015810      0x46a ./Core/Src/freertos.o
 .debug_macro   0x00015c7a      0x1b5 ./Core/Src/freertos.o
 .debug_macro   0x00015e2f       0x87 ./Core/Src/freertos.o
 .debug_macro   0x00015eb6      0x240 ./Core/Src/freertos.o
 .debug_macro   0x000160f6      0x287 ./Core/Src/freertos.o
 .debug_macro   0x0001637d      0x140 ./Core/Src/freertos.o
 .debug_macro   0x000164bd      0x217 ./Core/Src/freertos.o
 .debug_macro   0x000166d4      0x8ed ./Core/Src/freertos.o
 .debug_macro   0x00016fc1      0x28e ./Core/Src/freertos.o
 .debug_macro   0x0001724f       0x83 ./Core/Src/freertos.o
 .debug_macro   0x000172d2       0xdc ./Core/Src/freertos.o
 .debug_macro   0x000173ae      0x1f3 ./Core/Src/handler_adc.o
 .debug_macro   0x000175a1       0x22 ./Core/Src/handler_adc.o
 .debug_macro   0x000175c3      0x203 ./Core/Src/handler_button.o
 .debug_macro   0x000177c6       0x2e ./Core/Src/handler_button.o
 .debug_macro   0x000177f4       0x63 ./Core/Src/handler_delay.o
 .debug_macro   0x00017857      0x2a8 ./Core/Src/handler_flash.o
 .debug_macro   0x00017aff       0x16 ./Core/Src/handler_flash.o
 .debug_macro   0x00017b15      0x117 ./Core/Src/handler_flash.o
 .debug_macro   0x00017c2c       0x91 ./Core/Src/handler_flash.o
 .debug_macro   0x00017cbd       0x8d ./Core/Src/handler_flash.o
 .debug_macro   0x00017d4a       0x7e ./Core/Src/handler_flash.o
 .debug_macro   0x00017dc8       0xf2 ./Core/Src/handler_flash.o
 .debug_macro   0x00017eba      0x404 ./Core/Src/main.o
 .debug_macro   0x000182be       0x61 ./Core/Src/main.o
 .debug_macro   0x0001831f       0x24 ./Core/Src/main.o
 .debug_macro   0x00018343       0x43 ./Core/Src/main.o
 .debug_macro   0x00018386       0x34 ./Core/Src/main.o
 .debug_macro   0x000183ba       0x16 ./Core/Src/main.o
 .debug_macro   0x000183d0       0x35 ./Core/Src/main.o
 .debug_macro   0x00018405      0x369 ./Core/Src/main.o
 .debug_macro   0x0001876e       0x10 ./Core/Src/main.o
 .debug_macro   0x0001877e       0x16 ./Core/Src/main.o
 .debug_macro   0x00018794       0x43 ./Core/Src/main.o
 .debug_macro   0x000187d7       0x34 ./Core/Src/main.o
 .debug_macro   0x0001880b       0x10 ./Core/Src/main.o
 .debug_macro   0x0001881b       0x58 ./Core/Src/main.o
 .debug_macro   0x00018873       0x8e ./Core/Src/main.o
 .debug_macro   0x00018901       0x1c ./Core/Src/main.o
 .debug_macro   0x0001891d      0x177 ./Core/Src/main.o
 .debug_macro   0x00018a94       0x16 ./Core/Src/main.o
 .debug_macro   0x00018aaa       0x16 ./Core/Src/main.o
 .debug_macro   0x00018ac0      0x146 ./Core/Src/main.o
 .debug_macro   0x00018c06       0x16 ./Core/Src/main.o
 .debug_macro   0x00018c1c       0x20 ./Core/Src/main.o
 .debug_macro   0x00018c3c       0x16 ./Core/Src/main.o
 .debug_macro   0x00018c52       0x16 ./Core/Src/main.o
 .debug_macro   0x00018c68       0x29 ./Core/Src/main.o
 .debug_macro   0x00018c91       0x34 ./Core/Src/main.o
 .debug_macro   0x00018cc5       0x1c ./Core/Src/main.o
 .debug_macro   0x00018ce1      0x1e4 ./Core/Src/stm32f1xx_hal_msp.o
 .debug_macro   0x00018ec5      0x256 ./Core/Src/stm32f1xx_it.o
 .debug_macro   0x0001911b      0x1d5 ./Core/Src/system_stm32f1xx.o
 .debug_macro   0x000192f0      0x1f9 ./Drivers/STM32F1xx_HAL_Driver/Src/stm32f1xx_hal.o
 .debug_macro   0x000194e9      0x1f2 ./Drivers/STM32F1xx_HAL_Driver/Src/stm32f1xx_hal_adc.o
 .debug_macro   0x000196db      0x1e7 ./Drivers/STM32F1xx_HAL_Driver/Src/stm32f1xx_hal_adc_ex.o
 .debug_macro   0x000198c2      0x1e4 ./Drivers/STM32F1xx_HAL_Driver/Src/stm32f1xx_hal_can.o
 .debug_macro   0x00019aa6      0x1d5 ./Drivers/STM32F1xx_HAL_Driver/Src/stm32f1xx_hal_cortex.o
 .debug_macro   0x00019c7b      0x1d5 ./Drivers/STM32F1xx_HAL_Driver/Src/stm32f1xx_hal_dma.o
 .debug_macro   0x00019e50      0x1d5 ./Drivers/STM32F1xx_HAL_Driver/Src/stm32f1xx_hal_flash.o
 .debug_macro   0x0001a025      0x1e7 ./Drivers/STM32F1xx_HAL_Driver/Src/stm32f1xx_hal_flash_ex.o
 .debug_macro   0x0001a20c      0x240 ./Drivers/STM32F1xx_HAL_Driver/Src/stm32f1xx_hal_gpio.o
 .debug_macro   0x0001a44c      0x223 ./Drivers/STM32F1xx_HAL_Driver/Src/stm32f1xx_hal_i2c.o
 .debug_macro   0x0001a66f      0x1e7 ./Drivers/STM32F1xx_HAL_Driver/Src/stm32f1xx_hal_rcc.o
 .debug_macro   0x0001a856      0x1d5 ./Drivers/STM32F1xx_HAL_Driver/Src/stm32f1xx_hal_rcc_ex.o
 .debug_macro   0x0001aa2b      0x1dd ./Drivers/STM32F1xx_HAL_Driver/Src/stm32f1xx_hal_spi.o
 .debug_macro   0x0001ac08      0x1d6 ./Drivers/STM32F1xx_HAL_Driver/Src/stm32f1xx_hal_tim.o
 .debug_macro   0x0001adde      0x1d5 ./Drivers/STM32F1xx_HAL_Driver/Src/stm32f1xx_hal_tim_ex.o
 .debug_macro   0x0001afb3      0x1d6 ./Drivers/STM32F1xx_HAL_Driver/Src/stm32f1xx_hal_uart.o
 .debug_macro   0x0001b189      0x200 ./Middlewares/Third_Party/FreeRTOS/Source/CMSIS_RTOS/cmsis_os.o
 .debug_macro   0x0001b389       0x10 ./Middlewares/Third_Party/FreeRTOS/Source/CMSIS_RTOS/cmsis_os.o
 .debug_macro   0x0001b399       0xab ./Middlewares/Third_Party/FreeRTOS/Source/CMSIS_RTOS/cmsis_os.o
 .debug_macro   0x0001b444      0x187 ./Middlewares/Third_Party/FreeRTOS/Source/list.o
 .debug_macro   0x0001b5cb      0x216 ./Middlewares/Third_Party/FreeRTOS/Source/queue.o
 .debug_macro   0x0001b7e1       0x87 ./Middlewares/Third_Party/FreeRTOS/Source/queue.o
 .debug_macro   0x0001b868      0x2ad ./Middlewares/Third_Party/FreeRTOS/Source/tasks.o
 .debug_macro   0x0001bb15       0x10 ./Middlewares/Third_Party/FreeRTOS/Source/tasks.o
 .debug_macro   0x0001bb25       0x1c ./Middlewares/Third_Party/FreeRTOS/Source/tasks.o
 .debug_macro   0x0001bb41      0x1dc ./Middlewares/Third_Party/FreeRTOS/Source/timers.o
 .debug_macro   0x0001bd1d       0x97 ./Middlewares/Third_Party/FreeRTOS/Source/timers.o
 .debug_macro   0x0001bdb4      0x172 ./Middlewares/Third_Party/FreeRTOS/Source/portable/GCC/ARM_CM3/port.o
 .debug_macro   0x0001bf26      0x1ae ./Middlewares/Third_Party/FreeRTOS/Source/portable/MemMang/heap_4.o

.debug_line     0x00000000    0x228a7
 .debug_line    0x00000000      0x8da ./Core/Src/freertos.o
 .debug_line    0x000008da      0x9c8 ./Core/Src/handler_adc.o
 .debug_line    0x000012a2      0x870 ./Core/Src/handler_button.o
 .debug_line    0x00001b12      0x448 ./Core/Src/handler_delay.o
 .debug_line    0x00001f5a      0x96a ./Core/Src/handler_flash.o
 .debug_line    0x000028c4     0x1318 ./Core/Src/main.o
 .debug_line    0x00003bdc      0x9d5 ./Core/Src/stm32f1xx_hal_msp.o
 .debug_line    0x000045b1      0x9ad ./Core/Src/stm32f1xx_it.o
 .debug_line    0x00004f5e      0x809 ./Core/Src/system_stm32f1xx.o
 .debug_line    0x00005767       0x78 ./Core/Startup/startup_stm32f103c8tx.o
 .debug_line    0x000057df      0xa36 ./Drivers/STM32F1xx_HAL_Driver/Src/stm32f1xx_hal.o
 .debug_line    0x00006215     0x10b3 ./Drivers/STM32F1xx_HAL_Driver/Src/stm32f1xx_hal_adc.o
 .debug_line    0x000072c8      0xded ./Drivers/STM32F1xx_HAL_Driver/Src/stm32f1xx_hal_adc_ex.o
 .debug_line    0x000080b5     0x1218 ./Drivers/STM32F1xx_HAL_Driver/Src/stm32f1xx_hal_can.o
 .debug_line    0x000092cd      0xc22 ./Drivers/STM32F1xx_HAL_Driver/Src/stm32f1xx_hal_cortex.o
 .debug_line    0x00009eef      0xe8f ./Drivers/STM32F1xx_HAL_Driver/Src/stm32f1xx_hal_dma.o
 .debug_line    0x0000ad7e      0xb01 ./Drivers/STM32F1xx_HAL_Driver/Src/stm32f1xx_hal_flash.o
 .debug_line    0x0000b87f      0xbef ./Drivers/STM32F1xx_HAL_Driver/Src/stm32f1xx_hal_flash_ex.o
 .debug_line    0x0000c46e      0xacf ./Drivers/STM32F1xx_HAL_Driver/Src/stm32f1xx_hal_gpio.o
 .debug_line    0x0000cf3d     0x3cd3 ./Drivers/STM32F1xx_HAL_Driver/Src/stm32f1xx_hal_i2c.o
 .debug_line    0x00010c10      0xe3f ./Drivers/STM32F1xx_HAL_Driver/Src/stm32f1xx_hal_rcc.o
 .debug_line    0x00011a4f      0x980 ./Drivers/STM32F1xx_HAL_Driver/Src/stm32f1xx_hal_rcc_ex.o
 .debug_line    0x000123cf     0x1d5a ./Drivers/STM32F1xx_HAL_Driver/Src/stm32f1xx_hal_spi.o
 .debug_line    0x00014129     0x355b ./Drivers/STM32F1xx_HAL_Driver/Src/stm32f1xx_hal_tim.o
 .debug_line    0x00017684     0x1985 ./Drivers/STM32F1xx_HAL_Driver/Src/stm32f1xx_hal_tim_ex.o
 .debug_line    0x00019009     0x2915 ./Drivers/STM32F1xx_HAL_Driver/Src/stm32f1xx_hal_uart.o
 .debug_line    0x0001b91e     0x1320 ./Middlewares/Third_Party/FreeRTOS/Source/CMSIS_RTOS/cmsis_os.o
 .debug_line    0x0001cc3e      0x7a9 ./Middlewares/Third_Party/FreeRTOS/Source/list.o
 .debug_line    0x0001d3e7     0x15bc ./Middlewares/Third_Party/FreeRTOS/Source/queue.o
 .debug_line    0x0001e9a3     0x1fa9 ./Middlewares/Third_Party/FreeRTOS/Source/tasks.o
 .debug_line    0x0002094c      0xd9e ./Middlewares/Third_Party/FreeRTOS/Source/timers.o
 .debug_line    0x000216ea      0x7ea ./Middlewares/Third_Party/FreeRTOS/Source/portable/GCC/ARM_CM3/port.o
 .debug_line    0x00021ed4      0x9d3 ./Middlewares/Third_Party/FreeRTOS/Source/portable/MemMang/heap_4.o

.debug_str      0x00000000    0xa054b
 .debug_str     0x00000000    0x9130c ./Core/Src/freertos.o
                              0x91780 (size before relaxing)
 .debug_str     0x0009130c      0x173 ./Core/Src/handler_adc.o
                              0x8d379 (size before relaxing)
 .debug_str     0x0009147f      0x1cf ./Core/Src/handler_button.o
                              0x8d3bb (size before relaxing)
 .debug_str     0x0009164e       0xa6 ./Core/Src/handler_delay.o
                               0x3d57 (size before relaxing)
 .debug_str     0x000916f4     0x21a1 ./Core/Src/handler_flash.o
                              0x931f2 (size before relaxing)
 .debug_str     0x00093895     0x4fbe ./Core/Src/main.o
                              0x98ae2 (size before relaxing)
 .debug_str     0x00098853      0x182 ./Core/Src/stm32f1xx_hal_msp.o
                              0x8e57f (size before relaxing)
 .debug_str     0x000989d5      0x13b ./Core/Src/stm32f1xx_it.o
                              0x917a6 (size before relaxing)